Archive member included to satisfy reference by file (symbol)

c:/st/stm32cubeide_1.4.0/stm32cubeide/plugins/com.st.stm32cube.ide.mcu.externaltools.gnu-tools-for-stm32.7-2018-q2-update.win32_1.4.0.202007081208/tools/bin/../lib/gcc/arm-none-eabi/7.3.1/../../../../arm-none-eabi/lib/thumb/v7-m\libc_nano.a(lib_a-errno.o)
                              Src/syscalls.o (__errno)
c:/st/stm32cubeide_1.4.0/stm32cubeide/plugins/com.st.stm32cube.ide.mcu.externaltools.gnu-tools-for-stm32.7-2018-q2-update.win32_1.4.0.202007081208/tools/bin/../lib/gcc/arm-none-eabi/7.3.1/../../../../arm-none-eabi/lib/thumb/v7-m\libc_nano.a(lib_a-exit.o)
                              c:/st/stm32cubeide_1.4.0/stm32cubeide/plugins/com.st.stm32cube.ide.mcu.externaltools.gnu-tools-for-stm32.7-2018-q2-update.win32_1.4.0.202007081208/tools/bin/../lib/gcc/arm-none-eabi/7.3.1/../../../../arm-none-eabi/lib/thumb/v7-m/crt0.o (exit)
c:/st/stm32cubeide_1.4.0/stm32cubeide/plugins/com.st.stm32cube.ide.mcu.externaltools.gnu-tools-for-stm32.7-2018-q2-update.win32_1.4.0.202007081208/tools/bin/../lib/gcc/arm-none-eabi/7.3.1/../../../../arm-none-eabi/lib/thumb/v7-m\libc_nano.a(lib_a-impure.o)
                              c:/st/stm32cubeide_1.4.0/stm32cubeide/plugins/com.st.stm32cube.ide.mcu.externaltools.gnu-tools-for-stm32.7-2018-q2-update.win32_1.4.0.202007081208/tools/bin/../lib/gcc/arm-none-eabi/7.3.1/../../../../arm-none-eabi/lib/thumb/v7-m\libc_nano.a(lib_a-exit.o) (_global_impure_ptr)
c:/st/stm32cubeide_1.4.0/stm32cubeide/plugins/com.st.stm32cube.ide.mcu.externaltools.gnu-tools-for-stm32.7-2018-q2-update.win32_1.4.0.202007081208/tools/bin/../lib/gcc/arm-none-eabi/7.3.1/../../../../arm-none-eabi/lib/thumb/v7-m\libc_nano.a(lib_a-init.o)
                              c:/st/stm32cubeide_1.4.0/stm32cubeide/plugins/com.st.stm32cube.ide.mcu.externaltools.gnu-tools-for-stm32.7-2018-q2-update.win32_1.4.0.202007081208/tools/bin/../lib/gcc/arm-none-eabi/7.3.1/../../../../arm-none-eabi/lib/thumb/v7-m/crt0.o (__libc_init_array)
c:/st/stm32cubeide_1.4.0/stm32cubeide/plugins/com.st.stm32cube.ide.mcu.externaltools.gnu-tools-for-stm32.7-2018-q2-update.win32_1.4.0.202007081208/tools/bin/../lib/gcc/arm-none-eabi/7.3.1/../../../../arm-none-eabi/lib/thumb/v7-m\libc_nano.a(lib_a-memset.o)
                              c:/st/stm32cubeide_1.4.0/stm32cubeide/plugins/com.st.stm32cube.ide.mcu.externaltools.gnu-tools-for-stm32.7-2018-q2-update.win32_1.4.0.202007081208/tools/bin/../lib/gcc/arm-none-eabi/7.3.1/../../../../arm-none-eabi/lib/thumb/v7-m/crt0.o (memset)

Allocating common symbols
Common symbol       size              file

pincfg_Key          0x4               HAL/Keypad.o
GP_IRQ_CALL         0x3c              stm32_f103c6_Drivers/stm32_f103c6_EXTI.o

Discarded input sections

 .text          0x0000000000000000        0x0 c:/st/stm32cubeide_1.4.0/stm32cubeide/plugins/com.st.stm32cube.ide.mcu.externaltools.gnu-tools-for-stm32.7-2018-q2-update.win32_1.4.0.202007081208/tools/bin/../lib/gcc/arm-none-eabi/7.3.1/thumb/v7-m/crti.o
 .data          0x0000000000000000        0x0 c:/st/stm32cubeide_1.4.0/stm32cubeide/plugins/com.st.stm32cube.ide.mcu.externaltools.gnu-tools-for-stm32.7-2018-q2-update.win32_1.4.0.202007081208/tools/bin/../lib/gcc/arm-none-eabi/7.3.1/thumb/v7-m/crti.o
 .bss           0x0000000000000000        0x0 c:/st/stm32cubeide_1.4.0/stm32cubeide/plugins/com.st.stm32cube.ide.mcu.externaltools.gnu-tools-for-stm32.7-2018-q2-update.win32_1.4.0.202007081208/tools/bin/../lib/gcc/arm-none-eabi/7.3.1/thumb/v7-m/crti.o
 .data          0x0000000000000000        0x4 c:/st/stm32cubeide_1.4.0/stm32cubeide/plugins/com.st.stm32cube.ide.mcu.externaltools.gnu-tools-for-stm32.7-2018-q2-update.win32_1.4.0.202007081208/tools/bin/../lib/gcc/arm-none-eabi/7.3.1/thumb/v7-m/crtbegin.o
 .text          0x0000000000000000       0x74 c:/st/stm32cubeide_1.4.0/stm32cubeide/plugins/com.st.stm32cube.ide.mcu.externaltools.gnu-tools-for-stm32.7-2018-q2-update.win32_1.4.0.202007081208/tools/bin/../lib/gcc/arm-none-eabi/7.3.1/../../../../arm-none-eabi/lib/thumb/v7-m/crt0.o
 .data          0x0000000000000000        0x0 c:/st/stm32cubeide_1.4.0/stm32cubeide/plugins/com.st.stm32cube.ide.mcu.externaltools.gnu-tools-for-stm32.7-2018-q2-update.win32_1.4.0.202007081208/tools/bin/../lib/gcc/arm-none-eabi/7.3.1/../../../../arm-none-eabi/lib/thumb/v7-m/crt0.o
 .bss           0x0000000000000000        0x0 c:/st/stm32cubeide_1.4.0/stm32cubeide/plugins/com.st.stm32cube.ide.mcu.externaltools.gnu-tools-for-stm32.7-2018-q2-update.win32_1.4.0.202007081208/tools/bin/../lib/gcc/arm-none-eabi/7.3.1/../../../../arm-none-eabi/lib/thumb/v7-m/crt0.o
 .ARM.extab     0x0000000000000000        0x0 c:/st/stm32cubeide_1.4.0/stm32cubeide/plugins/com.st.stm32cube.ide.mcu.externaltools.gnu-tools-for-stm32.7-2018-q2-update.win32_1.4.0.202007081208/tools/bin/../lib/gcc/arm-none-eabi/7.3.1/../../../../arm-none-eabi/lib/thumb/v7-m/crt0.o
 .ARM.exidx     0x0000000000000000        0x8 c:/st/stm32cubeide_1.4.0/stm32cubeide/plugins/com.st.stm32cube.ide.mcu.externaltools.gnu-tools-for-stm32.7-2018-q2-update.win32_1.4.0.202007081208/tools/bin/../lib/gcc/arm-none-eabi/7.3.1/../../../../arm-none-eabi/lib/thumb/v7-m/crt0.o
 .ARM.attributes
                0x0000000000000000       0x1b c:/st/stm32cubeide_1.4.0/stm32cubeide/plugins/com.st.stm32cube.ide.mcu.externaltools.gnu-tools-for-stm32.7-2018-q2-update.win32_1.4.0.202007081208/tools/bin/../lib/gcc/arm-none-eabi/7.3.1/../../../../arm-none-eabi/lib/thumb/v7-m/crt0.o
 .group         0x0000000000000000        0xc HAL/Keypad.o
 .group         0x0000000000000000        0xc HAL/Keypad.o
 .group         0x0000000000000000        0xc HAL/Keypad.o
 .group         0x0000000000000000        0xc HAL/Keypad.o
 .group         0x0000000000000000        0xc HAL/Keypad.o
 .group         0x0000000000000000        0xc HAL/Keypad.o
 .group         0x0000000000000000        0xc HAL/Keypad.o
 .group         0x0000000000000000        0xc HAL/Keypad.o
 .group         0x0000000000000000        0xc HAL/Keypad.o
 .group         0x0000000000000000        0xc HAL/Keypad.o
 .group         0x0000000000000000        0xc HAL/Keypad.o
 .group         0x0000000000000000        0xc HAL/Keypad.o
 .group         0x0000000000000000        0xc HAL/Keypad.o
 .group         0x0000000000000000        0xc HAL/Keypad.o
 .group         0x0000000000000000        0xc HAL/Keypad.o
 .group         0x0000000000000000        0xc HAL/Keypad.o
 .group         0x0000000000000000        0xc HAL/Keypad.o
 .group         0x0000000000000000        0xc HAL/Keypad.o
 .group         0x0000000000000000        0xc HAL/Keypad.o
 .group         0x0000000000000000        0xc HAL/Keypad.o
 .group         0x0000000000000000        0xc HAL/Keypad.o
 .group         0x0000000000000000        0xc HAL/Keypad.o
 .group         0x0000000000000000        0xc HAL/Keypad.o
 .group         0x0000000000000000        0xc HAL/Keypad.o
 .group         0x0000000000000000        0xc HAL/Keypad.o
 .text          0x0000000000000000        0x0 HAL/Keypad.o
 .data          0x0000000000000000        0x0 HAL/Keypad.o
 .bss           0x0000000000000000        0x0 HAL/Keypad.o
 .data.keypad   0x0000000000000000       0x10 HAL/Keypad.o
 .data.Keypad_Row
                0x0000000000000000        0x8 HAL/Keypad.o
 .data.Keypad_Col
                0x0000000000000000        0x8 HAL/Keypad.o
 .text.keypad_init
                0x0000000000000000       0xcc HAL/Keypad.o
 .text.keypad_getkey
                0x0000000000000000       0xc0 HAL/Keypad.o
 .debug_info    0x0000000000000000      0xb34 HAL/Keypad.o
 .debug_abbrev  0x0000000000000000      0x1aa HAL/Keypad.o
 .debug_loc     0x0000000000000000       0x7c HAL/Keypad.o
 .debug_aranges
                0x0000000000000000       0x28 HAL/Keypad.o
 .debug_ranges  0x0000000000000000       0x18 HAL/Keypad.o
 .debug_macro   0x0000000000000000      0x158 HAL/Keypad.o
 .debug_macro   0x0000000000000000      0xa60 HAL/Keypad.o
 .debug_macro   0x0000000000000000       0x22 HAL/Keypad.o
 .debug_macro   0x0000000000000000       0x8e HAL/Keypad.o
 .debug_macro   0x0000000000000000       0x51 HAL/Keypad.o
 .debug_macro   0x0000000000000000       0xef HAL/Keypad.o
 .debug_macro   0x0000000000000000       0x6a HAL/Keypad.o
 .debug_macro   0x0000000000000000      0x1df HAL/Keypad.o
 .debug_macro   0x0000000000000000       0x18 HAL/Keypad.o
 .debug_macro   0x0000000000000000       0x46 HAL/Keypad.o
 .debug_macro   0x0000000000000000       0x3c HAL/Keypad.o
 .debug_macro   0x0000000000000000       0x34 HAL/Keypad.o
 .debug_macro   0x0000000000000000       0x16 HAL/Keypad.o
 .debug_macro   0x0000000000000000      0x10e HAL/Keypad.o
 .debug_macro   0x0000000000000000       0x8d HAL/Keypad.o
 .debug_macro   0x0000000000000000       0x52 HAL/Keypad.o
 .debug_macro   0x0000000000000000       0x1f HAL/Keypad.o
 .debug_macro   0x0000000000000000       0x43 HAL/Keypad.o
 .debug_macro   0x0000000000000000       0x20 HAL/Keypad.o
 .debug_macro   0x0000000000000000      0x1a3 HAL/Keypad.o
 .debug_macro   0x0000000000000000      0x330 HAL/Keypad.o
 .debug_macro   0x0000000000000000       0x16 HAL/Keypad.o
 .debug_macro   0x0000000000000000       0x29 HAL/Keypad.o
 .debug_macro   0x0000000000000000      0x1a1 HAL/Keypad.o
 .debug_macro   0x0000000000000000       0xd0 HAL/Keypad.o
 .debug_macro   0x0000000000000000       0x3a HAL/Keypad.o
 .debug_line    0x0000000000000000      0x5f3 HAL/Keypad.o
 .debug_str     0x0000000000000000     0x7c29 HAL/Keypad.o
 .comment       0x0000000000000000       0x7c HAL/Keypad.o
 .debug_frame   0x0000000000000000       0x50 HAL/Keypad.o
 .ARM.attributes
                0x0000000000000000       0x33 HAL/Keypad.o
 COMMON         0x0000000000000000        0x4 HAL/Keypad.o
 .group         0x0000000000000000        0xc HAL/LCD.o
 .group         0x0000000000000000        0xc HAL/LCD.o
 .group         0x0000000000000000        0xc HAL/LCD.o
 .group         0x0000000000000000        0xc HAL/LCD.o
 .group         0x0000000000000000        0xc HAL/LCD.o
 .group         0x0000000000000000        0xc HAL/LCD.o
 .group         0x0000000000000000        0xc HAL/LCD.o
 .group         0x0000000000000000        0xc HAL/LCD.o
 .group         0x0000000000000000        0xc HAL/LCD.o
 .group         0x0000000000000000        0xc HAL/LCD.o
 .group         0x0000000000000000        0xc HAL/LCD.o
 .group         0x0000000000000000        0xc HAL/LCD.o
 .group         0x0000000000000000        0xc HAL/LCD.o
 .group         0x0000000000000000        0xc HAL/LCD.o
 .group         0x0000000000000000        0xc HAL/LCD.o
 .group         0x0000000000000000        0xc HAL/LCD.o
 .group         0x0000000000000000        0xc HAL/LCD.o
 .group         0x0000000000000000        0xc HAL/LCD.o
 .group         0x0000000000000000        0xc HAL/LCD.o
 .group         0x0000000000000000        0xc HAL/LCD.o
 .group         0x0000000000000000        0xc HAL/LCD.o
 .group         0x0000000000000000        0xc HAL/LCD.o
 .group         0x0000000000000000        0xc HAL/LCD.o
 .group         0x0000000000000000        0xc HAL/LCD.o
 .group         0x0000000000000000        0xc HAL/LCD.o
 .text          0x0000000000000000        0x0 HAL/LCD.o
 .data          0x0000000000000000        0x0 HAL/LCD.o
 .bss           0x0000000000000000        0x0 HAL/LCD.o
 .debug_macro   0x0000000000000000      0xa60 HAL/LCD.o
 .debug_macro   0x0000000000000000       0x22 HAL/LCD.o
 .debug_macro   0x0000000000000000       0x8e HAL/LCD.o
 .debug_macro   0x0000000000000000       0x51 HAL/LCD.o
 .debug_macro   0x0000000000000000       0xef HAL/LCD.o
 .debug_macro   0x0000000000000000       0x6a HAL/LCD.o
 .debug_macro   0x0000000000000000      0x1df HAL/LCD.o
 .debug_macro   0x0000000000000000       0x18 HAL/LCD.o
 .debug_macro   0x0000000000000000       0x46 HAL/LCD.o
 .debug_macro   0x0000000000000000       0x3c HAL/LCD.o
 .debug_macro   0x0000000000000000       0x34 HAL/LCD.o
 .debug_macro   0x0000000000000000       0x16 HAL/LCD.o
 .debug_macro   0x0000000000000000      0x10e HAL/LCD.o
 .debug_macro   0x0000000000000000       0x8d HAL/LCD.o
 .debug_macro   0x0000000000000000       0x52 HAL/LCD.o
 .debug_macro   0x0000000000000000       0x1f HAL/LCD.o
 .debug_macro   0x0000000000000000       0x43 HAL/LCD.o
 .debug_macro   0x0000000000000000       0x20 HAL/LCD.o
 .debug_macro   0x0000000000000000      0x1a3 HAL/LCD.o
 .debug_macro   0x0000000000000000      0x330 HAL/LCD.o
 .debug_macro   0x0000000000000000       0x16 HAL/LCD.o
 .debug_macro   0x0000000000000000       0x29 HAL/LCD.o
 .debug_macro   0x0000000000000000      0x1a1 HAL/LCD.o
 .debug_macro   0x0000000000000000       0xd0 HAL/LCD.o
 .group         0x0000000000000000        0xc Src/main.o
 .group         0x0000000000000000        0xc Src/main.o
 .group         0x0000000000000000        0xc Src/main.o
 .group         0x0000000000000000        0xc Src/main.o
 .group         0x0000000000000000        0xc Src/main.o
 .group         0x0000000000000000        0xc Src/main.o
 .group         0x0000000000000000        0xc Src/main.o
 .group         0x0000000000000000        0xc Src/main.o
 .group         0x0000000000000000        0xc Src/main.o
 .group         0x0000000000000000        0xc Src/main.o
 .group         0x0000000000000000        0xc Src/main.o
 .group         0x0000000000000000        0xc Src/main.o
 .group         0x0000000000000000        0xc Src/main.o
 .group         0x0000000000000000        0xc Src/main.o
 .group         0x0000000000000000        0xc Src/main.o
 .group         0x0000000000000000        0xc Src/main.o
 .group         0x0000000000000000        0xc Src/main.o
 .group         0x0000000000000000        0xc Src/main.o
 .group         0x0000000000000000        0xc Src/main.o
 .group         0x0000000000000000        0xc Src/main.o
 .group         0x0000000000000000        0xc Src/main.o
 .group         0x0000000000000000        0xc Src/main.o
 .group         0x0000000000000000        0xc Src/main.o
 .group         0x0000000000000000        0xc Src/main.o
 .group         0x0000000000000000        0xc Src/main.o
 .group         0x0000000000000000        0xc Src/main.o
 .group         0x0000000000000000        0xc Src/main.o
 .text          0x0000000000000000        0x0 Src/main.o
 .data          0x0000000000000000        0x0 Src/main.o
 .bss           0x0000000000000000        0x0 Src/main.o
 .debug_macro   0x0000000000000000      0xa60 Src/main.o
 .debug_macro   0x0000000000000000       0x22 Src/main.o
 .debug_macro   0x0000000000000000       0x8e Src/main.o
 .debug_macro   0x0000000000000000       0x51 Src/main.o
 .debug_macro   0x0000000000000000       0xef Src/main.o
 .debug_macro   0x0000000000000000       0x6a Src/main.o
 .debug_macro   0x0000000000000000      0x1df Src/main.o
 .debug_macro   0x0000000000000000       0x18 Src/main.o
 .debug_macro   0x0000000000000000       0x46 Src/main.o
 .debug_macro   0x0000000000000000       0x3c Src/main.o
 .debug_macro   0x0000000000000000       0x34 Src/main.o
 .debug_macro   0x0000000000000000       0x16 Src/main.o
 .debug_macro   0x0000000000000000      0x10e Src/main.o
 .debug_macro   0x0000000000000000       0x8d Src/main.o
 .debug_macro   0x0000000000000000       0x52 Src/main.o
 .debug_macro   0x0000000000000000       0x1f Src/main.o
 .debug_macro   0x0000000000000000       0x43 Src/main.o
 .debug_macro   0x0000000000000000       0x20 Src/main.o
 .debug_macro   0x0000000000000000      0x1a3 Src/main.o
 .debug_macro   0x0000000000000000      0x330 Src/main.o
 .debug_macro   0x0000000000000000       0x16 Src/main.o
 .debug_macro   0x0000000000000000       0x29 Src/main.o
 .debug_macro   0x0000000000000000      0x1a1 Src/main.o
 .debug_macro   0x0000000000000000       0xd0 Src/main.o
 .group         0x0000000000000000        0xc Src/syscalls.o
 .group         0x0000000000000000        0xc Src/syscalls.o
 .group         0x0000000000000000        0xc Src/syscalls.o
 .group         0x0000000000000000        0xc Src/syscalls.o
 .group         0x0000000000000000        0xc Src/syscalls.o
 .group         0x0000000000000000        0xc Src/syscalls.o
 .group         0x0000000000000000        0xc Src/syscalls.o
 .group         0x0000000000000000        0xc Src/syscalls.o
 .group         0x0000000000000000        0xc Src/syscalls.o
 .group         0x0000000000000000        0xc Src/syscalls.o
 .group         0x0000000000000000        0xc Src/syscalls.o
 .group         0x0000000000000000        0xc Src/syscalls.o
 .group         0x0000000000000000        0xc Src/syscalls.o
 .group         0x0000000000000000        0xc Src/syscalls.o
 .group         0x0000000000000000        0xc Src/syscalls.o
 .group         0x0000000000000000        0xc Src/syscalls.o
 .group         0x0000000000000000        0xc Src/syscalls.o
 .group         0x0000000000000000        0xc Src/syscalls.o
 .group         0x0000000000000000        0xc Src/syscalls.o
 .group         0x0000000000000000        0xc Src/syscalls.o
 .group         0x0000000000000000        0xc Src/syscalls.o
 .group         0x0000000000000000        0xc Src/syscalls.o
 .group         0x0000000000000000        0xc Src/syscalls.o
 .group         0x0000000000000000        0xc Src/syscalls.o
 .group         0x0000000000000000        0xc Src/syscalls.o
 .group         0x0000000000000000        0xc Src/syscalls.o
 .group         0x0000000000000000        0xc Src/syscalls.o
 .group         0x0000000000000000        0xc Src/syscalls.o
 .group         0x0000000000000000        0xc Src/syscalls.o
 .group         0x0000000000000000        0xc Src/syscalls.o
 .group         0x0000000000000000        0xc Src/syscalls.o
 .group         0x0000000000000000        0xc Src/syscalls.o
 .group         0x0000000000000000        0xc Src/syscalls.o
 .group         0x0000000000000000        0xc Src/syscalls.o
 .group         0x0000000000000000        0xc Src/syscalls.o
 .group         0x0000000000000000        0xc Src/syscalls.o
 .group         0x0000000000000000        0xc Src/syscalls.o
 .group         0x0000000000000000        0xc Src/syscalls.o
 .group         0x0000000000000000        0xc Src/syscalls.o
 .group         0x0000000000000000        0xc Src/syscalls.o
 .group         0x0000000000000000        0xc Src/syscalls.o
 .group         0x0000000000000000        0xc Src/syscalls.o
 .group         0x0000000000000000        0xc Src/syscalls.o
 .group         0x0000000000000000        0xc Src/syscalls.o
 .text          0x0000000000000000        0x0 Src/syscalls.o
 .data          0x0000000000000000        0x0 Src/syscalls.o
 .bss           0x0000000000000000        0x0 Src/syscalls.o
 .bss.__env     0x0000000000000000        0x4 Src/syscalls.o
 .data.environ  0x0000000000000000        0x4 Src/syscalls.o
 .text.initialise_monitor_handles
                0x0000000000000000        0xc Src/syscalls.o
 .text._getpid  0x0000000000000000        0xe Src/syscalls.o
 .text._kill    0x0000000000000000       0x20 Src/syscalls.o
 .text._exit    0x0000000000000000       0x14 Src/syscalls.o
 .text._read    0x0000000000000000       0x3a Src/syscalls.o
 .text._write   0x0000000000000000       0x38 Src/syscalls.o
 .text._close   0x0000000000000000       0x16 Src/syscalls.o
 .text._fstat   0x0000000000000000       0x1e Src/syscalls.o
 .text._isatty  0x0000000000000000       0x14 Src/syscalls.o
 .text._lseek   0x0000000000000000       0x18 Src/syscalls.o
 .text._open    0x0000000000000000       0x1a Src/syscalls.o
 .text._wait    0x0000000000000000       0x1e Src/syscalls.o
 .text._unlink  0x0000000000000000       0x1e Src/syscalls.o
 .text._times   0x0000000000000000       0x16 Src/syscalls.o
 .text._stat    0x0000000000000000       0x1e Src/syscalls.o
 .text._link    0x0000000000000000       0x20 Src/syscalls.o
 .text._fork    0x0000000000000000       0x16 Src/syscalls.o
 .text._execve  0x0000000000000000       0x22 Src/syscalls.o
 .debug_info    0x0000000000000000     0x1038 Src/syscalls.o
 .debug_abbrev  0x0000000000000000      0x254 Src/syscalls.o
 .debug_loc     0x0000000000000000      0x5b8 Src/syscalls.o
 .debug_aranges
                0x0000000000000000       0xa8 Src/syscalls.o
 .debug_ranges  0x0000000000000000       0x98 Src/syscalls.o
 .debug_macro   0x0000000000000000      0x243 Src/syscalls.o
 .debug_macro   0x0000000000000000      0xa60 Src/syscalls.o
 .debug_macro   0x0000000000000000       0x22 Src/syscalls.o
 .debug_macro   0x0000000000000000       0x40 Src/syscalls.o
 .debug_macro   0x0000000000000000       0x18 Src/syscalls.o
 .debug_macro   0x0000000000000000       0x94 Src/syscalls.o
 .debug_macro   0x0000000000000000       0x3c Src/syscalls.o
 .debug_macro   0x0000000000000000       0x34 Src/syscalls.o
 .debug_macro   0x0000000000000000       0x57 Src/syscalls.o
 .debug_macro   0x0000000000000000      0x174 Src/syscalls.o
 .debug_macro   0x0000000000000000      0x330 Src/syscalls.o
 .debug_macro   0x0000000000000000       0x52 Src/syscalls.o
 .debug_macro   0x0000000000000000       0x1f Src/syscalls.o
 .debug_macro   0x0000000000000000       0x43 Src/syscalls.o
 .debug_macro   0x0000000000000000       0x20 Src/syscalls.o
 .debug_macro   0x0000000000000000      0x1a3 Src/syscalls.o
 .debug_macro   0x0000000000000000       0x10 Src/syscalls.o
 .debug_macro   0x0000000000000000       0x35 Src/syscalls.o
 .debug_macro   0x0000000000000000       0x10 Src/syscalls.o
 .debug_macro   0x0000000000000000       0x10 Src/syscalls.o
 .debug_macro   0x0000000000000000       0x10 Src/syscalls.o
 .debug_macro   0x0000000000000000       0x6a Src/syscalls.o
 .debug_macro   0x0000000000000000       0x1c Src/syscalls.o
 .debug_macro   0x0000000000000000       0x52 Src/syscalls.o
 .debug_macro   0x0000000000000000       0x40 Src/syscalls.o
 .debug_macro   0x0000000000000000       0x10 Src/syscalls.o
 .debug_macro   0x0000000000000000       0x40 Src/syscalls.o
 .debug_macro   0x0000000000000000       0xd7 Src/syscalls.o
 .debug_macro   0x0000000000000000       0x1c Src/syscalls.o
 .debug_macro   0x0000000000000000       0x3d Src/syscalls.o
 .debug_macro   0x0000000000000000       0x35 Src/syscalls.o
 .debug_macro   0x0000000000000000      0x122 Src/syscalls.o
 .debug_macro   0x0000000000000000       0x16 Src/syscalls.o
 .debug_macro   0x0000000000000000       0x16 Src/syscalls.o
 .debug_macro   0x0000000000000000       0x29 Src/syscalls.o
 .debug_macro   0x0000000000000000       0x10 Src/syscalls.o
 .debug_macro   0x0000000000000000      0x241 Src/syscalls.o
 .debug_macro   0x0000000000000000       0x1c Src/syscalls.o
 .debug_macro   0x0000000000000000       0x10 Src/syscalls.o
 .debug_macro   0x0000000000000000       0x10 Src/syscalls.o
 .debug_macro   0x0000000000000000       0x16 Src/syscalls.o
 .debug_macro   0x0000000000000000      0x145 Src/syscalls.o
 .debug_macro   0x0000000000000000      0x189 Src/syscalls.o
 .debug_macro   0x0000000000000000       0x16 Src/syscalls.o
 .debug_macro   0x0000000000000000       0x88 Src/syscalls.o
 .debug_line    0x0000000000000000      0x739 Src/syscalls.o
 .debug_str     0x0000000000000000     0x887e Src/syscalls.o
 .comment       0x0000000000000000       0x7c Src/syscalls.o
 .debug_frame   0x0000000000000000      0x2ac Src/syscalls.o
 .ARM.attributes
                0x0000000000000000       0x33 Src/syscalls.o
 .group         0x0000000000000000        0xc Src/sysmem.o
 .group         0x0000000000000000        0xc Src/sysmem.o
 .group         0x0000000000000000        0xc Src/sysmem.o
 .group         0x0000000000000000        0xc Src/sysmem.o
 .group         0x0000000000000000        0xc Src/sysmem.o
 .group         0x0000000000000000        0xc Src/sysmem.o
 .group         0x0000000000000000        0xc Src/sysmem.o
 .group         0x0000000000000000        0xc Src/sysmem.o
 .group         0x0000000000000000        0xc Src/sysmem.o
 .group         0x0000000000000000        0xc Src/sysmem.o
 .group         0x0000000000000000        0xc Src/sysmem.o
 .group         0x0000000000000000        0xc Src/sysmem.o
 .group         0x0000000000000000        0xc Src/sysmem.o
 .group         0x0000000000000000        0xc Src/sysmem.o
 .group         0x0000000000000000        0xc Src/sysmem.o
 .group         0x0000000000000000        0xc Src/sysmem.o
 .group         0x0000000000000000        0xc Src/sysmem.o
 .group         0x0000000000000000        0xc Src/sysmem.o
 .group         0x0000000000000000        0xc Src/sysmem.o
 .text          0x0000000000000000        0x0 Src/sysmem.o
 .data          0x0000000000000000        0x0 Src/sysmem.o
 .bss           0x0000000000000000        0x0 Src/sysmem.o
 .bss.__sbrk_heap_end
                0x0000000000000000        0x4 Src/sysmem.o
 .text._sbrk    0x0000000000000000       0x6c Src/sysmem.o
 .debug_info    0x0000000000000000      0xa7c Src/sysmem.o
 .debug_abbrev  0x0000000000000000      0x18e Src/sysmem.o
 .debug_loc     0x0000000000000000       0x50 Src/sysmem.o
 .debug_aranges
                0x0000000000000000       0x20 Src/sysmem.o
 .debug_ranges  0x0000000000000000       0x10 Src/sysmem.o
 .debug_macro   0x0000000000000000       0xee Src/sysmem.o
 .debug_macro   0x0000000000000000      0xa60 Src/sysmem.o
 .debug_macro   0x0000000000000000       0x10 Src/sysmem.o
 .debug_macro   0x0000000000000000       0x22 Src/sysmem.o
 .debug_macro   0x0000000000000000       0x40 Src/sysmem.o
 .debug_macro   0x0000000000000000       0x18 Src/sysmem.o
 .debug_macro   0x0000000000000000       0x94 Src/sysmem.o
 .debug_macro   0x0000000000000000       0x3c Src/sysmem.o
 .debug_macro   0x0000000000000000       0x34 Src/sysmem.o
 .debug_macro   0x0000000000000000      0x174 Src/sysmem.o
 .debug_macro   0x0000000000000000       0x57 Src/sysmem.o
 .debug_macro   0x0000000000000000       0x52 Src/sysmem.o
 .debug_macro   0x0000000000000000       0x1f Src/sysmem.o
 .debug_macro   0x0000000000000000       0x43 Src/sysmem.o
 .debug_macro   0x0000000000000000       0x20 Src/sysmem.o
 .debug_macro   0x0000000000000000      0x1a3 Src/sysmem.o
 .debug_macro   0x0000000000000000      0x23b Src/sysmem.o
 .debug_macro   0x0000000000000000       0xef Src/sysmem.o
 .debug_macro   0x0000000000000000       0x6a Src/sysmem.o
 .debug_macro   0x0000000000000000      0x1df Src/sysmem.o
 .debug_line    0x0000000000000000      0x4c2 Src/sysmem.o
 .debug_str     0x0000000000000000     0x5f4c Src/sysmem.o
 .comment       0x0000000000000000       0x7c Src/sysmem.o
 .debug_frame   0x0000000000000000       0x34 Src/sysmem.o
 .ARM.attributes
                0x0000000000000000       0x33 Src/sysmem.o
 .text          0x0000000000000000       0x14 Startup/startup_stm32f103c6tx.o
 .data          0x0000000000000000        0x0 Startup/startup_stm32f103c6tx.o
 .bss           0x0000000000000000        0x0 Startup/startup_stm32f103c6tx.o
 .group         0x0000000000000000        0xc stm32_f103c6_Drivers/stm32_f103c6_EXTI.o
 .group         0x0000000000000000        0xc stm32_f103c6_Drivers/stm32_f103c6_EXTI.o
 .group         0x0000000000000000        0xc stm32_f103c6_Drivers/stm32_f103c6_EXTI.o
 .group         0x0000000000000000        0xc stm32_f103c6_Drivers/stm32_f103c6_EXTI.o
 .group         0x0000000000000000        0xc stm32_f103c6_Drivers/stm32_f103c6_EXTI.o
 .group         0x0000000000000000        0xc stm32_f103c6_Drivers/stm32_f103c6_EXTI.o
 .group         0x0000000000000000        0xc stm32_f103c6_Drivers/stm32_f103c6_EXTI.o
 .group         0x0000000000000000        0xc stm32_f103c6_Drivers/stm32_f103c6_EXTI.o
 .group         0x0000000000000000        0xc stm32_f103c6_Drivers/stm32_f103c6_EXTI.o
 .group         0x0000000000000000        0xc stm32_f103c6_Drivers/stm32_f103c6_EXTI.o
 .group         0x0000000000000000        0xc stm32_f103c6_Drivers/stm32_f103c6_EXTI.o
 .group         0x0000000000000000        0xc stm32_f103c6_Drivers/stm32_f103c6_EXTI.o
 .group         0x0000000000000000        0xc stm32_f103c6_Drivers/stm32_f103c6_EXTI.o
 .group         0x0000000000000000        0xc stm32_f103c6_Drivers/stm32_f103c6_EXTI.o
 .group         0x0000000000000000        0xc stm32_f103c6_Drivers/stm32_f103c6_EXTI.o
 .group         0x0000000000000000        0xc stm32_f103c6_Drivers/stm32_f103c6_EXTI.o
 .group         0x0000000000000000        0xc stm32_f103c6_Drivers/stm32_f103c6_EXTI.o
 .group         0x0000000000000000        0xc stm32_f103c6_Drivers/stm32_f103c6_EXTI.o
 .group         0x0000000000000000        0xc stm32_f103c6_Drivers/stm32_f103c6_EXTI.o
 .group         0x0000000000000000        0xc stm32_f103c6_Drivers/stm32_f103c6_EXTI.o
 .group         0x0000000000000000        0xc stm32_f103c6_Drivers/stm32_f103c6_EXTI.o
 .group         0x0000000000000000        0xc stm32_f103c6_Drivers/stm32_f103c6_EXTI.o
 .group         0x0000000000000000        0xc stm32_f103c6_Drivers/stm32_f103c6_EXTI.o
 .group         0x0000000000000000        0xc stm32_f103c6_Drivers/stm32_f103c6_EXTI.o
 .group         0x0000000000000000        0xc stm32_f103c6_Drivers/stm32_f103c6_EXTI.o
 .text          0x0000000000000000        0x0 stm32_f103c6_Drivers/stm32_f103c6_EXTI.o
 .data          0x0000000000000000        0x0 stm32_f103c6_Drivers/stm32_f103c6_EXTI.o
 .bss           0x0000000000000000        0x0 stm32_f103c6_Drivers/stm32_f103c6_EXTI.o
 .text.MCAL_EXTI_GPIO_DeInit
                0x0000000000000000       0x94 stm32_f103c6_Drivers/stm32_f103c6_EXTI.o
 .text.MCAL_EXTI_GPIO_Update
                0x0000000000000000       0x16 stm32_f103c6_Drivers/stm32_f103c6_EXTI.o
 .debug_macro   0x0000000000000000      0xa60 stm32_f103c6_Drivers/stm32_f103c6_EXTI.o
 .debug_macro   0x0000000000000000       0x22 stm32_f103c6_Drivers/stm32_f103c6_EXTI.o
 .debug_macro   0x0000000000000000       0x8e stm32_f103c6_Drivers/stm32_f103c6_EXTI.o
 .debug_macro   0x0000000000000000       0x51 stm32_f103c6_Drivers/stm32_f103c6_EXTI.o
 .debug_macro   0x0000000000000000       0xef stm32_f103c6_Drivers/stm32_f103c6_EXTI.o
 .debug_macro   0x0000000000000000       0x6a stm32_f103c6_Drivers/stm32_f103c6_EXTI.o
 .debug_macro   0x0000000000000000      0x1df stm32_f103c6_Drivers/stm32_f103c6_EXTI.o
 .debug_macro   0x0000000000000000       0x18 stm32_f103c6_Drivers/stm32_f103c6_EXTI.o
 .debug_macro   0x0000000000000000       0x46 stm32_f103c6_Drivers/stm32_f103c6_EXTI.o
 .debug_macro   0x0000000000000000       0x3c stm32_f103c6_Drivers/stm32_f103c6_EXTI.o
 .debug_macro   0x0000000000000000       0x34 stm32_f103c6_Drivers/stm32_f103c6_EXTI.o
 .debug_macro   0x0000000000000000       0x16 stm32_f103c6_Drivers/stm32_f103c6_EXTI.o
 .debug_macro   0x0000000000000000      0x10e stm32_f103c6_Drivers/stm32_f103c6_EXTI.o
 .debug_macro   0x0000000000000000       0x8d stm32_f103c6_Drivers/stm32_f103c6_EXTI.o
 .debug_macro   0x0000000000000000       0x52 stm32_f103c6_Drivers/stm32_f103c6_EXTI.o
 .debug_macro   0x0000000000000000       0x1f stm32_f103c6_Drivers/stm32_f103c6_EXTI.o
 .debug_macro   0x0000000000000000       0x43 stm32_f103c6_Drivers/stm32_f103c6_EXTI.o
 .debug_macro   0x0000000000000000       0x20 stm32_f103c6_Drivers/stm32_f103c6_EXTI.o
 .debug_macro   0x0000000000000000      0x1a3 stm32_f103c6_Drivers/stm32_f103c6_EXTI.o
 .debug_macro   0x0000000000000000      0x330 stm32_f103c6_Drivers/stm32_f103c6_EXTI.o
 .debug_macro   0x0000000000000000       0x16 stm32_f103c6_Drivers/stm32_f103c6_EXTI.o
 .debug_macro   0x0000000000000000       0x29 stm32_f103c6_Drivers/stm32_f103c6_EXTI.o
 .debug_macro   0x0000000000000000      0x1a1 stm32_f103c6_Drivers/stm32_f103c6_EXTI.o
 .group         0x0000000000000000        0xc stm32_f103c6_Drivers/stm32_f103c6_GPIO.o
 .group         0x0000000000000000        0xc stm32_f103c6_Drivers/stm32_f103c6_GPIO.o
 .group         0x0000000000000000        0xc stm32_f103c6_Drivers/stm32_f103c6_GPIO.o
 .group         0x0000000000000000        0xc stm32_f103c6_Drivers/stm32_f103c6_GPIO.o
 .group         0x0000000000000000        0xc stm32_f103c6_Drivers/stm32_f103c6_GPIO.o
 .group         0x0000000000000000        0xc stm32_f103c6_Drivers/stm32_f103c6_GPIO.o
 .group         0x0000000000000000        0xc stm32_f103c6_Drivers/stm32_f103c6_GPIO.o
 .group         0x0000000000000000        0xc stm32_f103c6_Drivers/stm32_f103c6_GPIO.o
 .group         0x0000000000000000        0xc stm32_f103c6_Drivers/stm32_f103c6_GPIO.o
 .group         0x0000000000000000        0xc stm32_f103c6_Drivers/stm32_f103c6_GPIO.o
 .group         0x0000000000000000        0xc stm32_f103c6_Drivers/stm32_f103c6_GPIO.o
 .group         0x0000000000000000        0xc stm32_f103c6_Drivers/stm32_f103c6_GPIO.o
 .group         0x0000000000000000        0xc stm32_f103c6_Drivers/stm32_f103c6_GPIO.o
 .group         0x0000000000000000        0xc stm32_f103c6_Drivers/stm32_f103c6_GPIO.o
 .group         0x0000000000000000        0xc stm32_f103c6_Drivers/stm32_f103c6_GPIO.o
 .group         0x0000000000000000        0xc stm32_f103c6_Drivers/stm32_f103c6_GPIO.o
 .group         0x0000000000000000        0xc stm32_f103c6_Drivers/stm32_f103c6_GPIO.o
 .group         0x0000000000000000        0xc stm32_f103c6_Drivers/stm32_f103c6_GPIO.o
 .group         0x0000000000000000        0xc stm32_f103c6_Drivers/stm32_f103c6_GPIO.o
 .group         0x0000000000000000        0xc stm32_f103c6_Drivers/stm32_f103c6_GPIO.o
 .group         0x0000000000000000        0xc stm32_f103c6_Drivers/stm32_f103c6_GPIO.o
 .group         0x0000000000000000        0xc stm32_f103c6_Drivers/stm32_f103c6_GPIO.o
 .group         0x0000000000000000        0xc stm32_f103c6_Drivers/stm32_f103c6_GPIO.o
 .group         0x0000000000000000        0xc stm32_f103c6_Drivers/stm32_f103c6_GPIO.o
 .text          0x0000000000000000        0x0 stm32_f103c6_Drivers/stm32_f103c6_GPIO.o
 .data          0x0000000000000000        0x0 stm32_f103c6_Drivers/stm32_f103c6_GPIO.o
 .bss           0x0000000000000000        0x0 stm32_f103c6_Drivers/stm32_f103c6_GPIO.o
 .text.MCAL_GPIO_DeInit
                0x0000000000000000       0xd4 stm32_f103c6_Drivers/stm32_f103c6_GPIO.o
 .text.MCAL_GPIO_ReadPin
                0x0000000000000000       0x2e stm32_f103c6_Drivers/stm32_f103c6_GPIO.o
 .text.MCAL_GPIO_ReadPort
                0x0000000000000000       0x1a stm32_f103c6_Drivers/stm32_f103c6_GPIO.o
 .text.MCAL_GPIO_TogglePin
                0x0000000000000000       0x22 stm32_f103c6_Drivers/stm32_f103c6_GPIO.o
 .text.MCAL_GPIO_LockPin
                0x0000000000000000       0x52 stm32_f103c6_Drivers/stm32_f103c6_GPIO.o
 .debug_macro   0x0000000000000000      0xa60 stm32_f103c6_Drivers/stm32_f103c6_GPIO.o
 .debug_macro   0x0000000000000000       0x22 stm32_f103c6_Drivers/stm32_f103c6_GPIO.o
 .debug_macro   0x0000000000000000       0x8e stm32_f103c6_Drivers/stm32_f103c6_GPIO.o
 .debug_macro   0x0000000000000000       0x51 stm32_f103c6_Drivers/stm32_f103c6_GPIO.o
 .debug_macro   0x0000000000000000       0xef stm32_f103c6_Drivers/stm32_f103c6_GPIO.o
 .debug_macro   0x0000000000000000       0x6a stm32_f103c6_Drivers/stm32_f103c6_GPIO.o
 .debug_macro   0x0000000000000000      0x1df stm32_f103c6_Drivers/stm32_f103c6_GPIO.o
 .debug_macro   0x0000000000000000       0x18 stm32_f103c6_Drivers/stm32_f103c6_GPIO.o
 .debug_macro   0x0000000000000000       0x46 stm32_f103c6_Drivers/stm32_f103c6_GPIO.o
 .debug_macro   0x0000000000000000       0x3c stm32_f103c6_Drivers/stm32_f103c6_GPIO.o
 .debug_macro   0x0000000000000000       0x34 stm32_f103c6_Drivers/stm32_f103c6_GPIO.o
 .debug_macro   0x0000000000000000       0x16 stm32_f103c6_Drivers/stm32_f103c6_GPIO.o
 .debug_macro   0x0000000000000000      0x10e stm32_f103c6_Drivers/stm32_f103c6_GPIO.o
 .debug_macro   0x0000000000000000       0x8d stm32_f103c6_Drivers/stm32_f103c6_GPIO.o
 .debug_macro   0x0000000000000000       0x52 stm32_f103c6_Drivers/stm32_f103c6_GPIO.o
 .debug_macro   0x0000000000000000       0x1f stm32_f103c6_Drivers/stm32_f103c6_GPIO.o
 .debug_macro   0x0000000000000000       0x43 stm32_f103c6_Drivers/stm32_f103c6_GPIO.o
 .debug_macro   0x0000000000000000       0x20 stm32_f103c6_Drivers/stm32_f103c6_GPIO.o
 .debug_macro   0x0000000000000000      0x1a3 stm32_f103c6_Drivers/stm32_f103c6_GPIO.o
 .debug_macro   0x0000000000000000      0x330 stm32_f103c6_Drivers/stm32_f103c6_GPIO.o
 .debug_macro   0x0000000000000000       0x16 stm32_f103c6_Drivers/stm32_f103c6_GPIO.o
 .debug_macro   0x0000000000000000       0x29 stm32_f103c6_Drivers/stm32_f103c6_GPIO.o
 .debug_macro   0x0000000000000000      0x1a1 stm32_f103c6_Drivers/stm32_f103c6_GPIO.o
 .debug_macro   0x0000000000000000       0xd0 stm32_f103c6_Drivers/stm32_f103c6_GPIO.o
 .text          0x0000000000000000        0x0 c:/st/stm32cubeide_1.4.0/stm32cubeide/plugins/com.st.stm32cube.ide.mcu.externaltools.gnu-tools-for-stm32.7-2018-q2-update.win32_1.4.0.202007081208/tools/bin/../lib/gcc/arm-none-eabi/7.3.1/../../../../arm-none-eabi/lib/thumb/v7-m\libc_nano.a(lib_a-errno.o)
 .data          0x0000000000000000        0x0 c:/st/stm32cubeide_1.4.0/stm32cubeide/plugins/com.st.stm32cube.ide.mcu.externaltools.gnu-tools-for-stm32.7-2018-q2-update.win32_1.4.0.202007081208/tools/bin/../lib/gcc/arm-none-eabi/7.3.1/../../../../arm-none-eabi/lib/thumb/v7-m\libc_nano.a(lib_a-errno.o)
 .bss           0x0000000000000000        0x0 c:/st/stm32cubeide_1.4.0/stm32cubeide/plugins/com.st.stm32cube.ide.mcu.externaltools.gnu-tools-for-stm32.7-2018-q2-update.win32_1.4.0.202007081208/tools/bin/../lib/gcc/arm-none-eabi/7.3.1/../../../../arm-none-eabi/lib/thumb/v7-m\libc_nano.a(lib_a-errno.o)
 .text.__errno  0x0000000000000000        0xc c:/st/stm32cubeide_1.4.0/stm32cubeide/plugins/com.st.stm32cube.ide.mcu.externaltools.gnu-tools-for-stm32.7-2018-q2-update.win32_1.4.0.202007081208/tools/bin/../lib/gcc/arm-none-eabi/7.3.1/../../../../arm-none-eabi/lib/thumb/v7-m\libc_nano.a(lib_a-errno.o)
 .debug_frame   0x0000000000000000       0x20 c:/st/stm32cubeide_1.4.0/stm32cubeide/plugins/com.st.stm32cube.ide.mcu.externaltools.gnu-tools-for-stm32.7-2018-q2-update.win32_1.4.0.202007081208/tools/bin/../lib/gcc/arm-none-eabi/7.3.1/../../../../arm-none-eabi/lib/thumb/v7-m\libc_nano.a(lib_a-errno.o)
 .ARM.attributes
                0x0000000000000000       0x2d c:/st/stm32cubeide_1.4.0/stm32cubeide/plugins/com.st.stm32cube.ide.mcu.externaltools.gnu-tools-for-stm32.7-2018-q2-update.win32_1.4.0.202007081208/tools/bin/../lib/gcc/arm-none-eabi/7.3.1/../../../../arm-none-eabi/lib/thumb/v7-m\libc_nano.a(lib_a-errno.o)
 .text          0x0000000000000000        0x0 c:/st/stm32cubeide_1.4.0/stm32cubeide/plugins/com.st.stm32cube.ide.mcu.externaltools.gnu-tools-for-stm32.7-2018-q2-update.win32_1.4.0.202007081208/tools/bin/../lib/gcc/arm-none-eabi/7.3.1/../../../../arm-none-eabi/lib/thumb/v7-m\libc_nano.a(lib_a-exit.o)
 .data          0x0000000000000000        0x0 c:/st/stm32cubeide_1.4.0/stm32cubeide/plugins/com.st.stm32cube.ide.mcu.externaltools.gnu-tools-for-stm32.7-2018-q2-update.win32_1.4.0.202007081208/tools/bin/../lib/gcc/arm-none-eabi/7.3.1/../../../../arm-none-eabi/lib/thumb/v7-m\libc_nano.a(lib_a-exit.o)
 .bss           0x0000000000000000        0x0 c:/st/stm32cubeide_1.4.0/stm32cubeide/plugins/com.st.stm32cube.ide.mcu.externaltools.gnu-tools-for-stm32.7-2018-q2-update.win32_1.4.0.202007081208/tools/bin/../lib/gcc/arm-none-eabi/7.3.1/../../../../arm-none-eabi/lib/thumb/v7-m\libc_nano.a(lib_a-exit.o)
 .text.exit     0x0000000000000000       0x28 c:/st/stm32cubeide_1.4.0/stm32cubeide/plugins/com.st.stm32cube.ide.mcu.externaltools.gnu-tools-for-stm32.7-2018-q2-update.win32_1.4.0.202007081208/tools/bin/../lib/gcc/arm-none-eabi/7.3.1/../../../../arm-none-eabi/lib/thumb/v7-m\libc_nano.a(lib_a-exit.o)
 .debug_frame   0x0000000000000000       0x28 c:/st/stm32cubeide_1.4.0/stm32cubeide/plugins/com.st.stm32cube.ide.mcu.externaltools.gnu-tools-for-stm32.7-2018-q2-update.win32_1.4.0.202007081208/tools/bin/../lib/gcc/arm-none-eabi/7.3.1/../../../../arm-none-eabi/lib/thumb/v7-m\libc_nano.a(lib_a-exit.o)
 .ARM.attributes
                0x0000000000000000       0x2d c:/st/stm32cubeide_1.4.0/stm32cubeide/plugins/com.st.stm32cube.ide.mcu.externaltools.gnu-tools-for-stm32.7-2018-q2-update.win32_1.4.0.202007081208/tools/bin/../lib/gcc/arm-none-eabi/7.3.1/../../../../arm-none-eabi/lib/thumb/v7-m\libc_nano.a(lib_a-exit.o)
 .text          0x0000000000000000        0x0 c:/st/stm32cubeide_1.4.0/stm32cubeide/plugins/com.st.stm32cube.ide.mcu.externaltools.gnu-tools-for-stm32.7-2018-q2-update.win32_1.4.0.202007081208/tools/bin/../lib/gcc/arm-none-eabi/7.3.1/../../../../arm-none-eabi/lib/thumb/v7-m\libc_nano.a(lib_a-impure.o)
 .data          0x0000000000000000        0x0 c:/st/stm32cubeide_1.4.0/stm32cubeide/plugins/com.st.stm32cube.ide.mcu.externaltools.gnu-tools-for-stm32.7-2018-q2-update.win32_1.4.0.202007081208/tools/bin/../lib/gcc/arm-none-eabi/7.3.1/../../../../arm-none-eabi/lib/thumb/v7-m\libc_nano.a(lib_a-impure.o)
 .bss           0x0000000000000000        0x0 c:/st/stm32cubeide_1.4.0/stm32cubeide/plugins/com.st.stm32cube.ide.mcu.externaltools.gnu-tools-for-stm32.7-2018-q2-update.win32_1.4.0.202007081208/tools/bin/../lib/gcc/arm-none-eabi/7.3.1/../../../../arm-none-eabi/lib/thumb/v7-m\libc_nano.a(lib_a-impure.o)
 .data._impure_ptr
                0x0000000000000000        0x4 c:/st/stm32cubeide_1.4.0/stm32cubeide/plugins/com.st.stm32cube.ide.mcu.externaltools.gnu-tools-for-stm32.7-2018-q2-update.win32_1.4.0.202007081208/tools/bin/../lib/gcc/arm-none-eabi/7.3.1/../../../../arm-none-eabi/lib/thumb/v7-m\libc_nano.a(lib_a-impure.o)
 .data.impure_data
                0x0000000000000000       0x60 c:/st/stm32cubeide_1.4.0/stm32cubeide/plugins/com.st.stm32cube.ide.mcu.externaltools.gnu-tools-for-stm32.7-2018-q2-update.win32_1.4.0.202007081208/tools/bin/../lib/gcc/arm-none-eabi/7.3.1/../../../../arm-none-eabi/lib/thumb/v7-m\libc_nano.a(lib_a-impure.o)
 .rodata._global_impure_ptr
                0x0000000000000000        0x4 c:/st/stm32cubeide_1.4.0/stm32cubeide/plugins/com.st.stm32cube.ide.mcu.externaltools.gnu-tools-for-stm32.7-2018-q2-update.win32_1.4.0.202007081208/tools/bin/../lib/gcc/arm-none-eabi/7.3.1/../../../../arm-none-eabi/lib/thumb/v7-m\libc_nano.a(lib_a-impure.o)
 .ARM.attributes
                0x0000000000000000       0x2d c:/st/stm32cubeide_1.4.0/stm32cubeide/plugins/com.st.stm32cube.ide.mcu.externaltools.gnu-tools-for-stm32.7-2018-q2-update.win32_1.4.0.202007081208/tools/bin/../lib/gcc/arm-none-eabi/7.3.1/../../../../arm-none-eabi/lib/thumb/v7-m\libc_nano.a(lib_a-impure.o)
 .text          0x0000000000000000        0x0 c:/st/stm32cubeide_1.4.0/stm32cubeide/plugins/com.st.stm32cube.ide.mcu.externaltools.gnu-tools-for-stm32.7-2018-q2-update.win32_1.4.0.202007081208/tools/bin/../lib/gcc/arm-none-eabi/7.3.1/../../../../arm-none-eabi/lib/thumb/v7-m\libc_nano.a(lib_a-init.o)
 .data          0x0000000000000000        0x0 c:/st/stm32cubeide_1.4.0/stm32cubeide/plugins/com.st.stm32cube.ide.mcu.externaltools.gnu-tools-for-stm32.7-2018-q2-update.win32_1.4.0.202007081208/tools/bin/../lib/gcc/arm-none-eabi/7.3.1/../../../../arm-none-eabi/lib/thumb/v7-m\libc_nano.a(lib_a-init.o)
 .bss           0x0000000000000000        0x0 c:/st/stm32cubeide_1.4.0/stm32cubeide/plugins/com.st.stm32cube.ide.mcu.externaltools.gnu-tools-for-stm32.7-2018-q2-update.win32_1.4.0.202007081208/tools/bin/../lib/gcc/arm-none-eabi/7.3.1/../../../../arm-none-eabi/lib/thumb/v7-m\libc_nano.a(lib_a-init.o)
 .text          0x0000000000000000        0x0 c:/st/stm32cubeide_1.4.0/stm32cubeide/plugins/com.st.stm32cube.ide.mcu.externaltools.gnu-tools-for-stm32.7-2018-q2-update.win32_1.4.0.202007081208/tools/bin/../lib/gcc/arm-none-eabi/7.3.1/../../../../arm-none-eabi/lib/thumb/v7-m\libc_nano.a(lib_a-memset.o)
 .data          0x0000000000000000        0x0 c:/st/stm32cubeide_1.4.0/stm32cubeide/plugins/com.st.stm32cube.ide.mcu.externaltools.gnu-tools-for-stm32.7-2018-q2-update.win32_1.4.0.202007081208/tools/bin/../lib/gcc/arm-none-eabi/7.3.1/../../../../arm-none-eabi/lib/thumb/v7-m\libc_nano.a(lib_a-memset.o)
 .bss           0x0000000000000000        0x0 c:/st/stm32cubeide_1.4.0/stm32cubeide/plugins/com.st.stm32cube.ide.mcu.externaltools.gnu-tools-for-stm32.7-2018-q2-update.win32_1.4.0.202007081208/tools/bin/../lib/gcc/arm-none-eabi/7.3.1/../../../../arm-none-eabi/lib/thumb/v7-m\libc_nano.a(lib_a-memset.o)
 .text.memset   0x0000000000000000       0x10 c:/st/stm32cubeide_1.4.0/stm32cubeide/plugins/com.st.stm32cube.ide.mcu.externaltools.gnu-tools-for-stm32.7-2018-q2-update.win32_1.4.0.202007081208/tools/bin/../lib/gcc/arm-none-eabi/7.3.1/../../../../arm-none-eabi/lib/thumb/v7-m\libc_nano.a(lib_a-memset.o)
 .debug_frame   0x0000000000000000       0x20 c:/st/stm32cubeide_1.4.0/stm32cubeide/plugins/com.st.stm32cube.ide.mcu.externaltools.gnu-tools-for-stm32.7-2018-q2-update.win32_1.4.0.202007081208/tools/bin/../lib/gcc/arm-none-eabi/7.3.1/../../../../arm-none-eabi/lib/thumb/v7-m\libc_nano.a(lib_a-memset.o)
 .ARM.attributes
                0x0000000000000000       0x2d c:/st/stm32cubeide_1.4.0/stm32cubeide/plugins/com.st.stm32cube.ide.mcu.externaltools.gnu-tools-for-stm32.7-2018-q2-update.win32_1.4.0.202007081208/tools/bin/../lib/gcc/arm-none-eabi/7.3.1/../../../../arm-none-eabi/lib/thumb/v7-m\libc_nano.a(lib_a-memset.o)
 .text          0x0000000000000000        0x0 c:/st/stm32cubeide_1.4.0/stm32cubeide/plugins/com.st.stm32cube.ide.mcu.externaltools.gnu-tools-for-stm32.7-2018-q2-update.win32_1.4.0.202007081208/tools/bin/../lib/gcc/arm-none-eabi/7.3.1/thumb/v7-m/crtend.o
 .data          0x0000000000000000        0x0 c:/st/stm32cubeide_1.4.0/stm32cubeide/plugins/com.st.stm32cube.ide.mcu.externaltools.gnu-tools-for-stm32.7-2018-q2-update.win32_1.4.0.202007081208/tools/bin/../lib/gcc/arm-none-eabi/7.3.1/thumb/v7-m/crtend.o
 .bss           0x0000000000000000        0x0 c:/st/stm32cubeide_1.4.0/stm32cubeide/plugins/com.st.stm32cube.ide.mcu.externaltools.gnu-tools-for-stm32.7-2018-q2-update.win32_1.4.0.202007081208/tools/bin/../lib/gcc/arm-none-eabi/7.3.1/thumb/v7-m/crtend.o
 .eh_frame      0x0000000000000000        0x4 c:/st/stm32cubeide_1.4.0/stm32cubeide/plugins/com.st.stm32cube.ide.mcu.externaltools.gnu-tools-for-stm32.7-2018-q2-update.win32_1.4.0.202007081208/tools/bin/../lib/gcc/arm-none-eabi/7.3.1/thumb/v7-m/crtend.o
 .ARM.attributes
                0x0000000000000000       0x2d c:/st/stm32cubeide_1.4.0/stm32cubeide/plugins/com.st.stm32cube.ide.mcu.externaltools.gnu-tools-for-stm32.7-2018-q2-update.win32_1.4.0.202007081208/tools/bin/../lib/gcc/arm-none-eabi/7.3.1/thumb/v7-m/crtend.o
 .text          0x0000000000000000        0x0 c:/st/stm32cubeide_1.4.0/stm32cubeide/plugins/com.st.stm32cube.ide.mcu.externaltools.gnu-tools-for-stm32.7-2018-q2-update.win32_1.4.0.202007081208/tools/bin/../lib/gcc/arm-none-eabi/7.3.1/thumb/v7-m/crtn.o
 .data          0x0000000000000000        0x0 c:/st/stm32cubeide_1.4.0/stm32cubeide/plugins/com.st.stm32cube.ide.mcu.externaltools.gnu-tools-for-stm32.7-2018-q2-update.win32_1.4.0.202007081208/tools/bin/../lib/gcc/arm-none-eabi/7.3.1/thumb/v7-m/crtn.o
 .bss           0x0000000000000000        0x0 c:/st/stm32cubeide_1.4.0/stm32cubeide/plugins/com.st.stm32cube.ide.mcu.externaltools.gnu-tools-for-stm32.7-2018-q2-update.win32_1.4.0.202007081208/tools/bin/../lib/gcc/arm-none-eabi/7.3.1/thumb/v7-m/crtn.o

Memory Configuration

Name             Origin             Length             Attributes
RAM              0x0000000020000000 0x0000000000002800 xrw
ROM              0x0000000008000000 0x0000000000008000 xr
*default*        0x0000000000000000 0xffffffffffffffff

Linker script and memory map

LOAD c:/st/stm32cubeide_1.4.0/stm32cubeide/plugins/com.st.stm32cube.ide.mcu.externaltools.gnu-tools-for-stm32.7-2018-q2-update.win32_1.4.0.202007081208/tools/bin/../lib/gcc/arm-none-eabi/7.3.1/thumb/v7-m/crti.o
LOAD c:/st/stm32cubeide_1.4.0/stm32cubeide/plugins/com.st.stm32cube.ide.mcu.externaltools.gnu-tools-for-stm32.7-2018-q2-update.win32_1.4.0.202007081208/tools/bin/../lib/gcc/arm-none-eabi/7.3.1/thumb/v7-m/crtbegin.o
LOAD c:/st/stm32cubeide_1.4.0/stm32cubeide/plugins/com.st.stm32cube.ide.mcu.externaltools.gnu-tools-for-stm32.7-2018-q2-update.win32_1.4.0.202007081208/tools/bin/../lib/gcc/arm-none-eabi/7.3.1/../../../../arm-none-eabi/lib/thumb/v7-m/crt0.o
LOAD HAL/Keypad.o
LOAD HAL/LCD.o
LOAD Src/main.o
LOAD Src/syscalls.o
LOAD Src/sysmem.o
LOAD Startup/startup_stm32f103c6tx.o
LOAD stm32_f103c6_Drivers/stm32_f103c6_EXTI.o
LOAD stm32_f103c6_Drivers/stm32_f103c6_GPIO.o
START GROUP
LOAD c:/st/stm32cubeide_1.4.0/stm32cubeide/plugins/com.st.stm32cube.ide.mcu.externaltools.gnu-tools-for-stm32.7-2018-q2-update.win32_1.4.0.202007081208/tools/bin/../lib/gcc/arm-none-eabi/7.3.1/../../../../arm-none-eabi/lib/thumb/v7-m\libc_nano.a
LOAD c:/st/stm32cubeide_1.4.0/stm32cubeide/plugins/com.st.stm32cube.ide.mcu.externaltools.gnu-tools-for-stm32.7-2018-q2-update.win32_1.4.0.202007081208/tools/bin/../lib/gcc/arm-none-eabi/7.3.1/../../../../arm-none-eabi/lib/thumb/v7-m\libm.a
END GROUP
START GROUP
LOAD c:/st/stm32cubeide_1.4.0/stm32cubeide/plugins/com.st.stm32cube.ide.mcu.externaltools.gnu-tools-for-stm32.7-2018-q2-update.win32_1.4.0.202007081208/tools/bin/../lib/gcc/arm-none-eabi/7.3.1/thumb/v7-m\libgcc.a
LOAD c:/st/stm32cubeide_1.4.0/stm32cubeide/plugins/com.st.stm32cube.ide.mcu.externaltools.gnu-tools-for-stm32.7-2018-q2-update.win32_1.4.0.202007081208/tools/bin/../lib/gcc/arm-none-eabi/7.3.1/../../../../arm-none-eabi/lib/thumb/v7-m\libg_nano.a
LOAD c:/st/stm32cubeide_1.4.0/stm32cubeide/plugins/com.st.stm32cube.ide.mcu.externaltools.gnu-tools-for-stm32.7-2018-q2-update.win32_1.4.0.202007081208/tools/bin/../lib/gcc/arm-none-eabi/7.3.1/../../../../arm-none-eabi/lib/thumb/v7-m\libc_nano.a
END GROUP
START GROUP
LOAD c:/st/stm32cubeide_1.4.0/stm32cubeide/plugins/com.st.stm32cube.ide.mcu.externaltools.gnu-tools-for-stm32.7-2018-q2-update.win32_1.4.0.202007081208/tools/bin/../lib/gcc/arm-none-eabi/7.3.1/thumb/v7-m\libgcc.a
LOAD c:/st/stm32cubeide_1.4.0/stm32cubeide/plugins/com.st.stm32cube.ide.mcu.externaltools.gnu-tools-for-stm32.7-2018-q2-update.win32_1.4.0.202007081208/tools/bin/../lib/gcc/arm-none-eabi/7.3.1/../../../../arm-none-eabi/lib/thumb/v7-m\libc_nano.a
LOAD c:/st/stm32cubeide_1.4.0/stm32cubeide/plugins/com.st.stm32cube.ide.mcu.externaltools.gnu-tools-for-stm32.7-2018-q2-update.win32_1.4.0.202007081208/tools/bin/../lib/gcc/arm-none-eabi/7.3.1/../../../../arm-none-eabi/lib/thumb/v7-m\libnosys.a
END GROUP
START GROUP
LOAD c:/st/stm32cubeide_1.4.0/stm32cubeide/plugins/com.st.stm32cube.ide.mcu.externaltools.gnu-tools-for-stm32.7-2018-q2-update.win32_1.4.0.202007081208/tools/bin/../lib/gcc/arm-none-eabi/7.3.1/thumb/v7-m\libgcc.a
LOAD c:/st/stm32cubeide_1.4.0/stm32cubeide/plugins/com.st.stm32cube.ide.mcu.externaltools.gnu-tools-for-stm32.7-2018-q2-update.win32_1.4.0.202007081208/tools/bin/../lib/gcc/arm-none-eabi/7.3.1/../../../../arm-none-eabi/lib/thumb/v7-m\libc_nano.a
LOAD c:/st/stm32cubeide_1.4.0/stm32cubeide/plugins/com.st.stm32cube.ide.mcu.externaltools.gnu-tools-for-stm32.7-2018-q2-update.win32_1.4.0.202007081208/tools/bin/../lib/gcc/arm-none-eabi/7.3.1/../../../../arm-none-eabi/lib/thumb/v7-m\libnosys.a
END GROUP
LOAD c:/st/stm32cubeide_1.4.0/stm32cubeide/plugins/com.st.stm32cube.ide.mcu.externaltools.gnu-tools-for-stm32.7-2018-q2-update.win32_1.4.0.202007081208/tools/bin/../lib/gcc/arm-none-eabi/7.3.1/thumb/v7-m/crtend.o
LOAD c:/st/stm32cubeide_1.4.0/stm32cubeide/plugins/com.st.stm32cube.ide.mcu.externaltools.gnu-tools-for-stm32.7-2018-q2-update.win32_1.4.0.202007081208/tools/bin/../lib/gcc/arm-none-eabi/7.3.1/thumb/v7-m/crtn.o
                0x0000000020002800                _estack = (ORIGIN (RAM) + LENGTH (RAM))
                0x0000000000000200                _Min_Heap_Size = 0x200
                0x0000000000000400                _Min_Stack_Size = 0x400

.isr_vector     0x0000000008000000      0x130
                0x0000000008000000                . = ALIGN (0x4)
 *(.isr_vector)
 .isr_vector    0x0000000008000000      0x130 Startup/startup_stm32f103c6tx.o
                0x0000000008000000                g_pfnVectors
                0x0000000008000130                . = ALIGN (0x4)

.text           0x0000000008000130      0xc68
                0x0000000008000130                . = ALIGN (0x4)
 *(.text)
 .text          0x0000000008000130       0x40 c:/st/stm32cubeide_1.4.0/stm32cubeide/plugins/com.st.stm32cube.ide.mcu.externaltools.gnu-tools-for-stm32.7-2018-q2-update.win32_1.4.0.202007081208/tools/bin/../lib/gcc/arm-none-eabi/7.3.1/thumb/v7-m/crtbegin.o
 *(.text*)
 .text._delay_ms
                0x0000000008000170       0x38 HAL/LCD.o
                0x0000000008000170                _delay_ms
 .text.LCD_init
                0x00000000080001a8      0x130 HAL/LCD.o
                0x00000000080001a8                LCD_init
 .text.LCD_cmd  0x00000000080002d8       0x60 HAL/LCD.o
                0x00000000080002d8                LCD_cmd
 .text.lcd_Clear
                0x0000000008000338       0x1a HAL/LCD.o
                0x0000000008000338                lcd_Clear
 .text.GOTO_XY  0x0000000008000352       0x4a HAL/LCD.o
                0x0000000008000352                GOTO_XY
 .text.LCD_Character
                0x000000000800039c       0x60 HAL/LCD.o
                0x000000000800039c                LCD_Character
 .text.LCD_String
                0x00000000080003fc       0x60 HAL/LCD.o
                0x00000000080003fc                LCD_String
 .text.delay    0x000000000800045c       0x38 Src/main.o
                0x000000000800045c                delay
 .text.Clock_INIT
                0x0000000008000494       0x34 Src/main.o
                0x0000000008000494                Clock_INIT
 .text.EXTI_9   0x00000000080004c8       0x24 Src/main.o
                0x00000000080004c8                EXTI_9
 .text.main     0x00000000080004ec       0x4c Src/main.o
                0x00000000080004ec                main
 .text.Reset_Handler
                0x0000000008000538       0x50 Startup/startup_stm32f103c6tx.o
                0x0000000008000538                Reset_Handler
 .text.Default_Handler
                0x0000000008000588        0x2 Startup/startup_stm32f103c6tx.o
                0x0000000008000588                TIM8_TRG_COM_IRQHandler
                0x0000000008000588                TIM8_CC_IRQHandler
                0x0000000008000588                DebugMon_Handler
                0x0000000008000588                TIM1_CC_IRQHandler
                0x0000000008000588                HardFault_Handler
                0x0000000008000588                TIM6_IRQHandler
                0x0000000008000588                SysTick_Handler
                0x0000000008000588                PVD_IRQHandler
                0x0000000008000588                SDIO_IRQHandler
                0x0000000008000588                PendSV_Handler
                0x0000000008000588                NMI_Handler
                0x0000000008000588                USB_HP_CAN_TX_IRQHandler
                0x0000000008000588                I2C2_EV_IRQHandler
                0x0000000008000588                UsageFault_Handler
                0x0000000008000588                ADC1_2_IRQHandler
                0x0000000008000588                SPI1_IRQHandler
                0x0000000008000588                CAN_SCE_IRQHandler
                0x0000000008000588                TAMPER_IRQHandler
                0x0000000008000588                TIM8_UP_IRQHandler
                0x0000000008000588                DMA2_Channel2_IRQHandler
                0x0000000008000588                DMA1_Channel4_IRQHandler
                0x0000000008000588                USART3_IRQHandler
                0x0000000008000588                RTC_IRQHandler
                0x0000000008000588                DMA1_Channel7_IRQHandler
                0x0000000008000588                UART5_IRQHandler
                0x0000000008000588                ADC3_IRQHandler
                0x0000000008000588                TIM4_IRQHandler
                0x0000000008000588                CAN_RX1_IRQHandler
                0x0000000008000588                DMA2_Channel1_IRQHandler
                0x0000000008000588                I2C1_EV_IRQHandler
                0x0000000008000588                DMA1_Channel6_IRQHandler
                0x0000000008000588                UART4_IRQHandler
                0x0000000008000588                TIM3_IRQHandler
                0x0000000008000588                RCC_IRQHandler
                0x0000000008000588                TIM1_TRG_COM_IRQHandler
                0x0000000008000588                DMA1_Channel1_IRQHandler
                0x0000000008000588                Default_Handler
                0x0000000008000588                TIM7_IRQHandler
                0x0000000008000588                TIM5_IRQHandler
                0x0000000008000588                SPI2_IRQHandler
                0x0000000008000588                USB_LP_CAN_RX0_IRQHandler
                0x0000000008000588                MemManage_Handler
                0x0000000008000588                SVC_Handler
                0x0000000008000588                DMA1_Channel5_IRQHandler
                0x0000000008000588                DMA1_Channel3_IRQHandler
                0x0000000008000588                FSMC_IRQHandler
                0x0000000008000588                TIM1_UP_IRQHandler
                0x0000000008000588                WWDG_IRQHandler
                0x0000000008000588                TIM2_IRQHandler
                0x0000000008000588                TIM1_BRK_IRQHandler
                0x0000000008000588                RTCAlarm_IRQHandler
                0x0000000008000588                DMA2_Channel4_5_IRQHandler
                0x0000000008000588                USART2_IRQHandler
                0x0000000008000588                I2C2_ER_IRQHandler
                0x0000000008000588                DMA1_Channel2_IRQHandler
                0x0000000008000588                TIM8_BRK_IRQHandler
                0x0000000008000588                FLASH_IRQHandler
                0x0000000008000588                BusFault_Handler
                0x0000000008000588                USART1_IRQHandler
                0x0000000008000588                SPI3_IRQHandler
                0x0000000008000588                I2C1_ER_IRQHandler
                0x0000000008000588                DMA2_Channel3_IRQHandler
 *fill*         0x000000000800058a        0x2 
 .text.Enable_NVIC
                0x000000000800058c       0xcc stm32_f103c6_Drivers/stm32_f103c6_EXTI.o
                0x000000000800058c                Enable_NVIC
 .text.Disable_NVIC
                0x0000000008000658       0xcc stm32_f103c6_Drivers/stm32_f103c6_EXTI.o
                0x0000000008000658                Disable_NVIC
 .text.Configuration_EXTI
                0x0000000008000724      0x1cc stm32_f103c6_Drivers/stm32_f103c6_EXTI.o
                0x0000000008000724                Configuration_EXTI
 .text.MCAL_EXTI_GPIO_Init
                0x00000000080008f0       0x16 stm32_f103c6_Drivers/stm32_f103c6_EXTI.o
                0x00000000080008f0                MCAL_EXTI_GPIO_Init
 *fill*         0x0000000008000906        0x2 
 .text.EXTI0_IRQHandler
                0x0000000008000908       0x24 stm32_f103c6_Drivers/stm32_f103c6_EXTI.o
                0x0000000008000908                EXTI0_IRQHandler
 .text.EXTI1_IRQHandler
                0x000000000800092c       0x24 stm32_f103c6_Drivers/stm32_f103c6_EXTI.o
                0x000000000800092c                EXTI1_IRQHandler
 .text.EXTI2_IRQHandler
                0x0000000008000950       0x24 stm32_f103c6_Drivers/stm32_f103c6_EXTI.o
                0x0000000008000950                EXTI2_IRQHandler
 .text.EXTI3_IRQHandler
                0x0000000008000974       0x24 stm32_f103c6_Drivers/stm32_f103c6_EXTI.o
                0x0000000008000974                EXTI3_IRQHandler
 .text.EXTI4_IRQHandler
                0x0000000008000998       0x24 stm32_f103c6_Drivers/stm32_f103c6_EXTI.o
                0x0000000008000998                EXTI4_IRQHandler
 .text.EXTI9_5_IRQHandler
                0x00000000080009bc       0xa8 stm32_f103c6_Drivers/stm32_f103c6_EXTI.o
                0x00000000080009bc                EXTI9_5_IRQHandler
 .text.EXTI15_10_IRQHandler
                0x0000000008000a64       0xc4 stm32_f103c6_Drivers/stm32_f103c6_EXTI.o
                0x0000000008000a64                EXTI15_10_IRQHandler
 .text.get_position
                0x0000000008000b28       0xc6 stm32_f103c6_Drivers/stm32_f103c6_GPIO.o
                0x0000000008000b28                get_position
 .text.MCAL_GPIO_Init
                0x0000000008000bee       0xfe stm32_f103c6_Drivers/stm32_f103c6_GPIO.o
                0x0000000008000bee                MCAL_GPIO_Init
 .text.MCAL_GPIO_WritePin
                0x0000000008000cec       0x2e stm32_f103c6_Drivers/stm32_f103c6_GPIO.o
                0x0000000008000cec                MCAL_GPIO_WritePin
 .text.MCAL_GPIO_WritePort
                0x0000000008000d1a       0x1c stm32_f103c6_Drivers/stm32_f103c6_GPIO.o
                0x0000000008000d1a                MCAL_GPIO_WritePort
 *fill*         0x0000000008000d36        0x2 
 .text.__libc_init_array
                0x0000000008000d38       0x48 c:/st/stm32cubeide_1.4.0/stm32cubeide/plugins/com.st.stm32cube.ide.mcu.externaltools.gnu-tools-for-stm32.7-2018-q2-update.win32_1.4.0.202007081208/tools/bin/../lib/gcc/arm-none-eabi/7.3.1/../../../../arm-none-eabi/lib/thumb/v7-m\libc_nano.a(lib_a-init.o)
                0x0000000008000d38                __libc_init_array
 *(.glue_7)
 .glue_7        0x0000000008000d80        0x0 linker stubs
 *(.glue_7t)
 .glue_7t       0x0000000008000d80        0x0 linker stubs
 *(.eh_frame)
 .eh_frame      0x0000000008000d80        0x0 c:/st/stm32cubeide_1.4.0/stm32cubeide/plugins/com.st.stm32cube.ide.mcu.externaltools.gnu-tools-for-stm32.7-2018-q2-update.win32_1.4.0.202007081208/tools/bin/../lib/gcc/arm-none-eabi/7.3.1/thumb/v7-m/crtbegin.o
 *(.init)
 .init          0x0000000008000d80        0x4 c:/st/stm32cubeide_1.4.0/stm32cubeide/plugins/com.st.stm32cube.ide.mcu.externaltools.gnu-tools-for-stm32.7-2018-q2-update.win32_1.4.0.202007081208/tools/bin/../lib/gcc/arm-none-eabi/7.3.1/thumb/v7-m/crti.o
                0x0000000008000d80                _init
 .init          0x0000000008000d84        0x8 c:/st/stm32cubeide_1.4.0/stm32cubeide/plugins/com.st.stm32cube.ide.mcu.externaltools.gnu-tools-for-stm32.7-2018-q2-update.win32_1.4.0.202007081208/tools/bin/../lib/gcc/arm-none-eabi/7.3.1/thumb/v7-m/crtn.o
 *(.fini)
 .fini          0x0000000008000d8c        0x4 c:/st/stm32cubeide_1.4.0/stm32cubeide/plugins/com.st.stm32cube.ide.mcu.externaltools.gnu-tools-for-stm32.7-2018-q2-update.win32_1.4.0.202007081208/tools/bin/../lib/gcc/arm-none-eabi/7.3.1/thumb/v7-m/crti.o
                0x0000000008000d8c                _fini
 .fini          0x0000000008000d90        0x8 c:/st/stm32cubeide_1.4.0/stm32cubeide/plugins/com.st.stm32cube.ide.mcu.externaltools.gnu-tools-for-stm32.7-2018-q2-update.win32_1.4.0.202007081208/tools/bin/../lib/gcc/arm-none-eabi/7.3.1/thumb/v7-m/crtn.o
                0x0000000008000d98                . = ALIGN (0x4)
                0x0000000008000d98                _etext = .

.vfp11_veneer   0x0000000008000d98        0x0
 .vfp11_veneer  0x0000000008000d98        0x0 linker stubs

.v4_bx          0x0000000008000d98        0x0
 .v4_bx         0x0000000008000d98        0x0 linker stubs

.iplt           0x0000000008000d98        0x0
 .iplt          0x0000000008000d98        0x0 c:/st/stm32cubeide_1.4.0/stm32cubeide/plugins/com.st.stm32cube.ide.mcu.externaltools.gnu-tools-for-stm32.7-2018-q2-update.win32_1.4.0.202007081208/tools/bin/../lib/gcc/arm-none-eabi/7.3.1/thumb/v7-m/crtbegin.o

.rodata         0x0000000008000d98       0x24
                0x0000000008000d98                . = ALIGN (0x4)
 *(.rodata)
 .rodata        0x0000000008000d98       0x24 Src/main.o
 *(.rodata*)
                0x0000000008000dbc                . = ALIGN (0x4)

.rel.dyn        0x0000000008000dbc        0x0
 .rel.iplt      0x0000000008000dbc        0x0 c:/st/stm32cubeide_1.4.0/stm32cubeide/plugins/com.st.stm32cube.ide.mcu.externaltools.gnu-tools-for-stm32.7-2018-q2-update.win32_1.4.0.202007081208/tools/bin/../lib/gcc/arm-none-eabi/7.3.1/thumb/v7-m/crtbegin.o

.ARM.extab      0x0000000008000dbc        0x0
                0x0000000008000dbc                . = ALIGN (0x4)
 *(.ARM.extab* .gnu.linkonce.armextab.*)
                0x0000000008000dbc                . = ALIGN (0x4)

.ARM            0x0000000008000dbc        0x0
                0x0000000008000dbc                . = ALIGN (0x4)
                0x0000000008000dbc                __exidx_start = .
 *(.ARM.exidx*)
                0x0000000008000dbc                __exidx_end = .
                0x0000000008000dbc                . = ALIGN (0x4)

.preinit_array  0x0000000008000dbc        0x0
                0x0000000008000dbc                . = ALIGN (0x4)
                0x0000000008000dbc                PROVIDE (__preinit_array_start = .)
 *(.preinit_array*)
                0x0000000008000dbc                PROVIDE (__preinit_array_end = .)
                0x0000000008000dbc                . = ALIGN (0x4)

.init_array     0x0000000008000dbc        0x4
                0x0000000008000dbc                . = ALIGN (0x4)
                0x0000000008000dbc                PROVIDE (__init_array_start = .)
 *(SORT_BY_NAME(.init_array.*))
 *(.init_array*)
 .init_array    0x0000000008000dbc        0x4 c:/st/stm32cubeide_1.4.0/stm32cubeide/plugins/com.st.stm32cube.ide.mcu.externaltools.gnu-tools-for-stm32.7-2018-q2-update.win32_1.4.0.202007081208/tools/bin/../lib/gcc/arm-none-eabi/7.3.1/thumb/v7-m/crtbegin.o
                0x0000000008000dc0                PROVIDE (__init_array_end = .)
                0x0000000008000dc0                . = ALIGN (0x4)

.fini_array     0x0000000008000dc0        0x4
                0x0000000008000dc0                . = ALIGN (0x4)
                [!provide]                        PROVIDE (__fini_array_start = .)
 *(SORT_BY_NAME(.fini_array.*))
 *(.fini_array*)
 .fini_array    0x0000000008000dc0        0x4 c:/st/stm32cubeide_1.4.0/stm32cubeide/plugins/com.st.stm32cube.ide.mcu.externaltools.gnu-tools-for-stm32.7-2018-q2-update.win32_1.4.0.202007081208/tools/bin/../lib/gcc/arm-none-eabi/7.3.1/thumb/v7-m/crtbegin.o
                [!provide]                        PROVIDE (__fini_array_end = .)
                0x0000000008000dc4                . = ALIGN (0x4)
                0x0000000008000dc4                _sidata = LOADADDR (.data)

.data           0x0000000020000000        0x0 load address 0x0000000008000dc4
                0x0000000020000000                . = ALIGN (0x4)
                0x0000000020000000                _sdata = .
 *(.data)
 *(.data*)
                0x0000000020000000                . = ALIGN (0x4)
                0x0000000020000000                _edata = .

.igot.plt       0x0000000020000000        0x0 load address 0x0000000008000dc4
 .igot.plt      0x0000000020000000        0x0 c:/st/stm32cubeide_1.4.0/stm32cubeide/plugins/com.st.stm32cube.ide.mcu.externaltools.gnu-tools-for-stm32.7-2018-q2-update.win32_1.4.0.202007081208/tools/bin/../lib/gcc/arm-none-eabi/7.3.1/thumb/v7-m/crtbegin.o
                0x0000000020000000                . = ALIGN (0x4)

.bss            0x0000000020000000       0x5c load address 0x0000000008000dc4
                0x0000000020000000                _sbss = .
                0x0000000020000000                __bss_start__ = _sbss
 *(.bss)
 .bss           0x0000000020000000       0x1c c:/st/stm32cubeide_1.4.0/stm32cubeide/plugins/com.st.stm32cube.ide.mcu.externaltools.gnu-tools-for-stm32.7-2018-q2-update.win32_1.4.0.202007081208/tools/bin/../lib/gcc/arm-none-eabi/7.3.1/thumb/v7-m/crtbegin.o
 *(.bss*)
 .bss.flag      0x000000002000001c        0x1 Src/main.o
                0x000000002000001c                flag
 *(COMMON)
 *fill*         0x000000002000001d        0x3 
 COMMON         0x0000000020000020       0x3c stm32_f103c6_Drivers/stm32_f103c6_EXTI.o
                0x0000000020000020                GP_IRQ_CALL
                0x000000002000005c                . = ALIGN (0x4)
                0x000000002000005c                _ebss = .
                0x000000002000005c                __bss_end__ = _ebss

._user_heap_stack
                0x000000002000005c      0x604 load address 0x0000000008000dc4
                0x0000000020000060                . = ALIGN (0x8)
 *fill*         0x000000002000005c        0x4 
                [!provide]                        PROVIDE (end = .)
                0x0000000020000060                PROVIDE (_end = .)
                0x0000000020000260                . = (. + _Min_Heap_Size)
 *fill*         0x0000000020000060      0x200 
                0x0000000020000660                . = (. + _Min_Stack_Size)
 *fill*         0x0000000020000260      0x400 
                0x0000000020000660                . = ALIGN (0x8)

/DISCARD/
 libc.a(*)
 libm.a(*)
 libgcc.a(*)

.ARM.attributes
                0x0000000000000000       0x29
 *(.ARM.attributes)
 .ARM.attributes
                0x0000000000000000       0x1d c:/st/stm32cubeide_1.4.0/stm32cubeide/plugins/com.st.stm32cube.ide.mcu.externaltools.gnu-tools-for-stm32.7-2018-q2-update.win32_1.4.0.202007081208/tools/bin/../lib/gcc/arm-none-eabi/7.3.1/thumb/v7-m/crti.o
 .ARM.attributes
                0x000000000000001d       0x2d c:/st/stm32cubeide_1.4.0/stm32cubeide/plugins/com.st.stm32cube.ide.mcu.externaltools.gnu-tools-for-stm32.7-2018-q2-update.win32_1.4.0.202007081208/tools/bin/../lib/gcc/arm-none-eabi/7.3.1/thumb/v7-m/crtbegin.o
 .ARM.attributes
                0x000000000000004a       0x33 HAL/LCD.o
 .ARM.attributes
                0x000000000000007d       0x33 Src/main.o
 .ARM.attributes
                0x00000000000000b0       0x21 Startup/startup_stm32f103c6tx.o
 .ARM.attributes
                0x00000000000000d1       0x33 stm32_f103c6_Drivers/stm32_f103c6_EXTI.o
 .ARM.attributes
                0x0000000000000104       0x33 stm32_f103c6_Drivers/stm32_f103c6_GPIO.o
 .ARM.attributes
                0x0000000000000137       0x2d c:/st/stm32cubeide_1.4.0/stm32cubeide/plugins/com.st.stm32cube.ide.mcu.externaltools.gnu-tools-for-stm32.7-2018-q2-update.win32_1.4.0.202007081208/tools/bin/../lib/gcc/arm-none-eabi/7.3.1/../../../../arm-none-eabi/lib/thumb/v7-m\libc_nano.a(lib_a-init.o)
 .ARM.attributes
                0x0000000000000164       0x1d c:/st/stm32cubeide_1.4.0/stm32cubeide/plugins/com.st.stm32cube.ide.mcu.externaltools.gnu-tools-for-stm32.7-2018-q2-update.win32_1.4.0.202007081208/tools/bin/../lib/gcc/arm-none-eabi/7.3.1/thumb/v7-m/crtn.o
OUTPUT(Drivers.elf elf32-littlearm)

.debug_info     0x0000000000000000     0x3307
 .debug_info    0x0000000000000000      0xbb3 HAL/LCD.o
 .debug_info    0x0000000000000bb3      0xc1e Src/main.o
 .debug_info    0x00000000000017d1       0x22 Startup/startup_stm32f103c6tx.o
 .debug_info    0x00000000000017f3      0xdbe stm32_f103c6_Drivers/stm32_f103c6_EXTI.o
 .debug_info    0x00000000000025b1      0xd56 stm32_f103c6_Drivers/stm32_f103c6_GPIO.o

.debug_abbrev   0x0000000000000000      0x831
 .debug_abbrev  0x0000000000000000      0x1dc HAL/LCD.o
 .debug_abbrev  0x00000000000001dc      0x1f8 Src/main.o
 .debug_abbrev  0x00000000000003d4       0x12 Startup/startup_stm32f103c6tx.o
 .debug_abbrev  0x00000000000003e6      0x219 stm32_f103c6_Drivers/stm32_f103c6_EXTI.o
 .debug_abbrev  0x00000000000005ff      0x232 stm32_f103c6_Drivers/stm32_f103c6_GPIO.o

.debug_loc      0x0000000000000000      0x96c
 .debug_loc     0x0000000000000000      0x218 HAL/LCD.o
 .debug_loc     0x0000000000000218      0x104 Src/main.o
 .debug_loc     0x000000000000031c      0x320 stm32_f103c6_Drivers/stm32_f103c6_EXTI.o
 .debug_loc     0x000000000000063c      0x330 stm32_f103c6_Drivers/stm32_f103c6_GPIO.o

.debug_aranges  0x0000000000000000      0x190
 .debug_aranges
                0x0000000000000000       0x50 HAL/LCD.o
 .debug_aranges
                0x0000000000000050       0x38 Src/main.o
 .debug_aranges
                0x0000000000000088       0x28 Startup/startup_stm32f103c6tx.o
 .debug_aranges
                0x00000000000000b0       0x80 stm32_f103c6_Drivers/stm32_f103c6_EXTI.o
 .debug_aranges
                0x0000000000000130       0x60 stm32_f103c6_Drivers/stm32_f103c6_GPIO.o

.debug_ranges   0x0000000000000000      0x148
 .debug_ranges  0x0000000000000000       0x40 HAL/LCD.o
 .debug_ranges  0x0000000000000040       0x28 Src/main.o
 .debug_ranges  0x0000000000000068       0x20 Startup/startup_stm32f103c6tx.o
 .debug_ranges  0x0000000000000088       0x70 stm32_f103c6_Drivers/stm32_f103c6_EXTI.o
 .debug_ranges  0x00000000000000f8       0x50 stm32_f103c6_Drivers/stm32_f103c6_GPIO.o

.debug_macro    0x0000000000000000      0xbe5
 .debug_macro   0x0000000000000000      0x15e HAL/LCD.o
 .debug_macro   0x000000000000015e       0x9a HAL/LCD.o
 .debug_macro   0x00000000000001f8      0x164 Src/main.o
 .debug_macro   0x000000000000035c      0x220 Src/main.o
 .debug_macro   0x000000000000057c       0xa0 Src/main.o
 .debug_macro   0x000000000000061c       0x40 Src/main.o
 .debug_macro   0x000000000000065c      0x154 stm32_f103c6_Drivers/stm32_f103c6_EXTI.o
 .debug_macro   0x00000000000007b0      0x21a stm32_f103c6_Drivers/stm32_f103c6_EXTI.o
 .debug_macro   0x00000000000009ca       0xd6 stm32_f103c6_Drivers/stm32_f103c6_EXTI.o
 .debug_macro   0x0000000000000aa0      0x145 stm32_f103c6_Drivers/stm32_f103c6_GPIO.o

.debug_line     0x0000000000000000     0x1aac
 .debug_line    0x0000000000000000      0x66f HAL/LCD.o
 .debug_line    0x000000000000066f      0x60e Src/main.o
 .debug_line    0x0000000000000c7d       0x84 Startup/startup_stm32f103c6tx.o
 .debug_line    0x0000000000000d01      0x730 stm32_f103c6_Drivers/stm32_f103c6_EXTI.o
 .debug_line    0x0000000000001431      0x67b stm32_f103c6_Drivers/stm32_f103c6_GPIO.o

.debug_str      0x0000000000000000     0x93b4
 .debug_str     0x0000000000000000     0x7bca HAL/LCD.o
                                       0x7e31 (size before relaxing)
 .debug_str     0x0000000000007bca     0x14bc Src/main.o
                                       0x9238 (size before relaxing)
 .debug_str     0x0000000000009086       0x31 Startup/startup_stm32f103c6tx.o
                                         0x6f (size before relaxing)
 .debug_str     0x00000000000090b7      0x1f8 stm32_f103c6_Drivers/stm32_f103c6_EXTI.o
                                       0x910d (size before relaxing)
 .debug_str     0x00000000000092af      0x105 stm32_f103c6_Drivers/stm32_f103c6_GPIO.o
                                       0x7c9e (size before relaxing)

.comment        0x0000000000000000       0x7b
 .comment       0x0000000000000000       0x7b HAL/LCD.o
                                         0x7c (size before relaxing)
 .comment       0x000000000000007b       0x7c Src/main.o
 .comment       0x000000000000007b       0x7c stm32_f103c6_Drivers/stm32_f103c6_EXTI.o
 .comment       0x000000000000007b       0x7c stm32_f103c6_Drivers/stm32_f103c6_GPIO.o

.debug_frame    0x0000000000000000      0x4f0
 .debug_frame   0x0000000000000000      0x108 HAL/LCD.o
 .debug_frame   0x0000000000000108       0x94 Src/main.o
 .debug_frame   0x000000000000019c      0x1b0 stm32_f103c6_Drivers/stm32_f103c6_EXTI.o
 .debug_frame   0x000000000000034c      0x178 stm32_f103c6_Drivers/stm32_f103c6_GPIO.o
 .debug_frame   0x00000000000004c4       0x2c c:/st/stm32cubeide_1.4.0/stm32cubeide/plugins/com.st.stm32cube.ide.mcu.externaltools.gnu-tools-for-stm32.7-2018-q2-update.win32_1.4.0.202007081208/tools/bin/../lib/gcc/arm-none-eabi/7.3.1/../../../../arm-none-eabi/lib/thumb/v7-m\libc_nano.a(lib_a-init.o)
