Archive member included to satisfy reference by file (symbol)

c:/st/stm32cubeide_1.4.0/stm32cubeide/plugins/com.st.stm32cube.ide.mcu.externaltools.gnu-tools-for-stm32.7-2018-q2-update.win32_1.4.0.202007081208/tools/bin/../lib/gcc/arm-none-eabi/7.3.1/../../../../arm-none-eabi/lib/thumb/v7-m\libc_nano.a(lib_a-errno.o)
                              Src/syscalls.o (__errno)
c:/st/stm32cubeide_1.4.0/stm32cubeide/plugins/com.st.stm32cube.ide.mcu.externaltools.gnu-tools-for-stm32.7-2018-q2-update.win32_1.4.0.202007081208/tools/bin/../lib/gcc/arm-none-eabi/7.3.1/../../../../arm-none-eabi/lib/thumb/v7-m\libc_nano.a(lib_a-exit.o)
                              c:/st/stm32cubeide_1.4.0/stm32cubeide/plugins/com.st.stm32cube.ide.mcu.externaltools.gnu-tools-for-stm32.7-2018-q2-update.win32_1.4.0.202007081208/tools/bin/../lib/gcc/arm-none-eabi/7.3.1/../../../../arm-none-eabi/lib/thumb/v7-m/crt0.o (exit)
c:/st/stm32cubeide_1.4.0/stm32cubeide/plugins/com.st.stm32cube.ide.mcu.externaltools.gnu-tools-for-stm32.7-2018-q2-update.win32_1.4.0.202007081208/tools/bin/../lib/gcc/arm-none-eabi/7.3.1/../../../../arm-none-eabi/lib/thumb/v7-m\libc_nano.a(lib_a-impure.o)
                              c:/st/stm32cubeide_1.4.0/stm32cubeide/plugins/com.st.stm32cube.ide.mcu.externaltools.gnu-tools-for-stm32.7-2018-q2-update.win32_1.4.0.202007081208/tools/bin/../lib/gcc/arm-none-eabi/7.3.1/../../../../arm-none-eabi/lib/thumb/v7-m\libc_nano.a(lib_a-exit.o) (_global_impure_ptr)
c:/st/stm32cubeide_1.4.0/stm32cubeide/plugins/com.st.stm32cube.ide.mcu.externaltools.gnu-tools-for-stm32.7-2018-q2-update.win32_1.4.0.202007081208/tools/bin/../lib/gcc/arm-none-eabi/7.3.1/../../../../arm-none-eabi/lib/thumb/v7-m\libc_nano.a(lib_a-init.o)
                              c:/st/stm32cubeide_1.4.0/stm32cubeide/plugins/com.st.stm32cube.ide.mcu.externaltools.gnu-tools-for-stm32.7-2018-q2-update.win32_1.4.0.202007081208/tools/bin/../lib/gcc/arm-none-eabi/7.3.1/../../../../arm-none-eabi/lib/thumb/v7-m/crt0.o (__libc_init_array)
c:/st/stm32cubeide_1.4.0/stm32cubeide/plugins/com.st.stm32cube.ide.mcu.externaltools.gnu-tools-for-stm32.7-2018-q2-update.win32_1.4.0.202007081208/tools/bin/../lib/gcc/arm-none-eabi/7.3.1/../../../../arm-none-eabi/lib/thumb/v7-m\libc_nano.a(lib_a-memset.o)
                              c:/st/stm32cubeide_1.4.0/stm32cubeide/plugins/com.st.stm32cube.ide.mcu.externaltools.gnu-tools-for-stm32.7-2018-q2-update.win32_1.4.0.202007081208/tools/bin/../lib/gcc/arm-none-eabi/7.3.1/../../../../arm-none-eabi/lib/thumb/v7-m/crt0.o (memset)

Allocating common symbols
Common symbol       size              file

DATA                0x1               Src/main.o
pincfg_Key          0x4               HAL/Keypad.o
GP_IRQ_CALL         0x3c              stm32_f103c6_Drivers/stm32_f103c6_EXTI.o

Discarded input sections

 .text          0x0000000000000000        0x0 c:/st/stm32cubeide_1.4.0/stm32cubeide/plugins/com.st.stm32cube.ide.mcu.externaltools.gnu-tools-for-stm32.7-2018-q2-update.win32_1.4.0.202007081208/tools/bin/../lib/gcc/arm-none-eabi/7.3.1/thumb/v7-m/crti.o
 .data          0x0000000000000000        0x0 c:/st/stm32cubeide_1.4.0/stm32cubeide/plugins/com.st.stm32cube.ide.mcu.externaltools.gnu-tools-for-stm32.7-2018-q2-update.win32_1.4.0.202007081208/tools/bin/../lib/gcc/arm-none-eabi/7.3.1/thumb/v7-m/crti.o
 .bss           0x0000000000000000        0x0 c:/st/stm32cubeide_1.4.0/stm32cubeide/plugins/com.st.stm32cube.ide.mcu.externaltools.gnu-tools-for-stm32.7-2018-q2-update.win32_1.4.0.202007081208/tools/bin/../lib/gcc/arm-none-eabi/7.3.1/thumb/v7-m/crti.o
 .data          0x0000000000000000        0x4 c:/st/stm32cubeide_1.4.0/stm32cubeide/plugins/com.st.stm32cube.ide.mcu.externaltools.gnu-tools-for-stm32.7-2018-q2-update.win32_1.4.0.202007081208/tools/bin/../lib/gcc/arm-none-eabi/7.3.1/thumb/v7-m/crtbegin.o
 .text          0x0000000000000000       0x74 c:/st/stm32cubeide_1.4.0/stm32cubeide/plugins/com.st.stm32cube.ide.mcu.externaltools.gnu-tools-for-stm32.7-2018-q2-update.win32_1.4.0.202007081208/tools/bin/../lib/gcc/arm-none-eabi/7.3.1/../../../../arm-none-eabi/lib/thumb/v7-m/crt0.o
 .data          0x0000000000000000        0x0 c:/st/stm32cubeide_1.4.0/stm32cubeide/plugins/com.st.stm32cube.ide.mcu.externaltools.gnu-tools-for-stm32.7-2018-q2-update.win32_1.4.0.202007081208/tools/bin/../lib/gcc/arm-none-eabi/7.3.1/../../../../arm-none-eabi/lib/thumb/v7-m/crt0.o
 .bss           0x0000000000000000        0x0 c:/st/stm32cubeide_1.4.0/stm32cubeide/plugins/com.st.stm32cube.ide.mcu.externaltools.gnu-tools-for-stm32.7-2018-q2-update.win32_1.4.0.202007081208/tools/bin/../lib/gcc/arm-none-eabi/7.3.1/../../../../arm-none-eabi/lib/thumb/v7-m/crt0.o
 .ARM.extab     0x0000000000000000        0x0 c:/st/stm32cubeide_1.4.0/stm32cubeide/plugins/com.st.stm32cube.ide.mcu.externaltools.gnu-tools-for-stm32.7-2018-q2-update.win32_1.4.0.202007081208/tools/bin/../lib/gcc/arm-none-eabi/7.3.1/../../../../arm-none-eabi/lib/thumb/v7-m/crt0.o
 .ARM.exidx     0x0000000000000000        0x8 c:/st/stm32cubeide_1.4.0/stm32cubeide/plugins/com.st.stm32cube.ide.mcu.externaltools.gnu-tools-for-stm32.7-2018-q2-update.win32_1.4.0.202007081208/tools/bin/../lib/gcc/arm-none-eabi/7.3.1/../../../../arm-none-eabi/lib/thumb/v7-m/crt0.o
 .ARM.attributes
                0x0000000000000000       0x1b c:/st/stm32cubeide_1.4.0/stm32cubeide/plugins/com.st.stm32cube.ide.mcu.externaltools.gnu-tools-for-stm32.7-2018-q2-update.win32_1.4.0.202007081208/tools/bin/../lib/gcc/arm-none-eabi/7.3.1/../../../../arm-none-eabi/lib/thumb/v7-m/crt0.o
 .group         0x0000000000000000        0xc HAL/Keypad.o
 .group         0x0000000000000000        0xc HAL/Keypad.o
 .group         0x0000000000000000        0xc HAL/Keypad.o
 .group         0x0000000000000000        0xc HAL/Keypad.o
 .group         0x0000000000000000        0xc HAL/Keypad.o
 .group         0x0000000000000000        0xc HAL/Keypad.o
 .group         0x0000000000000000        0xc HAL/Keypad.o
 .group         0x0000000000000000        0xc HAL/Keypad.o
 .group         0x0000000000000000        0xc HAL/Keypad.o
 .group         0x0000000000000000        0xc HAL/Keypad.o
 .group         0x0000000000000000        0xc HAL/Keypad.o
 .group         0x0000000000000000        0xc HAL/Keypad.o
 .group         0x0000000000000000        0xc HAL/Keypad.o
 .group         0x0000000000000000        0xc HAL/Keypad.o
 .group         0x0000000000000000        0xc HAL/Keypad.o
 .group         0x0000000000000000        0xc HAL/Keypad.o
 .group         0x0000000000000000        0xc HAL/Keypad.o
 .group         0x0000000000000000        0xc HAL/Keypad.o
 .group         0x0000000000000000        0xc HAL/Keypad.o
 .group         0x0000000000000000        0xc HAL/Keypad.o
 .group         0x0000000000000000        0xc HAL/Keypad.o
 .group         0x0000000000000000        0xc HAL/Keypad.o
 .group         0x0000000000000000        0xc HAL/Keypad.o
 .group         0x0000000000000000        0xc HAL/Keypad.o
 .group         0x0000000000000000        0xc HAL/Keypad.o
 .text          0x0000000000000000        0x0 HAL/Keypad.o
 .data          0x0000000000000000        0x0 HAL/Keypad.o
 .bss           0x0000000000000000        0x0 HAL/Keypad.o
 .data.keypad   0x0000000000000000       0x10 HAL/Keypad.o
 .data.Keypad_Row
                0x0000000000000000        0x8 HAL/Keypad.o
 .data.Keypad_Col
                0x0000000000000000        0x8 HAL/Keypad.o
 .text.keypad_init
                0x0000000000000000       0xcc HAL/Keypad.o
 .text.keypad_getkey
                0x0000000000000000       0xc0 HAL/Keypad.o
 .debug_info    0x0000000000000000      0xb34 HAL/Keypad.o
 .debug_abbrev  0x0000000000000000      0x1aa HAL/Keypad.o
 .debug_loc     0x0000000000000000       0x7c HAL/Keypad.o
 .debug_aranges
                0x0000000000000000       0x28 HAL/Keypad.o
 .debug_ranges  0x0000000000000000       0x18 HAL/Keypad.o
 .debug_macro   0x0000000000000000      0x158 HAL/Keypad.o
 .debug_macro   0x0000000000000000      0xa60 HAL/Keypad.o
 .debug_macro   0x0000000000000000       0x22 HAL/Keypad.o
 .debug_macro   0x0000000000000000       0x8e HAL/Keypad.o
 .debug_macro   0x0000000000000000       0x51 HAL/Keypad.o
 .debug_macro   0x0000000000000000       0xef HAL/Keypad.o
 .debug_macro   0x0000000000000000       0x6a HAL/Keypad.o
 .debug_macro   0x0000000000000000      0x1df HAL/Keypad.o
 .debug_macro   0x0000000000000000       0x18 HAL/Keypad.o
 .debug_macro   0x0000000000000000       0x46 HAL/Keypad.o
 .debug_macro   0x0000000000000000       0x3c HAL/Keypad.o
 .debug_macro   0x0000000000000000       0x34 HAL/Keypad.o
 .debug_macro   0x0000000000000000       0x16 HAL/Keypad.o
 .debug_macro   0x0000000000000000      0x10e HAL/Keypad.o
 .debug_macro   0x0000000000000000       0x8d HAL/Keypad.o
 .debug_macro   0x0000000000000000       0x52 HAL/Keypad.o
 .debug_macro   0x0000000000000000       0x1f HAL/Keypad.o
 .debug_macro   0x0000000000000000       0x43 HAL/Keypad.o
 .debug_macro   0x0000000000000000       0x20 HAL/Keypad.o
 .debug_macro   0x0000000000000000      0x1a3 HAL/Keypad.o
 .debug_macro   0x0000000000000000      0x330 HAL/Keypad.o
 .debug_macro   0x0000000000000000       0x16 HAL/Keypad.o
 .debug_macro   0x0000000000000000       0x29 HAL/Keypad.o
 .debug_macro   0x0000000000000000      0x234 HAL/Keypad.o
 .debug_macro   0x0000000000000000       0xd0 HAL/Keypad.o
 .debug_macro   0x0000000000000000       0x3a HAL/Keypad.o
 .debug_line    0x0000000000000000      0x5f3 HAL/Keypad.o
 .debug_str     0x0000000000000000     0x7fbc HAL/Keypad.o
 .comment       0x0000000000000000       0x7c HAL/Keypad.o
 .debug_frame   0x0000000000000000       0x50 HAL/Keypad.o
 .ARM.attributes
                0x0000000000000000       0x33 HAL/Keypad.o
 COMMON         0x0000000000000000        0x4 HAL/Keypad.o
 .group         0x0000000000000000        0xc HAL/LCD.o
 .group         0x0000000000000000        0xc HAL/LCD.o
 .group         0x0000000000000000        0xc HAL/LCD.o
 .group         0x0000000000000000        0xc HAL/LCD.o
 .group         0x0000000000000000        0xc HAL/LCD.o
 .group         0x0000000000000000        0xc HAL/LCD.o
 .group         0x0000000000000000        0xc HAL/LCD.o
 .group         0x0000000000000000        0xc HAL/LCD.o
 .group         0x0000000000000000        0xc HAL/LCD.o
 .group         0x0000000000000000        0xc HAL/LCD.o
 .group         0x0000000000000000        0xc HAL/LCD.o
 .group         0x0000000000000000        0xc HAL/LCD.o
 .group         0x0000000000000000        0xc HAL/LCD.o
 .group         0x0000000000000000        0xc HAL/LCD.o
 .group         0x0000000000000000        0xc HAL/LCD.o
 .group         0x0000000000000000        0xc HAL/LCD.o
 .group         0x0000000000000000        0xc HAL/LCD.o
 .group         0x0000000000000000        0xc HAL/LCD.o
 .group         0x0000000000000000        0xc HAL/LCD.o
 .group         0x0000000000000000        0xc HAL/LCD.o
 .group         0x0000000000000000        0xc HAL/LCD.o
 .group         0x0000000000000000        0xc HAL/LCD.o
 .group         0x0000000000000000        0xc HAL/LCD.o
 .group         0x0000000000000000        0xc HAL/LCD.o
 .group         0x0000000000000000        0xc HAL/LCD.o
 .text          0x0000000000000000        0x0 HAL/LCD.o
 .data          0x0000000000000000        0x0 HAL/LCD.o
 .bss           0x0000000000000000        0x0 HAL/LCD.o
 .text._delay_ms
                0x0000000000000000       0x38 HAL/LCD.o
 .text.LCD_init
                0x0000000000000000      0x130 HAL/LCD.o
 .text.LCD_cmd  0x0000000000000000       0x60 HAL/LCD.o
 .text.lcd_Clear
                0x0000000000000000       0x1a HAL/LCD.o
 .text.GOTO_XY  0x0000000000000000       0x4a HAL/LCD.o
 .text.LCD_Character
                0x0000000000000000       0x60 HAL/LCD.o
 .text.LCD_String
                0x0000000000000000       0x60 HAL/LCD.o
 .debug_info    0x0000000000000000      0xbb3 HAL/LCD.o
 .debug_abbrev  0x0000000000000000      0x1dc HAL/LCD.o
 .debug_loc     0x0000000000000000      0x218 HAL/LCD.o
 .debug_aranges
                0x0000000000000000       0x50 HAL/LCD.o
 .debug_ranges  0x0000000000000000       0x40 HAL/LCD.o
 .debug_macro   0x0000000000000000      0x15e HAL/LCD.o
 .debug_macro   0x0000000000000000      0xa60 HAL/LCD.o
 .debug_macro   0x0000000000000000       0x22 HAL/LCD.o
 .debug_macro   0x0000000000000000       0x8e HAL/LCD.o
 .debug_macro   0x0000000000000000       0x51 HAL/LCD.o
 .debug_macro   0x0000000000000000       0xef HAL/LCD.o
 .debug_macro   0x0000000000000000       0x6a HAL/LCD.o
 .debug_macro   0x0000000000000000      0x1df HAL/LCD.o
 .debug_macro   0x0000000000000000       0x18 HAL/LCD.o
 .debug_macro   0x0000000000000000       0x46 HAL/LCD.o
 .debug_macro   0x0000000000000000       0x3c HAL/LCD.o
 .debug_macro   0x0000000000000000       0x34 HAL/LCD.o
 .debug_macro   0x0000000000000000       0x16 HAL/LCD.o
 .debug_macro   0x0000000000000000      0x10e HAL/LCD.o
 .debug_macro   0x0000000000000000       0x8d HAL/LCD.o
 .debug_macro   0x0000000000000000       0x52 HAL/LCD.o
 .debug_macro   0x0000000000000000       0x1f HAL/LCD.o
 .debug_macro   0x0000000000000000       0x43 HAL/LCD.o
 .debug_macro   0x0000000000000000       0x20 HAL/LCD.o
 .debug_macro   0x0000000000000000      0x1a3 HAL/LCD.o
 .debug_macro   0x0000000000000000      0x330 HAL/LCD.o
 .debug_macro   0x0000000000000000       0x16 HAL/LCD.o
 .debug_macro   0x0000000000000000       0x29 HAL/LCD.o
 .debug_macro   0x0000000000000000      0x234 HAL/LCD.o
 .debug_macro   0x0000000000000000       0xd0 HAL/LCD.o
 .debug_macro   0x0000000000000000       0x9a HAL/LCD.o
 .debug_line    0x0000000000000000      0x66f HAL/LCD.o
 .debug_str     0x0000000000000000     0x81c4 HAL/LCD.o
 .comment       0x0000000000000000       0x7c HAL/LCD.o
 .debug_frame   0x0000000000000000      0x108 HAL/LCD.o
 .ARM.attributes
                0x0000000000000000       0x33 HAL/LCD.o
 .group         0x0000000000000000        0xc Src/main.o
 .group         0x0000000000000000        0xc Src/main.o
 .group         0x0000000000000000        0xc Src/main.o
 .group         0x0000000000000000        0xc Src/main.o
 .group         0x0000000000000000        0xc Src/main.o
 .group         0x0000000000000000        0xc Src/main.o
 .group         0x0000000000000000        0xc Src/main.o
 .group         0x0000000000000000        0xc Src/main.o
 .group         0x0000000000000000        0xc Src/main.o
 .group         0x0000000000000000        0xc Src/main.o
 .group         0x0000000000000000        0xc Src/main.o
 .group         0x0000000000000000        0xc Src/main.o
 .group         0x0000000000000000        0xc Src/main.o
 .group         0x0000000000000000        0xc Src/main.o
 .group         0x0000000000000000        0xc Src/main.o
 .group         0x0000000000000000        0xc Src/main.o
 .group         0x0000000000000000        0xc Src/main.o
 .group         0x0000000000000000        0xc Src/main.o
 .group         0x0000000000000000        0xc Src/main.o
 .group         0x0000000000000000        0xc Src/main.o
 .group         0x0000000000000000        0xc Src/main.o
 .group         0x0000000000000000        0xc Src/main.o
 .group         0x0000000000000000        0xc Src/main.o
 .group         0x0000000000000000        0xc Src/main.o
 .group         0x0000000000000000        0xc Src/main.o
 .group         0x0000000000000000        0xc Src/main.o
 .group         0x0000000000000000        0xc Src/main.o
 .group         0x0000000000000000        0xc Src/main.o
 .group         0x0000000000000000        0xc Src/main.o
 .text          0x0000000000000000        0x0 Src/main.o
 .data          0x0000000000000000        0x0 Src/main.o
 .bss           0x0000000000000000        0x0 Src/main.o
 .data.DATA2    0x0000000000000000       0x64 Src/main.o
 .data.DATA1    0x0000000000000000        0x2 Src/main.o
 .debug_macro   0x0000000000000000      0xa60 Src/main.o
 .debug_macro   0x0000000000000000       0x22 Src/main.o
 .debug_macro   0x0000000000000000       0x8e Src/main.o
 .debug_macro   0x0000000000000000       0x51 Src/main.o
 .debug_macro   0x0000000000000000       0xef Src/main.o
 .debug_macro   0x0000000000000000       0x6a Src/main.o
 .debug_macro   0x0000000000000000      0x1df Src/main.o
 .debug_macro   0x0000000000000000       0x18 Src/main.o
 .debug_macro   0x0000000000000000       0x46 Src/main.o
 .debug_macro   0x0000000000000000       0x3c Src/main.o
 .debug_macro   0x0000000000000000       0x34 Src/main.o
 .debug_macro   0x0000000000000000       0x16 Src/main.o
 .debug_macro   0x0000000000000000      0x10e Src/main.o
 .debug_macro   0x0000000000000000       0x8d Src/main.o
 .debug_macro   0x0000000000000000       0x52 Src/main.o
 .debug_macro   0x0000000000000000       0x1f Src/main.o
 .debug_macro   0x0000000000000000       0x43 Src/main.o
 .debug_macro   0x0000000000000000       0x20 Src/main.o
 .debug_macro   0x0000000000000000      0x1a3 Src/main.o
 .debug_macro   0x0000000000000000      0x330 Src/main.o
 .debug_macro   0x0000000000000000       0x16 Src/main.o
 .debug_macro   0x0000000000000000       0x29 Src/main.o
 .debug_macro   0x0000000000000000      0x234 Src/main.o
 .debug_macro   0x0000000000000000       0xd0 Src/main.o
 .group         0x0000000000000000        0xc Src/syscalls.o
 .group         0x0000000000000000        0xc Src/syscalls.o
 .group         0x0000000000000000        0xc Src/syscalls.o
 .group         0x0000000000000000        0xc Src/syscalls.o
 .group         0x0000000000000000        0xc Src/syscalls.o
 .group         0x0000000000000000        0xc Src/syscalls.o
 .group         0x0000000000000000        0xc Src/syscalls.o
 .group         0x0000000000000000        0xc Src/syscalls.o
 .group         0x0000000000000000        0xc Src/syscalls.o
 .group         0x0000000000000000        0xc Src/syscalls.o
 .group         0x0000000000000000        0xc Src/syscalls.o
 .group         0x0000000000000000        0xc Src/syscalls.o
 .group         0x0000000000000000        0xc Src/syscalls.o
 .group         0x0000000000000000        0xc Src/syscalls.o
 .group         0x0000000000000000        0xc Src/syscalls.o
 .group         0x0000000000000000        0xc Src/syscalls.o
 .group         0x0000000000000000        0xc Src/syscalls.o
 .group         0x0000000000000000        0xc Src/syscalls.o
 .group         0x0000000000000000        0xc Src/syscalls.o
 .group         0x0000000000000000        0xc Src/syscalls.o
 .group         0x0000000000000000        0xc Src/syscalls.o
 .group         0x0000000000000000        0xc Src/syscalls.o
 .group         0x0000000000000000        0xc Src/syscalls.o
 .group         0x0000000000000000        0xc Src/syscalls.o
 .group         0x0000000000000000        0xc Src/syscalls.o
 .group         0x0000000000000000        0xc Src/syscalls.o
 .group         0x0000000000000000        0xc Src/syscalls.o
 .group         0x0000000000000000        0xc Src/syscalls.o
 .group         0x0000000000000000        0xc Src/syscalls.o
 .group         0x0000000000000000        0xc Src/syscalls.o
 .group         0x0000000000000000        0xc Src/syscalls.o
 .group         0x0000000000000000        0xc Src/syscalls.o
 .group         0x0000000000000000        0xc Src/syscalls.o
 .group         0x0000000000000000        0xc Src/syscalls.o
 .group         0x0000000000000000        0xc Src/syscalls.o
 .group         0x0000000000000000        0xc Src/syscalls.o
 .group         0x0000000000000000        0xc Src/syscalls.o
 .group         0x0000000000000000        0xc Src/syscalls.o
 .group         0x0000000000000000        0xc Src/syscalls.o
 .group         0x0000000000000000        0xc Src/syscalls.o
 .group         0x0000000000000000        0xc Src/syscalls.o
 .group         0x0000000000000000        0xc Src/syscalls.o
 .group         0x0000000000000000        0xc Src/syscalls.o
 .group         0x0000000000000000        0xc Src/syscalls.o
 .text          0x0000000000000000        0x0 Src/syscalls.o
 .data          0x0000000000000000        0x0 Src/syscalls.o
 .bss           0x0000000000000000        0x0 Src/syscalls.o
 .bss.__env     0x0000000000000000        0x4 Src/syscalls.o
 .data.environ  0x0000000000000000        0x4 Src/syscalls.o
 .text.initialise_monitor_handles
                0x0000000000000000        0xc Src/syscalls.o
 .text._getpid  0x0000000000000000        0xe Src/syscalls.o
 .text._kill    0x0000000000000000       0x20 Src/syscalls.o
 .text._exit    0x0000000000000000       0x14 Src/syscalls.o
 .text._read    0x0000000000000000       0x3a Src/syscalls.o
 .text._write   0x0000000000000000       0x38 Src/syscalls.o
 .text._close   0x0000000000000000       0x16 Src/syscalls.o
 .text._fstat   0x0000000000000000       0x1e Src/syscalls.o
 .text._isatty  0x0000000000000000       0x14 Src/syscalls.o
 .text._lseek   0x0000000000000000       0x18 Src/syscalls.o
 .text._open    0x0000000000000000       0x1a Src/syscalls.o
 .text._wait    0x0000000000000000       0x1e Src/syscalls.o
 .text._unlink  0x0000000000000000       0x1e Src/syscalls.o
 .text._times   0x0000000000000000       0x16 Src/syscalls.o
 .text._stat    0x0000000000000000       0x1e Src/syscalls.o
 .text._link    0x0000000000000000       0x20 Src/syscalls.o
 .text._fork    0x0000000000000000       0x16 Src/syscalls.o
 .text._execve  0x0000000000000000       0x22 Src/syscalls.o
 .debug_info    0x0000000000000000     0x1038 Src/syscalls.o
 .debug_abbrev  0x0000000000000000      0x254 Src/syscalls.o
 .debug_loc     0x0000000000000000      0x5b8 Src/syscalls.o
 .debug_aranges
                0x0000000000000000       0xa8 Src/syscalls.o
 .debug_ranges  0x0000000000000000       0x98 Src/syscalls.o
 .debug_macro   0x0000000000000000      0x243 Src/syscalls.o
 .debug_macro   0x0000000000000000      0xa60 Src/syscalls.o
 .debug_macro   0x0000000000000000       0x22 Src/syscalls.o
 .debug_macro   0x0000000000000000       0x40 Src/syscalls.o
 .debug_macro   0x0000000000000000       0x18 Src/syscalls.o
 .debug_macro   0x0000000000000000       0x94 Src/syscalls.o
 .debug_macro   0x0000000000000000       0x3c Src/syscalls.o
 .debug_macro   0x0000000000000000       0x34 Src/syscalls.o
 .debug_macro   0x0000000000000000       0x57 Src/syscalls.o
 .debug_macro   0x0000000000000000      0x174 Src/syscalls.o
 .debug_macro   0x0000000000000000      0x330 Src/syscalls.o
 .debug_macro   0x0000000000000000       0x52 Src/syscalls.o
 .debug_macro   0x0000000000000000       0x1f Src/syscalls.o
 .debug_macro   0x0000000000000000       0x43 Src/syscalls.o
 .debug_macro   0x0000000000000000       0x20 Src/syscalls.o
 .debug_macro   0x0000000000000000      0x1a3 Src/syscalls.o
 .debug_macro   0x0000000000000000       0x10 Src/syscalls.o
 .debug_macro   0x0000000000000000       0x35 Src/syscalls.o
 .debug_macro   0x0000000000000000       0x10 Src/syscalls.o
 .debug_macro   0x0000000000000000       0x10 Src/syscalls.o
 .debug_macro   0x0000000000000000       0x10 Src/syscalls.o
 .debug_macro   0x0000000000000000       0x6a Src/syscalls.o
 .debug_macro   0x0000000000000000       0x1c Src/syscalls.o
 .debug_macro   0x0000000000000000       0x52 Src/syscalls.o
 .debug_macro   0x0000000000000000       0x40 Src/syscalls.o
 .debug_macro   0x0000000000000000       0x10 Src/syscalls.o
 .debug_macro   0x0000000000000000       0x40 Src/syscalls.o
 .debug_macro   0x0000000000000000       0xd7 Src/syscalls.o
 .debug_macro   0x0000000000000000       0x1c Src/syscalls.o
 .debug_macro   0x0000000000000000       0x3d Src/syscalls.o
 .debug_macro   0x0000000000000000       0x35 Src/syscalls.o
 .debug_macro   0x0000000000000000      0x122 Src/syscalls.o
 .debug_macro   0x0000000000000000       0x16 Src/syscalls.o
 .debug_macro   0x0000000000000000       0x16 Src/syscalls.o
 .debug_macro   0x0000000000000000       0x29 Src/syscalls.o
 .debug_macro   0x0000000000000000       0x10 Src/syscalls.o
 .debug_macro   0x0000000000000000      0x241 Src/syscalls.o
 .debug_macro   0x0000000000000000       0x1c Src/syscalls.o
 .debug_macro   0x0000000000000000       0x10 Src/syscalls.o
 .debug_macro   0x0000000000000000       0x10 Src/syscalls.o
 .debug_macro   0x0000000000000000       0x16 Src/syscalls.o
 .debug_macro   0x0000000000000000      0x145 Src/syscalls.o
 .debug_macro   0x0000000000000000      0x189 Src/syscalls.o
 .debug_macro   0x0000000000000000       0x16 Src/syscalls.o
 .debug_macro   0x0000000000000000       0x88 Src/syscalls.o
 .debug_line    0x0000000000000000      0x739 Src/syscalls.o
 .debug_str     0x0000000000000000     0x887e Src/syscalls.o
 .comment       0x0000000000000000       0x7c Src/syscalls.o
 .debug_frame   0x0000000000000000      0x2ac Src/syscalls.o
 .ARM.attributes
                0x0000000000000000       0x33 Src/syscalls.o
 .group         0x0000000000000000        0xc Src/sysmem.o
 .group         0x0000000000000000        0xc Src/sysmem.o
 .group         0x0000000000000000        0xc Src/sysmem.o
 .group         0x0000000000000000        0xc Src/sysmem.o
 .group         0x0000000000000000        0xc Src/sysmem.o
 .group         0x0000000000000000        0xc Src/sysmem.o
 .group         0x0000000000000000        0xc Src/sysmem.o
 .group         0x0000000000000000        0xc Src/sysmem.o
 .group         0x0000000000000000        0xc Src/sysmem.o
 .group         0x0000000000000000        0xc Src/sysmem.o
 .group         0x0000000000000000        0xc Src/sysmem.o
 .group         0x0000000000000000        0xc Src/sysmem.o
 .group         0x0000000000000000        0xc Src/sysmem.o
 .group         0x0000000000000000        0xc Src/sysmem.o
 .group         0x0000000000000000        0xc Src/sysmem.o
 .group         0x0000000000000000        0xc Src/sysmem.o
 .group         0x0000000000000000        0xc Src/sysmem.o
 .group         0x0000000000000000        0xc Src/sysmem.o
 .group         0x0000000000000000        0xc Src/sysmem.o
 .text          0x0000000000000000        0x0 Src/sysmem.o
 .data          0x0000000000000000        0x0 Src/sysmem.o
 .bss           0x0000000000000000        0x0 Src/sysmem.o
 .bss.__sbrk_heap_end
                0x0000000000000000        0x4 Src/sysmem.o
 .text._sbrk    0x0000000000000000       0x6c Src/sysmem.o
 .debug_info    0x0000000000000000      0xa7c Src/sysmem.o
 .debug_abbrev  0x0000000000000000      0x18e Src/sysmem.o
 .debug_loc     0x0000000000000000       0x50 Src/sysmem.o
 .debug_aranges
                0x0000000000000000       0x20 Src/sysmem.o
 .debug_ranges  0x0000000000000000       0x10 Src/sysmem.o
 .debug_macro   0x0000000000000000       0xee Src/sysmem.o
 .debug_macro   0x0000000000000000      0xa60 Src/sysmem.o
 .debug_macro   0x0000000000000000       0x10 Src/sysmem.o
 .debug_macro   0x0000000000000000       0x22 Src/sysmem.o
 .debug_macro   0x0000000000000000       0x40 Src/sysmem.o
 .debug_macro   0x0000000000000000       0x18 Src/sysmem.o
 .debug_macro   0x0000000000000000       0x94 Src/sysmem.o
 .debug_macro   0x0000000000000000       0x3c Src/sysmem.o
 .debug_macro   0x0000000000000000       0x34 Src/sysmem.o
 .debug_macro   0x0000000000000000      0x174 Src/sysmem.o
 .debug_macro   0x0000000000000000       0x57 Src/sysmem.o
 .debug_macro   0x0000000000000000       0x52 Src/sysmem.o
 .debug_macro   0x0000000000000000       0x1f Src/sysmem.o
 .debug_macro   0x0000000000000000       0x43 Src/sysmem.o
 .debug_macro   0x0000000000000000       0x20 Src/sysmem.o
 .debug_macro   0x0000000000000000      0x1a3 Src/sysmem.o
 .debug_macro   0x0000000000000000      0x23b Src/sysmem.o
 .debug_macro   0x0000000000000000       0xef Src/sysmem.o
 .debug_macro   0x0000000000000000       0x6a Src/sysmem.o
 .debug_macro   0x0000000000000000      0x1df Src/sysmem.o
 .debug_line    0x0000000000000000      0x4c2 Src/sysmem.o
 .debug_str     0x0000000000000000     0x5f4c Src/sysmem.o
 .comment       0x0000000000000000       0x7c Src/sysmem.o
 .debug_frame   0x0000000000000000       0x34 Src/sysmem.o
 .ARM.attributes
                0x0000000000000000       0x33 Src/sysmem.o
 .text          0x0000000000000000       0x14 Startup/startup_stm32f103c6tx.o
 .data          0x0000000000000000        0x0 Startup/startup_stm32f103c6tx.o
 .bss           0x0000000000000000        0x0 Startup/startup_stm32f103c6tx.o
 .group         0x0000000000000000        0xc stm32_f103c6_Drivers/stm32_f103c6_EXTI.o
 .group         0x0000000000000000        0xc stm32_f103c6_Drivers/stm32_f103c6_EXTI.o
 .group         0x0000000000000000        0xc stm32_f103c6_Drivers/stm32_f103c6_EXTI.o
 .group         0x0000000000000000        0xc stm32_f103c6_Drivers/stm32_f103c6_EXTI.o
 .group         0x0000000000000000        0xc stm32_f103c6_Drivers/stm32_f103c6_EXTI.o
 .group         0x0000000000000000        0xc stm32_f103c6_Drivers/stm32_f103c6_EXTI.o
 .group         0x0000000000000000        0xc stm32_f103c6_Drivers/stm32_f103c6_EXTI.o
 .group         0x0000000000000000        0xc stm32_f103c6_Drivers/stm32_f103c6_EXTI.o
 .group         0x0000000000000000        0xc stm32_f103c6_Drivers/stm32_f103c6_EXTI.o
 .group         0x0000000000000000        0xc stm32_f103c6_Drivers/stm32_f103c6_EXTI.o
 .group         0x0000000000000000        0xc stm32_f103c6_Drivers/stm32_f103c6_EXTI.o
 .group         0x0000000000000000        0xc stm32_f103c6_Drivers/stm32_f103c6_EXTI.o
 .group         0x0000000000000000        0xc stm32_f103c6_Drivers/stm32_f103c6_EXTI.o
 .group         0x0000000000000000        0xc stm32_f103c6_Drivers/stm32_f103c6_EXTI.o
 .group         0x0000000000000000        0xc stm32_f103c6_Drivers/stm32_f103c6_EXTI.o
 .group         0x0000000000000000        0xc stm32_f103c6_Drivers/stm32_f103c6_EXTI.o
 .group         0x0000000000000000        0xc stm32_f103c6_Drivers/stm32_f103c6_EXTI.o
 .group         0x0000000000000000        0xc stm32_f103c6_Drivers/stm32_f103c6_EXTI.o
 .group         0x0000000000000000        0xc stm32_f103c6_Drivers/stm32_f103c6_EXTI.o
 .group         0x0000000000000000        0xc stm32_f103c6_Drivers/stm32_f103c6_EXTI.o
 .group         0x0000000000000000        0xc stm32_f103c6_Drivers/stm32_f103c6_EXTI.o
 .group         0x0000000000000000        0xc stm32_f103c6_Drivers/stm32_f103c6_EXTI.o
 .group         0x0000000000000000        0xc stm32_f103c6_Drivers/stm32_f103c6_EXTI.o
 .group         0x0000000000000000        0xc stm32_f103c6_Drivers/stm32_f103c6_EXTI.o
 .group         0x0000000000000000        0xc stm32_f103c6_Drivers/stm32_f103c6_EXTI.o
 .text          0x0000000000000000        0x0 stm32_f103c6_Drivers/stm32_f103c6_EXTI.o
 .data          0x0000000000000000        0x0 stm32_f103c6_Drivers/stm32_f103c6_EXTI.o
 .bss           0x0000000000000000        0x0 stm32_f103c6_Drivers/stm32_f103c6_EXTI.o
 .text.Enable_NVIC
                0x0000000000000000       0xcc stm32_f103c6_Drivers/stm32_f103c6_EXTI.o
 .text.Disable_NVIC
                0x0000000000000000       0xcc stm32_f103c6_Drivers/stm32_f103c6_EXTI.o
 .text.Configuration_EXTI
                0x0000000000000000      0x1cc stm32_f103c6_Drivers/stm32_f103c6_EXTI.o
 .text.MCAL_EXTI_GPIO_Init
                0x0000000000000000       0x16 stm32_f103c6_Drivers/stm32_f103c6_EXTI.o
 .text.MCAL_EXTI_GPIO_DeInit
                0x0000000000000000       0x94 stm32_f103c6_Drivers/stm32_f103c6_EXTI.o
 .text.MCAL_EXTI_GPIO_Update
                0x0000000000000000       0x16 stm32_f103c6_Drivers/stm32_f103c6_EXTI.o
 .debug_macro   0x0000000000000000      0xa60 stm32_f103c6_Drivers/stm32_f103c6_EXTI.o
 .debug_macro   0x0000000000000000       0x22 stm32_f103c6_Drivers/stm32_f103c6_EXTI.o
 .debug_macro   0x0000000000000000       0x8e stm32_f103c6_Drivers/stm32_f103c6_EXTI.o
 .debug_macro   0x0000000000000000       0x51 stm32_f103c6_Drivers/stm32_f103c6_EXTI.o
 .debug_macro   0x0000000000000000       0xef stm32_f103c6_Drivers/stm32_f103c6_EXTI.o
 .debug_macro   0x0000000000000000       0x6a stm32_f103c6_Drivers/stm32_f103c6_EXTI.o
 .debug_macro   0x0000000000000000      0x1df stm32_f103c6_Drivers/stm32_f103c6_EXTI.o
 .debug_macro   0x0000000000000000       0x18 stm32_f103c6_Drivers/stm32_f103c6_EXTI.o
 .debug_macro   0x0000000000000000       0x46 stm32_f103c6_Drivers/stm32_f103c6_EXTI.o
 .debug_macro   0x0000000000000000       0x3c stm32_f103c6_Drivers/stm32_f103c6_EXTI.o
 .debug_macro   0x0000000000000000       0x34 stm32_f103c6_Drivers/stm32_f103c6_EXTI.o
 .debug_macro   0x0000000000000000       0x16 stm32_f103c6_Drivers/stm32_f103c6_EXTI.o
 .debug_macro   0x0000000000000000      0x10e stm32_f103c6_Drivers/stm32_f103c6_EXTI.o
 .debug_macro   0x0000000000000000       0x8d stm32_f103c6_Drivers/stm32_f103c6_EXTI.o
 .debug_macro   0x0000000000000000       0x52 stm32_f103c6_Drivers/stm32_f103c6_EXTI.o
 .debug_macro   0x0000000000000000       0x1f stm32_f103c6_Drivers/stm32_f103c6_EXTI.o
 .debug_macro   0x0000000000000000       0x43 stm32_f103c6_Drivers/stm32_f103c6_EXTI.o
 .debug_macro   0x0000000000000000       0x20 stm32_f103c6_Drivers/stm32_f103c6_EXTI.o
 .debug_macro   0x0000000000000000      0x1a3 stm32_f103c6_Drivers/stm32_f103c6_EXTI.o
 .debug_macro   0x0000000000000000      0x330 stm32_f103c6_Drivers/stm32_f103c6_EXTI.o
 .debug_macro   0x0000000000000000       0x16 stm32_f103c6_Drivers/stm32_f103c6_EXTI.o
 .debug_macro   0x0000000000000000       0x29 stm32_f103c6_Drivers/stm32_f103c6_EXTI.o
 .debug_macro   0x0000000000000000      0x234 stm32_f103c6_Drivers/stm32_f103c6_EXTI.o
 .group         0x0000000000000000        0xc stm32_f103c6_Drivers/stm32_f103c6_GPIO.o
 .group         0x0000000000000000        0xc stm32_f103c6_Drivers/stm32_f103c6_GPIO.o
 .group         0x0000000000000000        0xc stm32_f103c6_Drivers/stm32_f103c6_GPIO.o
 .group         0x0000000000000000        0xc stm32_f103c6_Drivers/stm32_f103c6_GPIO.o
 .group         0x0000000000000000        0xc stm32_f103c6_Drivers/stm32_f103c6_GPIO.o
 .group         0x0000000000000000        0xc stm32_f103c6_Drivers/stm32_f103c6_GPIO.o
 .group         0x0000000000000000        0xc stm32_f103c6_Drivers/stm32_f103c6_GPIO.o
 .group         0x0000000000000000        0xc stm32_f103c6_Drivers/stm32_f103c6_GPIO.o
 .group         0x0000000000000000        0xc stm32_f103c6_Drivers/stm32_f103c6_GPIO.o
 .group         0x0000000000000000        0xc stm32_f103c6_Drivers/stm32_f103c6_GPIO.o
 .group         0x0000000000000000        0xc stm32_f103c6_Drivers/stm32_f103c6_GPIO.o
 .group         0x0000000000000000        0xc stm32_f103c6_Drivers/stm32_f103c6_GPIO.o
 .group         0x0000000000000000        0xc stm32_f103c6_Drivers/stm32_f103c6_GPIO.o
 .group         0x0000000000000000        0xc stm32_f103c6_Drivers/stm32_f103c6_GPIO.o
 .group         0x0000000000000000        0xc stm32_f103c6_Drivers/stm32_f103c6_GPIO.o
 .group         0x0000000000000000        0xc stm32_f103c6_Drivers/stm32_f103c6_GPIO.o
 .group         0x0000000000000000        0xc stm32_f103c6_Drivers/stm32_f103c6_GPIO.o
 .group         0x0000000000000000        0xc stm32_f103c6_Drivers/stm32_f103c6_GPIO.o
 .group         0x0000000000000000        0xc stm32_f103c6_Drivers/stm32_f103c6_GPIO.o
 .group         0x0000000000000000        0xc stm32_f103c6_Drivers/stm32_f103c6_GPIO.o
 .group         0x0000000000000000        0xc stm32_f103c6_Drivers/stm32_f103c6_GPIO.o
 .group         0x0000000000000000        0xc stm32_f103c6_Drivers/stm32_f103c6_GPIO.o
 .group         0x0000000000000000        0xc stm32_f103c6_Drivers/stm32_f103c6_GPIO.o
 .group         0x0000000000000000        0xc stm32_f103c6_Drivers/stm32_f103c6_GPIO.o
 .text          0x0000000000000000        0x0 stm32_f103c6_Drivers/stm32_f103c6_GPIO.o
 .data          0x0000000000000000        0x0 stm32_f103c6_Drivers/stm32_f103c6_GPIO.o
 .bss           0x0000000000000000        0x0 stm32_f103c6_Drivers/stm32_f103c6_GPIO.o
 .text.MCAL_GPIO_DeInit
                0x0000000000000000       0xd4 stm32_f103c6_Drivers/stm32_f103c6_GPIO.o
 .text.MCAL_GPIO_ReadPin
                0x0000000000000000       0x2e stm32_f103c6_Drivers/stm32_f103c6_GPIO.o
 .text.MCAL_GPIO_ReadPort
                0x0000000000000000       0x1a stm32_f103c6_Drivers/stm32_f103c6_GPIO.o
 .text.MCAL_GPIO_WritePin
                0x0000000000000000       0x2e stm32_f103c6_Drivers/stm32_f103c6_GPIO.o
 .text.MCAL_GPIO_WritePort
                0x0000000000000000       0x1c stm32_f103c6_Drivers/stm32_f103c6_GPIO.o
 .text.MCAL_GPIO_TogglePin
                0x0000000000000000       0x22 stm32_f103c6_Drivers/stm32_f103c6_GPIO.o
 .text.MCAL_GPIO_LockPin
                0x0000000000000000       0x52 stm32_f103c6_Drivers/stm32_f103c6_GPIO.o
 .debug_macro   0x0000000000000000      0xa60 stm32_f103c6_Drivers/stm32_f103c6_GPIO.o
 .debug_macro   0x0000000000000000       0x22 stm32_f103c6_Drivers/stm32_f103c6_GPIO.o
 .debug_macro   0x0000000000000000       0x8e stm32_f103c6_Drivers/stm32_f103c6_GPIO.o
 .debug_macro   0x0000000000000000       0x51 stm32_f103c6_Drivers/stm32_f103c6_GPIO.o
 .debug_macro   0x0000000000000000       0xef stm32_f103c6_Drivers/stm32_f103c6_GPIO.o
 .debug_macro   0x0000000000000000       0x6a stm32_f103c6_Drivers/stm32_f103c6_GPIO.o
 .debug_macro   0x0000000000000000      0x1df stm32_f103c6_Drivers/stm32_f103c6_GPIO.o
 .debug_macro   0x0000000000000000       0x18 stm32_f103c6_Drivers/stm32_f103c6_GPIO.o
 .debug_macro   0x0000000000000000       0x46 stm32_f103c6_Drivers/stm32_f103c6_GPIO.o
 .debug_macro   0x0000000000000000       0x3c stm32_f103c6_Drivers/stm32_f103c6_GPIO.o
 .debug_macro   0x0000000000000000       0x34 stm32_f103c6_Drivers/stm32_f103c6_GPIO.o
 .debug_macro   0x0000000000000000       0x16 stm32_f103c6_Drivers/stm32_f103c6_GPIO.o
 .debug_macro   0x0000000000000000      0x10e stm32_f103c6_Drivers/stm32_f103c6_GPIO.o
 .debug_macro   0x0000000000000000       0x8d stm32_f103c6_Drivers/stm32_f103c6_GPIO.o
 .debug_macro   0x0000000000000000       0x52 stm32_f103c6_Drivers/stm32_f103c6_GPIO.o
 .debug_macro   0x0000000000000000       0x1f stm32_f103c6_Drivers/stm32_f103c6_GPIO.o
 .debug_macro   0x0000000000000000       0x43 stm32_f103c6_Drivers/stm32_f103c6_GPIO.o
 .debug_macro   0x0000000000000000       0x20 stm32_f103c6_Drivers/stm32_f103c6_GPIO.o
 .debug_macro   0x0000000000000000      0x1a3 stm32_f103c6_Drivers/stm32_f103c6_GPIO.o
 .debug_macro   0x0000000000000000      0x330 stm32_f103c6_Drivers/stm32_f103c6_GPIO.o
 .debug_macro   0x0000000000000000       0x16 stm32_f103c6_Drivers/stm32_f103c6_GPIO.o
 .debug_macro   0x0000000000000000       0x29 stm32_f103c6_Drivers/stm32_f103c6_GPIO.o
 .debug_macro   0x0000000000000000      0x234 stm32_f103c6_Drivers/stm32_f103c6_GPIO.o
 .debug_macro   0x0000000000000000       0xd0 stm32_f103c6_Drivers/stm32_f103c6_GPIO.o
 .group         0x0000000000000000        0xc stm32_f103c6_Drivers/stm32_f103c6_RCC.o
 .group         0x0000000000000000        0xc stm32_f103c6_Drivers/stm32_f103c6_RCC.o
 .group         0x0000000000000000        0xc stm32_f103c6_Drivers/stm32_f103c6_RCC.o
 .group         0x0000000000000000        0xc stm32_f103c6_Drivers/stm32_f103c6_RCC.o
 .group         0x0000000000000000        0xc stm32_f103c6_Drivers/stm32_f103c6_RCC.o
 .group         0x0000000000000000        0xc stm32_f103c6_Drivers/stm32_f103c6_RCC.o
 .group         0x0000000000000000        0xc stm32_f103c6_Drivers/stm32_f103c6_RCC.o
 .group         0x0000000000000000        0xc stm32_f103c6_Drivers/stm32_f103c6_RCC.o
 .group         0x0000000000000000        0xc stm32_f103c6_Drivers/stm32_f103c6_RCC.o
 .group         0x0000000000000000        0xc stm32_f103c6_Drivers/stm32_f103c6_RCC.o
 .group         0x0000000000000000        0xc stm32_f103c6_Drivers/stm32_f103c6_RCC.o
 .group         0x0000000000000000        0xc stm32_f103c6_Drivers/stm32_f103c6_RCC.o
 .group         0x0000000000000000        0xc stm32_f103c6_Drivers/stm32_f103c6_RCC.o
 .group         0x0000000000000000        0xc stm32_f103c6_Drivers/stm32_f103c6_RCC.o
 .group         0x0000000000000000        0xc stm32_f103c6_Drivers/stm32_f103c6_RCC.o
 .group         0x0000000000000000        0xc stm32_f103c6_Drivers/stm32_f103c6_RCC.o
 .group         0x0000000000000000        0xc stm32_f103c6_Drivers/stm32_f103c6_RCC.o
 .group         0x0000000000000000        0xc stm32_f103c6_Drivers/stm32_f103c6_RCC.o
 .group         0x0000000000000000        0xc stm32_f103c6_Drivers/stm32_f103c6_RCC.o
 .group         0x0000000000000000        0xc stm32_f103c6_Drivers/stm32_f103c6_RCC.o
 .group         0x0000000000000000        0xc stm32_f103c6_Drivers/stm32_f103c6_RCC.o
 .group         0x0000000000000000        0xc stm32_f103c6_Drivers/stm32_f103c6_RCC.o
 .group         0x0000000000000000        0xc stm32_f103c6_Drivers/stm32_f103c6_RCC.o
 .group         0x0000000000000000        0xc stm32_f103c6_Drivers/stm32_f103c6_RCC.o
 .text          0x0000000000000000        0x0 stm32_f103c6_Drivers/stm32_f103c6_RCC.o
 .data          0x0000000000000000        0x0 stm32_f103c6_Drivers/stm32_f103c6_RCC.o
 .bss           0x0000000000000000        0x0 stm32_f103c6_Drivers/stm32_f103c6_RCC.o
 .rodata.HPRE_table
                0x0000000000000000       0x10 stm32_f103c6_Drivers/stm32_f103c6_RCC.o
 .text.MCAL_Get_HCLC_FREQ
                0x0000000000000000       0x28 stm32_f103c6_Drivers/stm32_f103c6_RCC.o
 .debug_macro   0x0000000000000000      0xa60 stm32_f103c6_Drivers/stm32_f103c6_RCC.o
 .debug_macro   0x0000000000000000       0x22 stm32_f103c6_Drivers/stm32_f103c6_RCC.o
 .debug_macro   0x0000000000000000       0x8e stm32_f103c6_Drivers/stm32_f103c6_RCC.o
 .debug_macro   0x0000000000000000       0x51 stm32_f103c6_Drivers/stm32_f103c6_RCC.o
 .debug_macro   0x0000000000000000       0xef stm32_f103c6_Drivers/stm32_f103c6_RCC.o
 .debug_macro   0x0000000000000000       0x6a stm32_f103c6_Drivers/stm32_f103c6_RCC.o
 .debug_macro   0x0000000000000000      0x1df stm32_f103c6_Drivers/stm32_f103c6_RCC.o
 .debug_macro   0x0000000000000000       0x18 stm32_f103c6_Drivers/stm32_f103c6_RCC.o
 .debug_macro   0x0000000000000000       0x46 stm32_f103c6_Drivers/stm32_f103c6_RCC.o
 .debug_macro   0x0000000000000000       0x3c stm32_f103c6_Drivers/stm32_f103c6_RCC.o
 .debug_macro   0x0000000000000000       0x34 stm32_f103c6_Drivers/stm32_f103c6_RCC.o
 .debug_macro   0x0000000000000000       0x16 stm32_f103c6_Drivers/stm32_f103c6_RCC.o
 .debug_macro   0x0000000000000000      0x10e stm32_f103c6_Drivers/stm32_f103c6_RCC.o
 .debug_macro   0x0000000000000000       0x8d stm32_f103c6_Drivers/stm32_f103c6_RCC.o
 .debug_macro   0x0000000000000000       0x52 stm32_f103c6_Drivers/stm32_f103c6_RCC.o
 .debug_macro   0x0000000000000000       0x1f stm32_f103c6_Drivers/stm32_f103c6_RCC.o
 .debug_macro   0x0000000000000000       0x43 stm32_f103c6_Drivers/stm32_f103c6_RCC.o
 .debug_macro   0x0000000000000000       0x20 stm32_f103c6_Drivers/stm32_f103c6_RCC.o
 .debug_macro   0x0000000000000000      0x1a3 stm32_f103c6_Drivers/stm32_f103c6_RCC.o
 .debug_macro   0x0000000000000000      0x330 stm32_f103c6_Drivers/stm32_f103c6_RCC.o
 .debug_macro   0x0000000000000000       0x16 stm32_f103c6_Drivers/stm32_f103c6_RCC.o
 .debug_macro   0x0000000000000000       0x29 stm32_f103c6_Drivers/stm32_f103c6_RCC.o
 .debug_macro   0x0000000000000000      0x234 stm32_f103c6_Drivers/stm32_f103c6_RCC.o
 .group         0x0000000000000000        0xc stm32_f103c6_Drivers/stm32_f103c6_USART.o
 .group         0x0000000000000000        0xc stm32_f103c6_Drivers/stm32_f103c6_USART.o
 .group         0x0000000000000000        0xc stm32_f103c6_Drivers/stm32_f103c6_USART.o
 .group         0x0000000000000000        0xc stm32_f103c6_Drivers/stm32_f103c6_USART.o
 .group         0x0000000000000000        0xc stm32_f103c6_Drivers/stm32_f103c6_USART.o
 .group         0x0000000000000000        0xc stm32_f103c6_Drivers/stm32_f103c6_USART.o
 .group         0x0000000000000000        0xc stm32_f103c6_Drivers/stm32_f103c6_USART.o
 .group         0x0000000000000000        0xc stm32_f103c6_Drivers/stm32_f103c6_USART.o
 .group         0x0000000000000000        0xc stm32_f103c6_Drivers/stm32_f103c6_USART.o
 .group         0x0000000000000000        0xc stm32_f103c6_Drivers/stm32_f103c6_USART.o
 .group         0x0000000000000000        0xc stm32_f103c6_Drivers/stm32_f103c6_USART.o
 .group         0x0000000000000000        0xc stm32_f103c6_Drivers/stm32_f103c6_USART.o
 .group         0x0000000000000000        0xc stm32_f103c6_Drivers/stm32_f103c6_USART.o
 .group         0x0000000000000000        0xc stm32_f103c6_Drivers/stm32_f103c6_USART.o
 .group         0x0000000000000000        0xc stm32_f103c6_Drivers/stm32_f103c6_USART.o
 .group         0x0000000000000000        0xc stm32_f103c6_Drivers/stm32_f103c6_USART.o
 .group         0x0000000000000000        0xc stm32_f103c6_Drivers/stm32_f103c6_USART.o
 .group         0x0000000000000000        0xc stm32_f103c6_Drivers/stm32_f103c6_USART.o
 .group         0x0000000000000000        0xc stm32_f103c6_Drivers/stm32_f103c6_USART.o
 .group         0x0000000000000000        0xc stm32_f103c6_Drivers/stm32_f103c6_USART.o
 .group         0x0000000000000000        0xc stm32_f103c6_Drivers/stm32_f103c6_USART.o
 .group         0x0000000000000000        0xc stm32_f103c6_Drivers/stm32_f103c6_USART.o
 .group         0x0000000000000000        0xc stm32_f103c6_Drivers/stm32_f103c6_USART.o
 .group         0x0000000000000000        0xc stm32_f103c6_Drivers/stm32_f103c6_USART.o
 .group         0x0000000000000000        0xc stm32_f103c6_Drivers/stm32_f103c6_USART.o
 .group         0x0000000000000000        0xc stm32_f103c6_Drivers/stm32_f103c6_USART.o
 .text          0x0000000000000000        0x0 stm32_f103c6_Drivers/stm32_f103c6_USART.o
 .data          0x0000000000000000        0x0 stm32_f103c6_Drivers/stm32_f103c6_USART.o
 .bss           0x0000000000000000        0x0 stm32_f103c6_Drivers/stm32_f103c6_USART.o
 .text.MCAL_USART_DeInit
                0x0000000000000000       0x8c stm32_f103c6_Drivers/stm32_f103c6_USART.o
 .text.MCAL_USART_WAIT_TC
                0x0000000000000000       0x20 stm32_f103c6_Drivers/stm32_f103c6_USART.o
 .debug_macro   0x0000000000000000      0xa60 stm32_f103c6_Drivers/stm32_f103c6_USART.o
 .debug_macro   0x0000000000000000       0x22 stm32_f103c6_Drivers/stm32_f103c6_USART.o
 .debug_macro   0x0000000000000000       0x8e stm32_f103c6_Drivers/stm32_f103c6_USART.o
 .debug_macro   0x0000000000000000       0x51 stm32_f103c6_Drivers/stm32_f103c6_USART.o
 .debug_macro   0x0000000000000000       0xef stm32_f103c6_Drivers/stm32_f103c6_USART.o
 .debug_macro   0x0000000000000000       0x6a stm32_f103c6_Drivers/stm32_f103c6_USART.o
 .debug_macro   0x0000000000000000      0x1df stm32_f103c6_Drivers/stm32_f103c6_USART.o
 .debug_macro   0x0000000000000000       0x18 stm32_f103c6_Drivers/stm32_f103c6_USART.o
 .debug_macro   0x0000000000000000       0x46 stm32_f103c6_Drivers/stm32_f103c6_USART.o
 .debug_macro   0x0000000000000000       0x3c stm32_f103c6_Drivers/stm32_f103c6_USART.o
 .debug_macro   0x0000000000000000       0x34 stm32_f103c6_Drivers/stm32_f103c6_USART.o
 .debug_macro   0x0000000000000000       0x16 stm32_f103c6_Drivers/stm32_f103c6_USART.o
 .debug_macro   0x0000000000000000      0x10e stm32_f103c6_Drivers/stm32_f103c6_USART.o
 .debug_macro   0x0000000000000000       0x8d stm32_f103c6_Drivers/stm32_f103c6_USART.o
 .debug_macro   0x0000000000000000       0x52 stm32_f103c6_Drivers/stm32_f103c6_USART.o
 .debug_macro   0x0000000000000000       0x1f stm32_f103c6_Drivers/stm32_f103c6_USART.o
 .debug_macro   0x0000000000000000       0x43 stm32_f103c6_Drivers/stm32_f103c6_USART.o
 .debug_macro   0x0000000000000000       0x20 stm32_f103c6_Drivers/stm32_f103c6_USART.o
 .debug_macro   0x0000000000000000      0x1a3 stm32_f103c6_Drivers/stm32_f103c6_USART.o
 .debug_macro   0x0000000000000000      0x330 stm32_f103c6_Drivers/stm32_f103c6_USART.o
 .debug_macro   0x0000000000000000       0x16 stm32_f103c6_Drivers/stm32_f103c6_USART.o
 .debug_macro   0x0000000000000000       0x29 stm32_f103c6_Drivers/stm32_f103c6_USART.o
 .debug_macro   0x0000000000000000      0x234 stm32_f103c6_Drivers/stm32_f103c6_USART.o
 .debug_macro   0x0000000000000000       0x16 stm32_f103c6_Drivers/stm32_f103c6_USART.o
 .debug_macro   0x0000000000000000       0xd6 stm32_f103c6_Drivers/stm32_f103c6_USART.o
 .debug_macro   0x0000000000000000       0xf3 stm32_f103c6_Drivers/stm32_f103c6_USART.o
 .text          0x0000000000000000        0x0 c:/st/stm32cubeide_1.4.0/stm32cubeide/plugins/com.st.stm32cube.ide.mcu.externaltools.gnu-tools-for-stm32.7-2018-q2-update.win32_1.4.0.202007081208/tools/bin/../lib/gcc/arm-none-eabi/7.3.1/../../../../arm-none-eabi/lib/thumb/v7-m\libc_nano.a(lib_a-errno.o)
 .data          0x0000000000000000        0x0 c:/st/stm32cubeide_1.4.0/stm32cubeide/plugins/com.st.stm32cube.ide.mcu.externaltools.gnu-tools-for-stm32.7-2018-q2-update.win32_1.4.0.202007081208/tools/bin/../lib/gcc/arm-none-eabi/7.3.1/../../../../arm-none-eabi/lib/thumb/v7-m\libc_nano.a(lib_a-errno.o)
 .bss           0x0000000000000000        0x0 c:/st/stm32cubeide_1.4.0/stm32cubeide/plugins/com.st.stm32cube.ide.mcu.externaltools.gnu-tools-for-stm32.7-2018-q2-update.win32_1.4.0.202007081208/tools/bin/../lib/gcc/arm-none-eabi/7.3.1/../../../../arm-none-eabi/lib/thumb/v7-m\libc_nano.a(lib_a-errno.o)
 .text.__errno  0x0000000000000000        0xc c:/st/stm32cubeide_1.4.0/stm32cubeide/plugins/com.st.stm32cube.ide.mcu.externaltools.gnu-tools-for-stm32.7-2018-q2-update.win32_1.4.0.202007081208/tools/bin/../lib/gcc/arm-none-eabi/7.3.1/../../../../arm-none-eabi/lib/thumb/v7-m\libc_nano.a(lib_a-errno.o)
 .debug_frame   0x0000000000000000       0x20 c:/st/stm32cubeide_1.4.0/stm32cubeide/plugins/com.st.stm32cube.ide.mcu.externaltools.gnu-tools-for-stm32.7-2018-q2-update.win32_1.4.0.202007081208/tools/bin/../lib/gcc/arm-none-eabi/7.3.1/../../../../arm-none-eabi/lib/thumb/v7-m\libc_nano.a(lib_a-errno.o)
 .ARM.attributes
                0x0000000000000000       0x2d c:/st/stm32cubeide_1.4.0/stm32cubeide/plugins/com.st.stm32cube.ide.mcu.externaltools.gnu-tools-for-stm32.7-2018-q2-update.win32_1.4.0.202007081208/tools/bin/../lib/gcc/arm-none-eabi/7.3.1/../../../../arm-none-eabi/lib/thumb/v7-m\libc_nano.a(lib_a-errno.o)
 .text          0x0000000000000000        0x0 c:/st/stm32cubeide_1.4.0/stm32cubeide/plugins/com.st.stm32cube.ide.mcu.externaltools.gnu-tools-for-stm32.7-2018-q2-update.win32_1.4.0.202007081208/tools/bin/../lib/gcc/arm-none-eabi/7.3.1/../../../../arm-none-eabi/lib/thumb/v7-m\libc_nano.a(lib_a-exit.o)
 .data          0x0000000000000000        0x0 c:/st/stm32cubeide_1.4.0/stm32cubeide/plugins/com.st.stm32cube.ide.mcu.externaltools.gnu-tools-for-stm32.7-2018-q2-update.win32_1.4.0.202007081208/tools/bin/../lib/gcc/arm-none-eabi/7.3.1/../../../../arm-none-eabi/lib/thumb/v7-m\libc_nano.a(lib_a-exit.o)
 .bss           0x0000000000000000        0x0 c:/st/stm32cubeide_1.4.0/stm32cubeide/plugins/com.st.stm32cube.ide.mcu.externaltools.gnu-tools-for-stm32.7-2018-q2-update.win32_1.4.0.202007081208/tools/bin/../lib/gcc/arm-none-eabi/7.3.1/../../../../arm-none-eabi/lib/thumb/v7-m\libc_nano.a(lib_a-exit.o)
 .text.exit     0x0000000000000000       0x28 c:/st/stm32cubeide_1.4.0/stm32cubeide/plugins/com.st.stm32cube.ide.mcu.externaltools.gnu-tools-for-stm32.7-2018-q2-update.win32_1.4.0.202007081208/tools/bin/../lib/gcc/arm-none-eabi/7.3.1/../../../../arm-none-eabi/lib/thumb/v7-m\libc_nano.a(lib_a-exit.o)
 .debug_frame   0x0000000000000000       0x28 c:/st/stm32cubeide_1.4.0/stm32cubeide/plugins/com.st.stm32cube.ide.mcu.externaltools.gnu-tools-for-stm32.7-2018-q2-update.win32_1.4.0.202007081208/tools/bin/../lib/gcc/arm-none-eabi/7.3.1/../../../../arm-none-eabi/lib/thumb/v7-m\libc_nano.a(lib_a-exit.o)
 .ARM.attributes
                0x0000000000000000       0x2d c:/st/stm32cubeide_1.4.0/stm32cubeide/plugins/com.st.stm32cube.ide.mcu.externaltools.gnu-tools-for-stm32.7-2018-q2-update.win32_1.4.0.202007081208/tools/bin/../lib/gcc/arm-none-eabi/7.3.1/../../../../arm-none-eabi/lib/thumb/v7-m\libc_nano.a(lib_a-exit.o)
 .text          0x0000000000000000        0x0 c:/st/stm32cubeide_1.4.0/stm32cubeide/plugins/com.st.stm32cube.ide.mcu.externaltools.gnu-tools-for-stm32.7-2018-q2-update.win32_1.4.0.202007081208/tools/bin/../lib/gcc/arm-none-eabi/7.3.1/../../../../arm-none-eabi/lib/thumb/v7-m\libc_nano.a(lib_a-impure.o)
 .data          0x0000000000000000        0x0 c:/st/stm32cubeide_1.4.0/stm32cubeide/plugins/com.st.stm32cube.ide.mcu.externaltools.gnu-tools-for-stm32.7-2018-q2-update.win32_1.4.0.202007081208/tools/bin/../lib/gcc/arm-none-eabi/7.3.1/../../../../arm-none-eabi/lib/thumb/v7-m\libc_nano.a(lib_a-impure.o)
 .bss           0x0000000000000000        0x0 c:/st/stm32cubeide_1.4.0/stm32cubeide/plugins/com.st.stm32cube.ide.mcu.externaltools.gnu-tools-for-stm32.7-2018-q2-update.win32_1.4.0.202007081208/tools/bin/../lib/gcc/arm-none-eabi/7.3.1/../../../../arm-none-eabi/lib/thumb/v7-m\libc_nano.a(lib_a-impure.o)
 .data._impure_ptr
                0x0000000000000000        0x4 c:/st/stm32cubeide_1.4.0/stm32cubeide/plugins/com.st.stm32cube.ide.mcu.externaltools.gnu-tools-for-stm32.7-2018-q2-update.win32_1.4.0.202007081208/tools/bin/../lib/gcc/arm-none-eabi/7.3.1/../../../../arm-none-eabi/lib/thumb/v7-m\libc_nano.a(lib_a-impure.o)
 .data.impure_data
                0x0000000000000000       0x60 c:/st/stm32cubeide_1.4.0/stm32cubeide/plugins/com.st.stm32cube.ide.mcu.externaltools.gnu-tools-for-stm32.7-2018-q2-update.win32_1.4.0.202007081208/tools/bin/../lib/gcc/arm-none-eabi/7.3.1/../../../../arm-none-eabi/lib/thumb/v7-m\libc_nano.a(lib_a-impure.o)
 .rodata._global_impure_ptr
                0x0000000000000000        0x4 c:/st/stm32cubeide_1.4.0/stm32cubeide/plugins/com.st.stm32cube.ide.mcu.externaltools.gnu-tools-for-stm32.7-2018-q2-update.win32_1.4.0.202007081208/tools/bin/../lib/gcc/arm-none-eabi/7.3.1/../../../../arm-none-eabi/lib/thumb/v7-m\libc_nano.a(lib_a-impure.o)
 .ARM.attributes
                0x0000000000000000       0x2d c:/st/stm32cubeide_1.4.0/stm32cubeide/plugins/com.st.stm32cube.ide.mcu.externaltools.gnu-tools-for-stm32.7-2018-q2-update.win32_1.4.0.202007081208/tools/bin/../lib/gcc/arm-none-eabi/7.3.1/../../../../arm-none-eabi/lib/thumb/v7-m\libc_nano.a(lib_a-impure.o)
 .text          0x0000000000000000        0x0 c:/st/stm32cubeide_1.4.0/stm32cubeide/plugins/com.st.stm32cube.ide.mcu.externaltools.gnu-tools-for-stm32.7-2018-q2-update.win32_1.4.0.202007081208/tools/bin/../lib/gcc/arm-none-eabi/7.3.1/../../../../arm-none-eabi/lib/thumb/v7-m\libc_nano.a(lib_a-init.o)
 .data          0x0000000000000000        0x0 c:/st/stm32cubeide_1.4.0/stm32cubeide/plugins/com.st.stm32cube.ide.mcu.externaltools.gnu-tools-for-stm32.7-2018-q2-update.win32_1.4.0.202007081208/tools/bin/../lib/gcc/arm-none-eabi/7.3.1/../../../../arm-none-eabi/lib/thumb/v7-m\libc_nano.a(lib_a-init.o)
 .bss           0x0000000000000000        0x0 c:/st/stm32cubeide_1.4.0/stm32cubeide/plugins/com.st.stm32cube.ide.mcu.externaltools.gnu-tools-for-stm32.7-2018-q2-update.win32_1.4.0.202007081208/tools/bin/../lib/gcc/arm-none-eabi/7.3.1/../../../../arm-none-eabi/lib/thumb/v7-m\libc_nano.a(lib_a-init.o)
 .text          0x0000000000000000        0x0 c:/st/stm32cubeide_1.4.0/stm32cubeide/plugins/com.st.stm32cube.ide.mcu.externaltools.gnu-tools-for-stm32.7-2018-q2-update.win32_1.4.0.202007081208/tools/bin/../lib/gcc/arm-none-eabi/7.3.1/../../../../arm-none-eabi/lib/thumb/v7-m\libc_nano.a(lib_a-memset.o)
 .data          0x0000000000000000        0x0 c:/st/stm32cubeide_1.4.0/stm32cubeide/plugins/com.st.stm32cube.ide.mcu.externaltools.gnu-tools-for-stm32.7-2018-q2-update.win32_1.4.0.202007081208/tools/bin/../lib/gcc/arm-none-eabi/7.3.1/../../../../arm-none-eabi/lib/thumb/v7-m\libc_nano.a(lib_a-memset.o)
 .bss           0x0000000000000000        0x0 c:/st/stm32cubeide_1.4.0/stm32cubeide/plugins/com.st.stm32cube.ide.mcu.externaltools.gnu-tools-for-stm32.7-2018-q2-update.win32_1.4.0.202007081208/tools/bin/../lib/gcc/arm-none-eabi/7.3.1/../../../../arm-none-eabi/lib/thumb/v7-m\libc_nano.a(lib_a-memset.o)
 .text.memset   0x0000000000000000       0x10 c:/st/stm32cubeide_1.4.0/stm32cubeide/plugins/com.st.stm32cube.ide.mcu.externaltools.gnu-tools-for-stm32.7-2018-q2-update.win32_1.4.0.202007081208/tools/bin/../lib/gcc/arm-none-eabi/7.3.1/../../../../arm-none-eabi/lib/thumb/v7-m\libc_nano.a(lib_a-memset.o)
 .debug_frame   0x0000000000000000       0x20 c:/st/stm32cubeide_1.4.0/stm32cubeide/plugins/com.st.stm32cube.ide.mcu.externaltools.gnu-tools-for-stm32.7-2018-q2-update.win32_1.4.0.202007081208/tools/bin/../lib/gcc/arm-none-eabi/7.3.1/../../../../arm-none-eabi/lib/thumb/v7-m\libc_nano.a(lib_a-memset.o)
 .ARM.attributes
                0x0000000000000000       0x2d c:/st/stm32cubeide_1.4.0/stm32cubeide/plugins/com.st.stm32cube.ide.mcu.externaltools.gnu-tools-for-stm32.7-2018-q2-update.win32_1.4.0.202007081208/tools/bin/../lib/gcc/arm-none-eabi/7.3.1/../../../../arm-none-eabi/lib/thumb/v7-m\libc_nano.a(lib_a-memset.o)
 .text          0x0000000000000000        0x0 c:/st/stm32cubeide_1.4.0/stm32cubeide/plugins/com.st.stm32cube.ide.mcu.externaltools.gnu-tools-for-stm32.7-2018-q2-update.win32_1.4.0.202007081208/tools/bin/../lib/gcc/arm-none-eabi/7.3.1/thumb/v7-m/crtend.o
 .data          0x0000000000000000        0x0 c:/st/stm32cubeide_1.4.0/stm32cubeide/plugins/com.st.stm32cube.ide.mcu.externaltools.gnu-tools-for-stm32.7-2018-q2-update.win32_1.4.0.202007081208/tools/bin/../lib/gcc/arm-none-eabi/7.3.1/thumb/v7-m/crtend.o
 .bss           0x0000000000000000        0x0 c:/st/stm32cubeide_1.4.0/stm32cubeide/plugins/com.st.stm32cube.ide.mcu.externaltools.gnu-tools-for-stm32.7-2018-q2-update.win32_1.4.0.202007081208/tools/bin/../lib/gcc/arm-none-eabi/7.3.1/thumb/v7-m/crtend.o
 .eh_frame      0x0000000000000000        0x4 c:/st/stm32cubeide_1.4.0/stm32cubeide/plugins/com.st.stm32cube.ide.mcu.externaltools.gnu-tools-for-stm32.7-2018-q2-update.win32_1.4.0.202007081208/tools/bin/../lib/gcc/arm-none-eabi/7.3.1/thumb/v7-m/crtend.o
 .ARM.attributes
                0x0000000000000000       0x2d c:/st/stm32cubeide_1.4.0/stm32cubeide/plugins/com.st.stm32cube.ide.mcu.externaltools.gnu-tools-for-stm32.7-2018-q2-update.win32_1.4.0.202007081208/tools/bin/../lib/gcc/arm-none-eabi/7.3.1/thumb/v7-m/crtend.o
 .text          0x0000000000000000        0x0 c:/st/stm32cubeide_1.4.0/stm32cubeide/plugins/com.st.stm32cube.ide.mcu.externaltools.gnu-tools-for-stm32.7-2018-q2-update.win32_1.4.0.202007081208/tools/bin/../lib/gcc/arm-none-eabi/7.3.1/thumb/v7-m/crtn.o
 .data          0x0000000000000000        0x0 c:/st/stm32cubeide_1.4.0/stm32cubeide/plugins/com.st.stm32cube.ide.mcu.externaltools.gnu-tools-for-stm32.7-2018-q2-update.win32_1.4.0.202007081208/tools/bin/../lib/gcc/arm-none-eabi/7.3.1/thumb/v7-m/crtn.o
 .bss           0x0000000000000000        0x0 c:/st/stm32cubeide_1.4.0/stm32cubeide/plugins/com.st.stm32cube.ide.mcu.externaltools.gnu-tools-for-stm32.7-2018-q2-update.win32_1.4.0.202007081208/tools/bin/../lib/gcc/arm-none-eabi/7.3.1/thumb/v7-m/crtn.o

Memory Configuration

Name             Origin             Length             Attributes
RAM              0x0000000020000000 0x0000000000002800 xrw
ROM              0x0000000008000000 0x0000000000008000 xr
*default*        0x0000000000000000 0xffffffffffffffff

Linker script and memory map

LOAD c:/st/stm32cubeide_1.4.0/stm32cubeide/plugins/com.st.stm32cube.ide.mcu.externaltools.gnu-tools-for-stm32.7-2018-q2-update.win32_1.4.0.202007081208/tools/bin/../lib/gcc/arm-none-eabi/7.3.1/thumb/v7-m/crti.o
LOAD c:/st/stm32cubeide_1.4.0/stm32cubeide/plugins/com.st.stm32cube.ide.mcu.externaltools.gnu-tools-for-stm32.7-2018-q2-update.win32_1.4.0.202007081208/tools/bin/../lib/gcc/arm-none-eabi/7.3.1/thumb/v7-m/crtbegin.o
LOAD c:/st/stm32cubeide_1.4.0/stm32cubeide/plugins/com.st.stm32cube.ide.mcu.externaltools.gnu-tools-for-stm32.7-2018-q2-update.win32_1.4.0.202007081208/tools/bin/../lib/gcc/arm-none-eabi/7.3.1/../../../../arm-none-eabi/lib/thumb/v7-m/crt0.o
LOAD HAL/Keypad.o
LOAD HAL/LCD.o
LOAD Src/main.o
LOAD Src/syscalls.o
LOAD Src/sysmem.o
LOAD Startup/startup_stm32f103c6tx.o
LOAD stm32_f103c6_Drivers/stm32_f103c6_EXTI.o
LOAD stm32_f103c6_Drivers/stm32_f103c6_GPIO.o
LOAD stm32_f103c6_Drivers/stm32_f103c6_RCC.o
LOAD stm32_f103c6_Drivers/stm32_f103c6_USART.o
START GROUP
LOAD c:/st/stm32cubeide_1.4.0/stm32cubeide/plugins/com.st.stm32cube.ide.mcu.externaltools.gnu-tools-for-stm32.7-2018-q2-update.win32_1.4.0.202007081208/tools/bin/../lib/gcc/arm-none-eabi/7.3.1/../../../../arm-none-eabi/lib/thumb/v7-m\libc_nano.a
LOAD c:/st/stm32cubeide_1.4.0/stm32cubeide/plugins/com.st.stm32cube.ide.mcu.externaltools.gnu-tools-for-stm32.7-2018-q2-update.win32_1.4.0.202007081208/tools/bin/../lib/gcc/arm-none-eabi/7.3.1/../../../../arm-none-eabi/lib/thumb/v7-m\libm.a
END GROUP
START GROUP
LOAD c:/st/stm32cubeide_1.4.0/stm32cubeide/plugins/com.st.stm32cube.ide.mcu.externaltools.gnu-tools-for-stm32.7-2018-q2-update.win32_1.4.0.202007081208/tools/bin/../lib/gcc/arm-none-eabi/7.3.1/thumb/v7-m\libgcc.a
LOAD c:/st/stm32cubeide_1.4.0/stm32cubeide/plugins/com.st.stm32cube.ide.mcu.externaltools.gnu-tools-for-stm32.7-2018-q2-update.win32_1.4.0.202007081208/tools/bin/../lib/gcc/arm-none-eabi/7.3.1/../../../../arm-none-eabi/lib/thumb/v7-m\libg_nano.a
LOAD c:/st/stm32cubeide_1.4.0/stm32cubeide/plugins/com.st.stm32cube.ide.mcu.externaltools.gnu-tools-for-stm32.7-2018-q2-update.win32_1.4.0.202007081208/tools/bin/../lib/gcc/arm-none-eabi/7.3.1/../../../../arm-none-eabi/lib/thumb/v7-m\libc_nano.a
END GROUP
START GROUP
LOAD c:/st/stm32cubeide_1.4.0/stm32cubeide/plugins/com.st.stm32cube.ide.mcu.externaltools.gnu-tools-for-stm32.7-2018-q2-update.win32_1.4.0.202007081208/tools/bin/../lib/gcc/arm-none-eabi/7.3.1/thumb/v7-m\libgcc.a
LOAD c:/st/stm32cubeide_1.4.0/stm32cubeide/plugins/com.st.stm32cube.ide.mcu.externaltools.gnu-tools-for-stm32.7-2018-q2-update.win32_1.4.0.202007081208/tools/bin/../lib/gcc/arm-none-eabi/7.3.1/../../../../arm-none-eabi/lib/thumb/v7-m\libc_nano.a
LOAD c:/st/stm32cubeide_1.4.0/stm32cubeide/plugins/com.st.stm32cube.ide.mcu.externaltools.gnu-tools-for-stm32.7-2018-q2-update.win32_1.4.0.202007081208/tools/bin/../lib/gcc/arm-none-eabi/7.3.1/../../../../arm-none-eabi/lib/thumb/v7-m\libnosys.a
END GROUP
START GROUP
LOAD c:/st/stm32cubeide_1.4.0/stm32cubeide/plugins/com.st.stm32cube.ide.mcu.externaltools.gnu-tools-for-stm32.7-2018-q2-update.win32_1.4.0.202007081208/tools/bin/../lib/gcc/arm-none-eabi/7.3.1/thumb/v7-m\libgcc.a
LOAD c:/st/stm32cubeide_1.4.0/stm32cubeide/plugins/com.st.stm32cube.ide.mcu.externaltools.gnu-tools-for-stm32.7-2018-q2-update.win32_1.4.0.202007081208/tools/bin/../lib/gcc/arm-none-eabi/7.3.1/../../../../arm-none-eabi/lib/thumb/v7-m\libc_nano.a
LOAD c:/st/stm32cubeide_1.4.0/stm32cubeide/plugins/com.st.stm32cube.ide.mcu.externaltools.gnu-tools-for-stm32.7-2018-q2-update.win32_1.4.0.202007081208/tools/bin/../lib/gcc/arm-none-eabi/7.3.1/../../../../arm-none-eabi/lib/thumb/v7-m\libnosys.a
END GROUP
LOAD c:/st/stm32cubeide_1.4.0/stm32cubeide/plugins/com.st.stm32cube.ide.mcu.externaltools.gnu-tools-for-stm32.7-2018-q2-update.win32_1.4.0.202007081208/tools/bin/../lib/gcc/arm-none-eabi/7.3.1/thumb/v7-m/crtend.o
LOAD c:/st/stm32cubeide_1.4.0/stm32cubeide/plugins/com.st.stm32cube.ide.mcu.externaltools.gnu-tools-for-stm32.7-2018-q2-update.win32_1.4.0.202007081208/tools/bin/../lib/gcc/arm-none-eabi/7.3.1/thumb/v7-m/crtn.o
                0x0000000020002800                _estack = (ORIGIN (RAM) + LENGTH (RAM))
                0x0000000000000200                _Min_Heap_Size = 0x200
                0x0000000000000400                _Min_Stack_Size = 0x400

.isr_vector     0x0000000008000000      0x130
                0x0000000008000000                . = ALIGN (0x4)
 *(.isr_vector)
 .isr_vector    0x0000000008000000      0x130 Startup/startup_stm32f103c6tx.o
                0x0000000008000000                g_pfnVectors
                0x0000000008000130                . = ALIGN (0x4)

.text           0x0000000008000130      0xb2c
                0x0000000008000130                . = ALIGN (0x4)
 *(.text)
 .text          0x0000000008000130       0x40 c:/st/stm32cubeide_1.4.0/stm32cubeide/plugins/com.st.stm32cube.ide.mcu.externaltools.gnu-tools-for-stm32.7-2018-q2-update.win32_1.4.0.202007081208/tools/bin/../lib/gcc/arm-none-eabi/7.3.1/thumb/v7-m/crtbegin.o
 *(.text*)
 .text.Clock_INIT
                0x0000000008000170       0x34 Src/main.o
                0x0000000008000170                Clock_INIT
 .text.USART1_IRQ_Call
                0x00000000080001a4       0x24 Src/main.o
                0x00000000080001a4                USART1_IRQ_Call
 .text.main     0x00000000080001c8       0x48 Src/main.o
                0x00000000080001c8                main
 .text.Reset_Handler
                0x0000000008000210       0x50 Startup/startup_stm32f103c6tx.o
                0x0000000008000210                Reset_Handler
 .text.Default_Handler
                0x0000000008000260        0x2 Startup/startup_stm32f103c6tx.o
                0x0000000008000260                TIM8_TRG_COM_IRQHandler
                0x0000000008000260                TIM8_CC_IRQHandler
                0x0000000008000260                DebugMon_Handler
                0x0000000008000260                TIM1_CC_IRQHandler
                0x0000000008000260                HardFault_Handler
                0x0000000008000260                TIM6_IRQHandler
                0x0000000008000260                SysTick_Handler
                0x0000000008000260                PVD_IRQHandler
                0x0000000008000260                SDIO_IRQHandler
                0x0000000008000260                PendSV_Handler
                0x0000000008000260                NMI_Handler
                0x0000000008000260                USB_HP_CAN_TX_IRQHandler
                0x0000000008000260                I2C2_EV_IRQHandler
                0x0000000008000260                UsageFault_Handler
                0x0000000008000260                ADC1_2_IRQHandler
                0x0000000008000260                SPI1_IRQHandler
                0x0000000008000260                CAN_SCE_IRQHandler
                0x0000000008000260                TAMPER_IRQHandler
                0x0000000008000260                TIM8_UP_IRQHandler
                0x0000000008000260                DMA2_Channel2_IRQHandler
                0x0000000008000260                DMA1_Channel4_IRQHandler
                0x0000000008000260                RTC_IRQHandler
                0x0000000008000260                DMA1_Channel7_IRQHandler
                0x0000000008000260                UART5_IRQHandler
                0x0000000008000260                ADC3_IRQHandler
                0x0000000008000260                TIM4_IRQHandler
                0x0000000008000260                CAN_RX1_IRQHandler
                0x0000000008000260                DMA2_Channel1_IRQHandler
                0x0000000008000260                I2C1_EV_IRQHandler
                0x0000000008000260                DMA1_Channel6_IRQHandler
                0x0000000008000260                UART4_IRQHandler
                0x0000000008000260                TIM3_IRQHandler
                0x0000000008000260                RCC_IRQHandler
                0x0000000008000260                TIM1_TRG_COM_IRQHandler
                0x0000000008000260                DMA1_Channel1_IRQHandler
                0x0000000008000260                Default_Handler
                0x0000000008000260                TIM7_IRQHandler
                0x0000000008000260                TIM5_IRQHandler
                0x0000000008000260                SPI2_IRQHandler
                0x0000000008000260                USB_LP_CAN_RX0_IRQHandler
                0x0000000008000260                MemManage_Handler
                0x0000000008000260                SVC_Handler
                0x0000000008000260                DMA1_Channel5_IRQHandler
                0x0000000008000260                DMA1_Channel3_IRQHandler
                0x0000000008000260                FSMC_IRQHandler
                0x0000000008000260                TIM1_UP_IRQHandler
                0x0000000008000260                WWDG_IRQHandler
                0x0000000008000260                TIM2_IRQHandler
                0x0000000008000260                TIM1_BRK_IRQHandler
                0x0000000008000260                RTCAlarm_IRQHandler
                0x0000000008000260                DMA2_Channel4_5_IRQHandler
                0x0000000008000260                I2C2_ER_IRQHandler
                0x0000000008000260                DMA1_Channel2_IRQHandler
                0x0000000008000260                TIM8_BRK_IRQHandler
                0x0000000008000260                FLASH_IRQHandler
                0x0000000008000260                BusFault_Handler
                0x0000000008000260                SPI3_IRQHandler
                0x0000000008000260                I2C1_ER_IRQHandler
                0x0000000008000260                DMA2_Channel3_IRQHandler
 *fill*         0x0000000008000262        0x2 
 .text.EXTI0_IRQHandler
                0x0000000008000264       0x24 stm32_f103c6_Drivers/stm32_f103c6_EXTI.o
                0x0000000008000264                EXTI0_IRQHandler
 .text.EXTI1_IRQHandler
                0x0000000008000288       0x24 stm32_f103c6_Drivers/stm32_f103c6_EXTI.o
                0x0000000008000288                EXTI1_IRQHandler
 .text.EXTI2_IRQHandler
                0x00000000080002ac       0x24 stm32_f103c6_Drivers/stm32_f103c6_EXTI.o
                0x00000000080002ac                EXTI2_IRQHandler
 .text.EXTI3_IRQHandler
                0x00000000080002d0       0x24 stm32_f103c6_Drivers/stm32_f103c6_EXTI.o
                0x00000000080002d0                EXTI3_IRQHandler
 .text.EXTI4_IRQHandler
                0x00000000080002f4       0x24 stm32_f103c6_Drivers/stm32_f103c6_EXTI.o
                0x00000000080002f4                EXTI4_IRQHandler
 .text.EXTI9_5_IRQHandler
                0x0000000008000318       0xa8 stm32_f103c6_Drivers/stm32_f103c6_EXTI.o
                0x0000000008000318                EXTI9_5_IRQHandler
 .text.EXTI15_10_IRQHandler
                0x00000000080003c0       0xc4 stm32_f103c6_Drivers/stm32_f103c6_EXTI.o
                0x00000000080003c0                EXTI15_10_IRQHandler
 .text.get_position
                0x0000000008000484       0xc6 stm32_f103c6_Drivers/stm32_f103c6_GPIO.o
                0x0000000008000484                get_position
 .text.MCAL_GPIO_Init
                0x000000000800054a       0xfe stm32_f103c6_Drivers/stm32_f103c6_GPIO.o
                0x000000000800054a                MCAL_GPIO_Init
 .text.MCAL_Get_SYSCLC_FREQ
                0x0000000008000648       0x30 stm32_f103c6_Drivers/stm32_f103c6_RCC.o
                0x0000000008000648                MCAL_Get_SYSCLC_FREQ
 .text.MCAL_Get_PCLC1_FREQ
                0x0000000008000678       0x28 stm32_f103c6_Drivers/stm32_f103c6_RCC.o
                0x0000000008000678                MCAL_Get_PCLC1_FREQ
 .text.MCAL_Get_PCLC2_FREQ
                0x00000000080006a0       0x28 stm32_f103c6_Drivers/stm32_f103c6_RCC.o
                0x00000000080006a0                MCAL_Get_PCLC2_FREQ
 .text.MCAL_USART_Init
                0x00000000080006c8      0x188 stm32_f103c6_Drivers/stm32_f103c6_USART.o
                0x00000000080006c8                MCAL_USART_Init
 .text.MCAL_USART_Set_Pin
                0x0000000008000850       0xc8 stm32_f103c6_Drivers/stm32_f103c6_USART.o
                0x0000000008000850                MCAL_USART_Set_Pin
 .text.MCAL_USART_Send_String
                0x0000000008000918       0xb0 stm32_f103c6_Drivers/stm32_f103c6_USART.o
                0x0000000008000918                MCAL_USART_Send_String
 .text.MCAL_USART_Receive_String
                0x00000000080009c8       0xb4 stm32_f103c6_Drivers/stm32_f103c6_USART.o
                0x00000000080009c8                MCAL_USART_Receive_String
 .text.MCAL_USART_SendData
                0x0000000008000a7c       0x70 stm32_f103c6_Drivers/stm32_f103c6_USART.o
                0x0000000008000a7c                MCAL_USART_SendData
 .text.MCAL_USART_ReceiveData
                0x0000000008000aec       0xd4 stm32_f103c6_Drivers/stm32_f103c6_USART.o
                0x0000000008000aec                MCAL_USART_ReceiveData
 .text.USART1_IRQHandler
                0x0000000008000bc0       0x14 stm32_f103c6_Drivers/stm32_f103c6_USART.o
                0x0000000008000bc0                USART1_IRQHandler
 .text.USART2_IRQHandler
                0x0000000008000bd4       0x14 stm32_f103c6_Drivers/stm32_f103c6_USART.o
                0x0000000008000bd4                USART2_IRQHandler
 .text.USART3_IRQHandler
                0x0000000008000be8       0x14 stm32_f103c6_Drivers/stm32_f103c6_USART.o
                0x0000000008000be8                USART3_IRQHandler
 .text.__libc_init_array
                0x0000000008000bfc       0x48 c:/st/stm32cubeide_1.4.0/stm32cubeide/plugins/com.st.stm32cube.ide.mcu.externaltools.gnu-tools-for-stm32.7-2018-q2-update.win32_1.4.0.202007081208/tools/bin/../lib/gcc/arm-none-eabi/7.3.1/../../../../arm-none-eabi/lib/thumb/v7-m\libc_nano.a(lib_a-init.o)
                0x0000000008000bfc                __libc_init_array
 *(.glue_7)
 .glue_7        0x0000000008000c44        0x0 linker stubs
 *(.glue_7t)
 .glue_7t       0x0000000008000c44        0x0 linker stubs
 *(.eh_frame)
 .eh_frame      0x0000000008000c44        0x0 c:/st/stm32cubeide_1.4.0/stm32cubeide/plugins/com.st.stm32cube.ide.mcu.externaltools.gnu-tools-for-stm32.7-2018-q2-update.win32_1.4.0.202007081208/tools/bin/../lib/gcc/arm-none-eabi/7.3.1/thumb/v7-m/crtbegin.o
 *(.init)
 .init          0x0000000008000c44        0x4 c:/st/stm32cubeide_1.4.0/stm32cubeide/plugins/com.st.stm32cube.ide.mcu.externaltools.gnu-tools-for-stm32.7-2018-q2-update.win32_1.4.0.202007081208/tools/bin/../lib/gcc/arm-none-eabi/7.3.1/thumb/v7-m/crti.o
                0x0000000008000c44                _init
 .init          0x0000000008000c48        0x8 c:/st/stm32cubeide_1.4.0/stm32cubeide/plugins/com.st.stm32cube.ide.mcu.externaltools.gnu-tools-for-stm32.7-2018-q2-update.win32_1.4.0.202007081208/tools/bin/../lib/gcc/arm-none-eabi/7.3.1/thumb/v7-m/crtn.o
 *(.fini)
 .fini          0x0000000008000c50        0x4 c:/st/stm32cubeide_1.4.0/stm32cubeide/plugins/com.st.stm32cube.ide.mcu.externaltools.gnu-tools-for-stm32.7-2018-q2-update.win32_1.4.0.202007081208/tools/bin/../lib/gcc/arm-none-eabi/7.3.1/thumb/v7-m/crti.o
                0x0000000008000c50                _fini
 .fini          0x0000000008000c54        0x8 c:/st/stm32cubeide_1.4.0/stm32cubeide/plugins/com.st.stm32cube.ide.mcu.externaltools.gnu-tools-for-stm32.7-2018-q2-update.win32_1.4.0.202007081208/tools/bin/../lib/gcc/arm-none-eabi/7.3.1/thumb/v7-m/crtn.o
                0x0000000008000c5c                . = ALIGN (0x4)
                0x0000000008000c5c                _etext = .

.vfp11_veneer   0x0000000008000c5c        0x0
 .vfp11_veneer  0x0000000008000c5c        0x0 linker stubs

.v4_bx          0x0000000008000c5c        0x0
 .v4_bx         0x0000000008000c5c        0x0 linker stubs

.iplt           0x0000000008000c5c        0x0
 .iplt          0x0000000008000c5c        0x0 c:/st/stm32cubeide_1.4.0/stm32cubeide/plugins/com.st.stm32cube.ide.mcu.externaltools.gnu-tools-for-stm32.7-2018-q2-update.win32_1.4.0.202007081208/tools/bin/../lib/gcc/arm-none-eabi/7.3.1/thumb/v7-m/crtbegin.o

.rodata         0x0000000008000c5c        0x8
                0x0000000008000c5c                . = ALIGN (0x4)
 *(.rodata)
 *(.rodata*)
 .rodata.PPRE1_table
                0x0000000008000c5c        0x8 stm32_f103c6_Drivers/stm32_f103c6_RCC.o
                0x0000000008000c5c                PPRE1_table
                0x0000000008000c64                . = ALIGN (0x4)

.rel.dyn        0x0000000008000c64        0x0
 .rel.iplt      0x0000000008000c64        0x0 c:/st/stm32cubeide_1.4.0/stm32cubeide/plugins/com.st.stm32cube.ide.mcu.externaltools.gnu-tools-for-stm32.7-2018-q2-update.win32_1.4.0.202007081208/tools/bin/../lib/gcc/arm-none-eabi/7.3.1/thumb/v7-m/crtbegin.o

.ARM.extab      0x0000000008000c64        0x0
                0x0000000008000c64                . = ALIGN (0x4)
 *(.ARM.extab* .gnu.linkonce.armextab.*)
                0x0000000008000c64                . = ALIGN (0x4)

.ARM            0x0000000008000c64        0x0
                0x0000000008000c64                . = ALIGN (0x4)
                0x0000000008000c64                __exidx_start = .
 *(.ARM.exidx*)
                0x0000000008000c64                __exidx_end = .
                0x0000000008000c64                . = ALIGN (0x4)

.preinit_array  0x0000000008000c64        0x0
                0x0000000008000c64                . = ALIGN (0x4)
                0x0000000008000c64                PROVIDE (__preinit_array_start = .)
 *(.preinit_array*)
                0x0000000008000c64                PROVIDE (__preinit_array_end = .)
                0x0000000008000c64                . = ALIGN (0x4)

.init_array     0x0000000008000c64        0x4
                0x0000000008000c64                . = ALIGN (0x4)
                0x0000000008000c64                PROVIDE (__init_array_start = .)
 *(SORT_BY_NAME(.init_array.*))
 *(.init_array*)
 .init_array    0x0000000008000c64        0x4 c:/st/stm32cubeide_1.4.0/stm32cubeide/plugins/com.st.stm32cube.ide.mcu.externaltools.gnu-tools-for-stm32.7-2018-q2-update.win32_1.4.0.202007081208/tools/bin/../lib/gcc/arm-none-eabi/7.3.1/thumb/v7-m/crtbegin.o
                0x0000000008000c68                PROVIDE (__init_array_end = .)
                0x0000000008000c68                . = ALIGN (0x4)

.fini_array     0x0000000008000c68        0x4
                0x0000000008000c68                . = ALIGN (0x4)
                [!provide]                        PROVIDE (__fini_array_start = .)
 *(SORT_BY_NAME(.fini_array.*))
 *(.fini_array*)
 .fini_array    0x0000000008000c68        0x4 c:/st/stm32cubeide_1.4.0/stm32cubeide/plugins/com.st.stm32cube.ide.mcu.externaltools.gnu-tools-for-stm32.7-2018-q2-update.win32_1.4.0.202007081208/tools/bin/../lib/gcc/arm-none-eabi/7.3.1/thumb/v7-m/crtbegin.o
                [!provide]                        PROVIDE (__fini_array_end = .)
                0x0000000008000c6c                . = ALIGN (0x4)
                0x0000000008000c6c                _sidata = LOADADDR (.data)

.data           0x0000000020000000        0x0 load address 0x0000000008000c6c
                0x0000000020000000                . = ALIGN (0x4)
                0x0000000020000000                _sdata = .
 *(.data)
 *(.data*)
                0x0000000020000000                . = ALIGN (0x4)
                0x0000000020000000                _edata = .

.igot.plt       0x0000000020000000        0x0 load address 0x0000000008000c6c
 .igot.plt      0x0000000020000000        0x0 c:/st/stm32cubeide_1.4.0/stm32cubeide/plugins/com.st.stm32cube.ide.mcu.externaltools.gnu-tools-for-stm32.7-2018-q2-update.win32_1.4.0.202007081208/tools/bin/../lib/gcc/arm-none-eabi/7.3.1/thumb/v7-m/crtbegin.o
                0x0000000020000000                . = ALIGN (0x4)

.bss            0x0000000020000000       0x68 load address 0x0000000008000c6c
                0x0000000020000000                _sbss = .
                0x0000000020000000                __bss_start__ = _sbss
 *(.bss)
 .bss           0x0000000020000000       0x1c c:/st/stm32cubeide_1.4.0/stm32cubeide/plugins/com.st.stm32cube.ide.mcu.externaltools.gnu-tools-for-stm32.7-2018-q2-update.win32_1.4.0.202007081208/tools/bin/../lib/gcc/arm-none-eabi/7.3.1/thumb/v7-m/crtbegin.o
 *(.bss*)
 .bss.g_USART_Config
                0x000000002000001c        0xc stm32_f103c6_Drivers/stm32_f103c6_USART.o
                0x000000002000001c                g_USART_Config
 *(COMMON)
 COMMON         0x0000000020000028        0x1 Src/main.o
                0x0000000020000028                DATA
 *fill*         0x0000000020000029        0x3 
 COMMON         0x000000002000002c       0x3c stm32_f103c6_Drivers/stm32_f103c6_EXTI.o
                0x000000002000002c                GP_IRQ_CALL
                0x0000000020000068                . = ALIGN (0x4)
                0x0000000020000068                _ebss = .
                0x0000000020000068                __bss_end__ = _ebss

._user_heap_stack
                0x0000000020000068      0x600 load address 0x0000000008000c6c
                0x0000000020000068                . = ALIGN (0x8)
                [!provide]                        PROVIDE (end = .)
                0x0000000020000068                PROVIDE (_end = .)
                0x0000000020000268                . = (. + _Min_Heap_Size)
 *fill*         0x0000000020000068      0x200 
                0x0000000020000668                . = (. + _Min_Stack_Size)
 *fill*         0x0000000020000268      0x400 
                0x0000000020000668                . = ALIGN (0x8)

/DISCARD/
 libc.a(*)
 libm.a(*)
 libgcc.a(*)

.ARM.attributes
                0x0000000000000000       0x29
 *(.ARM.attributes)
 .ARM.attributes
                0x0000000000000000       0x1d c:/st/stm32cubeide_1.4.0/stm32cubeide/plugins/com.st.stm32cube.ide.mcu.externaltools.gnu-tools-for-stm32.7-2018-q2-update.win32_1.4.0.202007081208/tools/bin/../lib/gcc/arm-none-eabi/7.3.1/thumb/v7-m/crti.o
 .ARM.attributes
                0x000000000000001d       0x2d c:/st/stm32cubeide_1.4.0/stm32cubeide/plugins/com.st.stm32cube.ide.mcu.externaltools.gnu-tools-for-stm32.7-2018-q2-update.win32_1.4.0.202007081208/tools/bin/../lib/gcc/arm-none-eabi/7.3.1/thumb/v7-m/crtbegin.o
 .ARM.attributes
                0x000000000000004a       0x33 Src/main.o
 .ARM.attributes
                0x000000000000007d       0x21 Startup/startup_stm32f103c6tx.o
 .ARM.attributes
                0x000000000000009e       0x33 stm32_f103c6_Drivers/stm32_f103c6_EXTI.o
 .ARM.attributes
                0x00000000000000d1       0x33 stm32_f103c6_Drivers/stm32_f103c6_GPIO.o
 .ARM.attributes
                0x0000000000000104       0x33 stm32_f103c6_Drivers/stm32_f103c6_RCC.o
 .ARM.attributes
                0x0000000000000137       0x33 stm32_f103c6_Drivers/stm32_f103c6_USART.o
 .ARM.attributes
                0x000000000000016a       0x2d c:/st/stm32cubeide_1.4.0/stm32cubeide/plugins/com.st.stm32cube.ide.mcu.externaltools.gnu-tools-for-stm32.7-2018-q2-update.win32_1.4.0.202007081208/tools/bin/../lib/gcc/arm-none-eabi/7.3.1/../../../../arm-none-eabi/lib/thumb/v7-m\libc_nano.a(lib_a-init.o)
 .ARM.attributes
                0x0000000000000197       0x1d c:/st/stm32cubeide_1.4.0/stm32cubeide/plugins/com.st.stm32cube.ide.mcu.externaltools.gnu-tools-for-stm32.7-2018-q2-update.win32_1.4.0.202007081208/tools/bin/../lib/gcc/arm-none-eabi/7.3.1/thumb/v7-m/crtn.o
OUTPUT(Drivers.elf elf32-littlearm)

.debug_info     0x0000000000000000     0x4103
 .debug_info    0x0000000000000000      0xc19 Src/main.o
 .debug_info    0x0000000000000c19       0x22 Startup/startup_stm32f103c6tx.o
 .debug_info    0x0000000000000c3b      0xdbe stm32_f103c6_Drivers/stm32_f103c6_EXTI.o
 .debug_info    0x00000000000019f9      0xd56 stm32_f103c6_Drivers/stm32_f103c6_GPIO.o
 .debug_info    0x000000000000274f      0xb09 stm32_f103c6_Drivers/stm32_f103c6_RCC.o
 .debug_info    0x0000000000003258      0xeab stm32_f103c6_Drivers/stm32_f103c6_USART.o

.debug_abbrev   0x0000000000000000      0xa2d
 .debug_abbrev  0x0000000000000000      0x1de Src/main.o
 .debug_abbrev  0x00000000000001de       0x12 Startup/startup_stm32f103c6tx.o
 .debug_abbrev  0x00000000000001f0      0x219 stm32_f103c6_Drivers/stm32_f103c6_EXTI.o
 .debug_abbrev  0x0000000000000409      0x232 stm32_f103c6_Drivers/stm32_f103c6_GPIO.o
 .debug_abbrev  0x000000000000063b      0x19b stm32_f103c6_Drivers/stm32_f103c6_RCC.o
 .debug_abbrev  0x00000000000007d6      0x257 stm32_f103c6_Drivers/stm32_f103c6_USART.o

.debug_loc      0x0000000000000000      0xaf4
 .debug_loc     0x0000000000000000       0xa8 Src/main.o
 .debug_loc     0x00000000000000a8      0x320 stm32_f103c6_Drivers/stm32_f103c6_EXTI.o
 .debug_loc     0x00000000000003c8      0x330 stm32_f103c6_Drivers/stm32_f103c6_GPIO.o
 .debug_loc     0x00000000000006f8       0xc8 stm32_f103c6_Drivers/stm32_f103c6_RCC.o
 .debug_loc     0x00000000000007c0      0x334 stm32_f103c6_Drivers/stm32_f103c6_USART.o

.debug_aranges  0x0000000000000000      0x1e0
 .debug_aranges
                0x0000000000000000       0x30 Src/main.o
 .debug_aranges
                0x0000000000000030       0x28 Startup/startup_stm32f103c6tx.o
 .debug_aranges
                0x0000000000000058       0x80 stm32_f103c6_Drivers/stm32_f103c6_EXTI.o
 .debug_aranges
                0x00000000000000d8       0x60 stm32_f103c6_Drivers/stm32_f103c6_GPIO.o
 .debug_aranges
                0x0000000000000138       0x38 stm32_f103c6_Drivers/stm32_f103c6_RCC.o
 .debug_aranges
                0x0000000000000170       0x70 stm32_f103c6_Drivers/stm32_f103c6_USART.o

.debug_ranges   0x0000000000000000      0x188
 .debug_ranges  0x0000000000000000       0x20 Src/main.o
 .debug_ranges  0x0000000000000020       0x20 Startup/startup_stm32f103c6tx.o
 .debug_ranges  0x0000000000000040       0x70 stm32_f103c6_Drivers/stm32_f103c6_EXTI.o
 .debug_ranges  0x00000000000000b0       0x50 stm32_f103c6_Drivers/stm32_f103c6_GPIO.o
 .debug_ranges  0x0000000000000100       0x28 stm32_f103c6_Drivers/stm32_f103c6_RCC.o
 .debug_ranges  0x0000000000000128       0x60 stm32_f103c6_Drivers/stm32_f103c6_USART.o

.debug_macro    0x0000000000000000      0xdbe
 .debug_macro   0x0000000000000000      0x180 Src/main.o
 .debug_macro   0x0000000000000180      0x220 Src/main.o
 .debug_macro   0x00000000000003a0       0x16 Src/main.o
 .debug_macro   0x00000000000003b6       0xf3 Src/main.o
 .debug_macro   0x00000000000004a9       0xa0 Src/main.o
 .debug_macro   0x0000000000000549       0x40 Src/main.o
 .debug_macro   0x0000000000000589      0x154 stm32_f103c6_Drivers/stm32_f103c6_EXTI.o
 .debug_macro   0x00000000000006dd      0x21a stm32_f103c6_Drivers/stm32_f103c6_EXTI.o
 .debug_macro   0x00000000000008f7       0xd6 stm32_f103c6_Drivers/stm32_f103c6_EXTI.o
 .debug_macro   0x00000000000009cd      0x145 stm32_f103c6_Drivers/stm32_f103c6_GPIO.o
 .debug_macro   0x0000000000000b12      0x145 stm32_f103c6_Drivers/stm32_f103c6_RCC.o
 .debug_macro   0x0000000000000c57       0x10 stm32_f103c6_Drivers/stm32_f103c6_RCC.o
 .debug_macro   0x0000000000000c67      0x157 stm32_f103c6_Drivers/stm32_f103c6_USART.o

.debug_line     0x0000000000000000     0x20cb
 .debug_line    0x0000000000000000      0x616 Src/main.o
 .debug_line    0x0000000000000616       0x84 Startup/startup_stm32f103c6tx.o
 .debug_line    0x000000000000069a      0x730 stm32_f103c6_Drivers/stm32_f103c6_EXTI.o
 .debug_line    0x0000000000000dca      0x67b stm32_f103c6_Drivers/stm32_f103c6_GPIO.o
 .debug_line    0x0000000000001445      0x59b stm32_f103c6_Drivers/stm32_f103c6_RCC.o
 .debug_line    0x00000000000019e0      0x6eb stm32_f103c6_Drivers/stm32_f103c6_USART.o

.debug_str      0x0000000000000000     0x9fba
 .debug_str     0x0000000000000000     0x9a00 Src/main.o
                                       0x9c78 (size before relaxing)
 .debug_str     0x0000000000009a00       0x31 Startup/startup_stm32f103c6tx.o
                                         0x6f (size before relaxing)
 .debug_str     0x0000000000009a31      0x2b1 stm32_f103c6_Drivers/stm32_f103c6_EXTI.o
                                       0x94a0 (size before relaxing)
 .debug_str     0x0000000000009ce2      0x105 stm32_f103c6_Drivers/stm32_f103c6_GPIO.o
                                       0x8031 (size before relaxing)
 .debug_str     0x0000000000009de7       0x92 stm32_f103c6_Drivers/stm32_f103c6_RCC.o
                                       0x7c2f (size before relaxing)
 .debug_str     0x0000000000009e79      0x141 stm32_f103c6_Drivers/stm32_f103c6_USART.o
                                       0x87a6 (size before relaxing)

.comment        0x0000000000000000       0x7b
 .comment       0x0000000000000000       0x7b Src/main.o
                                         0x7c (size before relaxing)
 .comment       0x000000000000007b       0x7c stm32_f103c6_Drivers/stm32_f103c6_EXTI.o
 .comment       0x000000000000007b       0x7c stm32_f103c6_Drivers/stm32_f103c6_GPIO.o
 .comment       0x000000000000007b       0x7c stm32_f103c6_Drivers/stm32_f103c6_RCC.o
 .comment       0x000000000000007b       0x7c stm32_f103c6_Drivers/stm32_f103c6_USART.o

.debug_frame    0x0000000000000000      0x5d8
 .debug_frame   0x0000000000000000       0x6c Src/main.o
 .debug_frame   0x000000000000006c      0x1b0 stm32_f103c6_Drivers/stm32_f103c6_EXTI.o
 .debug_frame   0x000000000000021c      0x178 stm32_f103c6_Drivers/stm32_f103c6_GPIO.o
 .debug_frame   0x0000000000000394       0x84 stm32_f103c6_Drivers/stm32_f103c6_RCC.o
 .debug_frame   0x0000000000000418      0x194 stm32_f103c6_Drivers/stm32_f103c6_USART.o
 .debug_frame   0x00000000000005ac       0x2c c:/st/stm32cubeide_1.4.0/stm32cubeide/plugins/com.st.stm32cube.ide.mcu.externaltools.gnu-tools-for-stm32.7-2018-q2-update.win32_1.4.0.202007081208/tools/bin/../lib/gcc/arm-none-eabi/7.3.1/../../../../arm-none-eabi/lib/thumb/v7-m\libc_nano.a(lib_a-init.o)
