
Allocating common symbols
Common symbol       size              file

algo_state_id       0x1               alarm_monitor.o
ps_state_id         0x1               pressure_sensor.o
mian_function_stata
                    0x4               main_function.o
pressure_sensor_stata
                    0x4               pressure_sensor.o
alarm_sensor_stata  0x4               alarm_sensor.o
alarm_state_id      0x1               alarm_sensor.o
alarm_monitor_stata
                    0x4               alarm_monitor.o

Memory Configuration

Name             Origin             Length             Attributes
flash            0x08000000         0x00020000         xr
sram             0x20000000         0x00005000         xrw
*default*        0x00000000         0xffffffff

Linker script and memory map


.text           0x08000000      0x3fc
 *(.vectors*)
 .vectors       0x08000000       0x1c startup.o
                0x08000000                vectors
 *(.text*)
 .text          0x0800001c       0x64 alarm_monitor.o
                0x0800001c                high_pressure
                0x08000038                ST_malarm_off
                0x08000044                ST_malarm_on
                0x08000060                ST_malarm_waiting
 .text          0x08000080       0xc8 alarm_sensor.o
                0x08000080                stop_alarm
                0x080000a4                start_alarm
                0x080000c8                ST_alarm_init
                0x080000e4                ST_alarm_waiting
                0x08000100                ST_alarm_off
                0x08000124                ST_alarm_on
 .text          0x08000148       0xc4 driver.o
                0x08000148                delay
                0x08000168                getPressureVal
                0x08000180                Set_Alarm_actuator
                0x080001bc                GPIO_INITIALIZATION
 .text          0x0800020c       0x78 main.o
                0x0800020c                setup
                0x08000250                main
 .text          0x08000284       0x78 main_function.o
                0x08000284                set_pressure_value
                0x080002b0                ST_algo_waiting
                0x080002cc                ST_alog_detection
 .text          0x080002fc       0x70 pressure_sensor.o
                0x080002fc                ST_ps_init
                0x08000318                ST_ps_reading
                0x08000348                ST_ps_waiting
 .text          0x0800036c       0x90 startup.o
                0x0800036c                h_fault_handler
                0x0800036c                mm_fault_handler
                0x0800036c                usage_fault_handler
                0x0800036c                default_handler
                0x0800036c                nmi_handler
                0x0800036c                bus_fault_handler
                0x08000378                reset_handler
 *(.rodata)
                0x080003fc                _E_TEXT = .

.glue_7         0x080003fc        0x0
 .glue_7        0x080003fc        0x0 linker stubs

.glue_7t        0x080003fc        0x0
 .glue_7t       0x080003fc        0x0 linker stubs

.vfp11_veneer   0x080003fc        0x0
 .vfp11_veneer  0x080003fc        0x0 linker stubs

.v4_bx          0x080003fc        0x0
 .v4_bx         0x080003fc        0x0 linker stubs

.iplt           0x080003fc        0x0
 .iplt          0x080003fc        0x0 alarm_monitor.o

.rel.dyn        0x080003fc        0x0
 .rel.iplt      0x080003fc        0x0 alarm_monitor.o

.data           0x20000000        0x4 load address 0x080003fc
                0x20000000                _S_DATA = .
 *(.data)
 .data          0x20000000        0x0 alarm_monitor.o
 .data          0x20000000        0x0 alarm_sensor.o
 .data          0x20000000        0x0 driver.o
 .data          0x20000000        0x0 main.o
 .data          0x20000000        0x4 main_function.o
                0x20000000                pressure_threshold
 .data          0x20000004        0x0 pressure_sensor.o
 .data          0x20000004        0x0 startup.o
                0x20000004                _E_DATA = .
                0x20000004                . = ALIGN (0x4)

.igot.plt       0x20000004        0x0 load address 0x08000400
 .igot.plt      0x20000004        0x0 alarm_monitor.o

.bss            0x20000004     0x1028 load address 0x08000400
                0x20000004                _S_BSS = .
 *(.bss*)
 .bss           0x20000004        0x0 alarm_monitor.o
 .bss           0x20000004        0x4 alarm_sensor.o
                0x20000004                i
 .bss           0x20000008        0x0 driver.o
 .bss           0x20000008        0x0 main.o
 .bss           0x20000008        0x4 main_function.o
                0x20000008                receive_pressure_value
 .bss           0x2000000c        0x4 pressure_sensor.o
                0x2000000c                pressure_value
 .bss           0x20000010        0x0 startup.o
                0x20000010                _E_BSS = .
                0x20000010                . = ALIGN (0x4)
                0x20001010                . = (. + 0x1000)
 *fill*         0x20000010     0x1000 
                0x20001010                _stack_top = .
 COMMON         0x20001010        0x8 alarm_monitor.o
                0x20001010                algo_state_id
                0x20001014                alarm_monitor_stata
 COMMON         0x20001018        0x5 alarm_sensor.o
                0x20001018                alarm_sensor_stata
                0x2000101c                alarm_state_id
 *fill*         0x2000101d        0x3 
 COMMON         0x20001020        0x4 main_function.o
                0x20001020                mian_function_stata
 COMMON         0x20001024        0x8 pressure_sensor.o
                0x20001024                ps_state_id
                0x20001028                pressure_sensor_stata
LOAD alarm_monitor.o
LOAD alarm_sensor.o
LOAD driver.o
LOAD main.o
LOAD main_function.o
LOAD pressure_sensor.o
LOAD startup.o
OUTPUT(high_Pressure_detection_Project.elf elf32-littlearm)

.debug_info     0x00000000     0x3e97
 .debug_info    0x00000000      0xa30 alarm_monitor.o
 .debug_info    0x00000a30      0xa70 alarm_sensor.o
 .debug_info    0x000014a0      0xa05 driver.o
 .debug_info    0x00001ea5      0x9f1 main.o
 .debug_info    0x00002896      0xa48 main_function.o
 .debug_info    0x000032de      0xa2c pressure_sensor.o
 .debug_info    0x00003d0a      0x18d startup.o

.debug_abbrev   0x00000000      0xc35
 .debug_abbrev  0x00000000      0x1e3 alarm_monitor.o
 .debug_abbrev  0x000001e3      0x208 alarm_sensor.o
 .debug_abbrev  0x000003eb      0x1de driver.o
 .debug_abbrev  0x000005c9      0x1ab main.o
 .debug_abbrev  0x00000774      0x208 main_function.o
 .debug_abbrev  0x0000097c      0x1e1 pressure_sensor.o
 .debug_abbrev  0x00000b5d       0xd8 startup.o

.debug_loc      0x00000000      0x5ac
 .debug_loc     0x00000000       0xc8 alarm_monitor.o
 .debug_loc     0x000000c8      0x168 alarm_sensor.o
 .debug_loc     0x00000230      0x140 driver.o
 .debug_loc     0x00000370       0x58 main.o
 .debug_loc     0x000003c8       0xcc main_function.o
 .debug_loc     0x00000494       0x9c pressure_sensor.o
 .debug_loc     0x00000530       0x7c startup.o

.debug_aranges  0x00000000       0xe0
 .debug_aranges
                0x00000000       0x20 alarm_monitor.o
 .debug_aranges
                0x00000020       0x20 alarm_sensor.o
 .debug_aranges
                0x00000040       0x20 driver.o
 .debug_aranges
                0x00000060       0x20 main.o
 .debug_aranges
                0x00000080       0x20 main_function.o
 .debug_aranges
                0x000000a0       0x20 pressure_sensor.o
 .debug_aranges
                0x000000c0       0x20 startup.o

.debug_line     0x00000000      0xac3
 .debug_line    0x00000000      0x1a6 alarm_monitor.o
 .debug_line    0x000001a6      0x1ac alarm_sensor.o
 .debug_line    0x00000352      0x1bb driver.o
 .debug_line    0x0000050d      0x1ec main.o
 .debug_line    0x000006f9      0x1a4 main_function.o
 .debug_line    0x0000089d      0x1a9 pressure_sensor.o
 .debug_line    0x00000a46       0x7d startup.o

.debug_str      0x00000000      0x77d
 .debug_str     0x00000000      0x530 alarm_monitor.o
                                0x5b2 (size before relaxing)
 .debug_str     0x00000530       0x80 alarm_sensor.o
                                0x5cd (size before relaxing)
 .debug_str     0x000005b0       0x57 driver.o
                                0x577 (size before relaxing)
 .debug_str     0x00000607       0x3c main.o
                                0x584 (size before relaxing)
 .debug_str     0x00000643       0x6f main_function.o
                                0x5dd (size before relaxing)
 .debug_str     0x000006b2       0x45 pressure_sensor.o
                                0x5a9 (size before relaxing)
 .debug_str     0x000006f7       0x86 startup.o
                                0x1b1 (size before relaxing)

.comment        0x00000000       0x7e
 .comment       0x00000000       0x7e alarm_monitor.o
                                 0x7f (size before relaxing)
 .comment       0x0000007e       0x7f alarm_sensor.o
 .comment       0x0000007e       0x7f driver.o
 .comment       0x0000007e       0x7f main.o
 .comment       0x0000007e       0x7f main_function.o
 .comment       0x0000007e       0x7f pressure_sensor.o
 .comment       0x0000007e       0x7f startup.o

.ARM.attributes
                0x00000000       0x33
 .ARM.attributes
                0x00000000       0x33 alarm_monitor.o
 .ARM.attributes
                0x00000033       0x33 alarm_sensor.o
 .ARM.attributes
                0x00000066       0x33 driver.o
 .ARM.attributes
                0x00000099       0x33 main.o
 .ARM.attributes
                0x000000cc       0x33 main_function.o
 .ARM.attributes
                0x000000ff       0x33 pressure_sensor.o
 .ARM.attributes
                0x00000132       0x33 startup.o

.debug_frame    0x00000000      0x360
 .debug_frame   0x00000000       0x84 alarm_monitor.o
 .debug_frame   0x00000084       0xc8 alarm_sensor.o
 .debug_frame   0x0000014c       0xa0 driver.o
 .debug_frame   0x000001ec       0x48 main.o
 .debug_frame   0x00000234       0x74 main_function.o
 .debug_frame   0x000002a8       0x68 pressure_sensor.o
 .debug_frame   0x00000310       0x50 startup.o
