Archive member included to satisfy reference by file (symbol)

c:/st/stm32cubeide_1.4.0/stm32cubeide/plugins/com.st.stm32cube.ide.mcu.externaltools.gnu-tools-for-stm32.7-2018-q2-update.win32_1.4.0.202007081208/tools/bin/../lib/gcc/arm-none-eabi/7.3.1/../../../../arm-none-eabi/lib/thumb/v7-m\libc_nano.a(lib_a-errno.o)
                              Src/syscalls.o (__errno)
c:/st/stm32cubeide_1.4.0/stm32cubeide/plugins/com.st.stm32cube.ide.mcu.externaltools.gnu-tools-for-stm32.7-2018-q2-update.win32_1.4.0.202007081208/tools/bin/../lib/gcc/arm-none-eabi/7.3.1/../../../../arm-none-eabi/lib/thumb/v7-m\libc_nano.a(lib_a-exit.o)
                              c:/st/stm32cubeide_1.4.0/stm32cubeide/plugins/com.st.stm32cube.ide.mcu.externaltools.gnu-tools-for-stm32.7-2018-q2-update.win32_1.4.0.202007081208/tools/bin/../lib/gcc/arm-none-eabi/7.3.1/../../../../arm-none-eabi/lib/thumb/v7-m/crt0.o (exit)
c:/st/stm32cubeide_1.4.0/stm32cubeide/plugins/com.st.stm32cube.ide.mcu.externaltools.gnu-tools-for-stm32.7-2018-q2-update.win32_1.4.0.202007081208/tools/bin/../lib/gcc/arm-none-eabi/7.3.1/../../../../arm-none-eabi/lib/thumb/v7-m\libc_nano.a(lib_a-impure.o)
                              c:/st/stm32cubeide_1.4.0/stm32cubeide/plugins/com.st.stm32cube.ide.mcu.externaltools.gnu-tools-for-stm32.7-2018-q2-update.win32_1.4.0.202007081208/tools/bin/../lib/gcc/arm-none-eabi/7.3.1/../../../../arm-none-eabi/lib/thumb/v7-m\libc_nano.a(lib_a-exit.o) (_global_impure_ptr)
c:/st/stm32cubeide_1.4.0/stm32cubeide/plugins/com.st.stm32cube.ide.mcu.externaltools.gnu-tools-for-stm32.7-2018-q2-update.win32_1.4.0.202007081208/tools/bin/../lib/gcc/arm-none-eabi/7.3.1/../../../../arm-none-eabi/lib/thumb/v7-m\libc_nano.a(lib_a-init.o)
                              c:/st/stm32cubeide_1.4.0/stm32cubeide/plugins/com.st.stm32cube.ide.mcu.externaltools.gnu-tools-for-stm32.7-2018-q2-update.win32_1.4.0.202007081208/tools/bin/../lib/gcc/arm-none-eabi/7.3.1/../../../../arm-none-eabi/lib/thumb/v7-m/crt0.o (__libc_init_array)
c:/st/stm32cubeide_1.4.0/stm32cubeide/plugins/com.st.stm32cube.ide.mcu.externaltools.gnu-tools-for-stm32.7-2018-q2-update.win32_1.4.0.202007081208/tools/bin/../lib/gcc/arm-none-eabi/7.3.1/../../../../arm-none-eabi/lib/thumb/v7-m\libc_nano.a(lib_a-memset.o)
                              c:/st/stm32cubeide_1.4.0/stm32cubeide/plugins/com.st.stm32cube.ide.mcu.externaltools.gnu-tools-for-stm32.7-2018-q2-update.win32_1.4.0.202007081208/tools/bin/../lib/gcc/arm-none-eabi/7.3.1/../../../../arm-none-eabi/lib/thumb/v7-m/crt0.o (memset)
c:/st/stm32cubeide_1.4.0/stm32cubeide/plugins/com.st.stm32cube.ide.mcu.externaltools.gnu-tools-for-stm32.7-2018-q2-update.win32_1.4.0.202007081208/tools/bin/../lib/gcc/arm-none-eabi/7.3.1/thumb/v7-m\libgcc.a(_arm_addsubdf3.o)
                              HAL/Servo.o (__aeabi_dadd)
c:/st/stm32cubeide_1.4.0/stm32cubeide/plugins/com.st.stm32cube.ide.mcu.externaltools.gnu-tools-for-stm32.7-2018-q2-update.win32_1.4.0.202007081208/tools/bin/../lib/gcc/arm-none-eabi/7.3.1/thumb/v7-m\libgcc.a(_arm_muldivdf3.o)
                              HAL/Servo.o (__aeabi_dmul)
c:/st/stm32cubeide_1.4.0/stm32cubeide/plugins/com.st.stm32cube.ide.mcu.externaltools.gnu-tools-for-stm32.7-2018-q2-update.win32_1.4.0.202007081208/tools/bin/../lib/gcc/arm-none-eabi/7.3.1/thumb/v7-m\libgcc.a(_arm_fixunsdfsi.o)
                              HAL/Servo.o (__aeabi_d2uiz)

Allocating common symbols
Common symbol       size              file

pincfg_Key          0x4               HAL/Keypad.o
GP_IRQ_CALL         0x3c              stm32_f103c6_Drivers/stm32_f103c6_EXTI.o

Discarded input sections

 .text          0x0000000000000000        0x0 c:/st/stm32cubeide_1.4.0/stm32cubeide/plugins/com.st.stm32cube.ide.mcu.externaltools.gnu-tools-for-stm32.7-2018-q2-update.win32_1.4.0.202007081208/tools/bin/../lib/gcc/arm-none-eabi/7.3.1/thumb/v7-m/crti.o
 .data          0x0000000000000000        0x0 c:/st/stm32cubeide_1.4.0/stm32cubeide/plugins/com.st.stm32cube.ide.mcu.externaltools.gnu-tools-for-stm32.7-2018-q2-update.win32_1.4.0.202007081208/tools/bin/../lib/gcc/arm-none-eabi/7.3.1/thumb/v7-m/crti.o
 .bss           0x0000000000000000        0x0 c:/st/stm32cubeide_1.4.0/stm32cubeide/plugins/com.st.stm32cube.ide.mcu.externaltools.gnu-tools-for-stm32.7-2018-q2-update.win32_1.4.0.202007081208/tools/bin/../lib/gcc/arm-none-eabi/7.3.1/thumb/v7-m/crti.o
 .data          0x0000000000000000        0x4 c:/st/stm32cubeide_1.4.0/stm32cubeide/plugins/com.st.stm32cube.ide.mcu.externaltools.gnu-tools-for-stm32.7-2018-q2-update.win32_1.4.0.202007081208/tools/bin/../lib/gcc/arm-none-eabi/7.3.1/thumb/v7-m/crtbegin.o
 .text          0x0000000000000000       0x74 c:/st/stm32cubeide_1.4.0/stm32cubeide/plugins/com.st.stm32cube.ide.mcu.externaltools.gnu-tools-for-stm32.7-2018-q2-update.win32_1.4.0.202007081208/tools/bin/../lib/gcc/arm-none-eabi/7.3.1/../../../../arm-none-eabi/lib/thumb/v7-m/crt0.o
[...]
Memory Configuration

Name             Origin             Length             Attributes
RAM              0x0000000020000000 0x0000000000002800 xrw
ROM              0x0000000008000000 0x0000000000008000 xr
*default*        0x0000000000000000 0xffffffffffffffff

Linker script and memory map

LOAD c:/st/stm32cubeide_1.4.0/stm32cubeide/plugins/com.st.stm32cube.ide.mcu.externaltools.gnu-tools-for-stm32.7-2018-q2-update.win32_1.4.0.202007081208/tools/bin/../lib/gcc/arm-none-eabi/7.3.1/thumb/v7-m/crti.o
LOAD c:/st/stm32cubeide_1.4.0/stm32cubeide/plugins/com.st.stm32cube.ide.mcu.externaltools.gnu-tools-for-stm32.7-2018-q2-update.win32_1.4.0.202007081208/tools/bin/../lib/gcc/arm-none-eabi/7.3.1/thumb/v7-m/crtbegin.o
LOAD c:/st/stm32cubeide_1.4.0/stm32cubeide/plugins/com.st.stm32cube.ide.mcu.externaltools.gnu-tools-for-stm32.7-2018-q2-update.win32_1.4.0.202007081208/tools/bin/../lib/gcc/arm-none-eabi/7.3.1/../../../../arm-none-eabi/lib/thumb/v7-m/crt0.o
LOAD HAL/EEPROM.o
LOAD HAL/Keypad.o
LOAD HAL/LCD.o
LOAD HAL/Servo.o
LOAD Src/main.o
LOAD Src/syscalls.o
LOAD Src/sysmem.o
LOAD Startup/startup_stm32f103c6tx.o
LOAD stm32_f103c6_Drivers/delay.o
LOAD stm32_f103c6_Drivers/stm32_f103c6_ADC.o
LOAD stm32_f103c6_Drivers/stm32_f103c6_EXTI.o
LOAD stm32_f103c6_Drivers/stm32_f103c6_GPIO.o
LOAD stm32_f103c6_Drivers/stm32_f103c6_I2C.o
LOAD stm32_f103c6_Drivers/stm32_f103c6_RCC.o
LOAD stm32_f103c6_Drivers/stm32_f103c6_SPI.o
LOAD stm32_f103c6_Drivers/stm32_f103c6_TIM2_3.o
LOAD stm32_f103c6_Drivers/stm32_f103c6_USART.o
START GROUP
LOAD c:/st/stm32cubeide_1.4.0/stm32cubeide/plugins/com.st.stm32cube.ide.mcu.externaltools.gnu-tools-for-stm32.7-2018-q2-update.win32_1.4.0.202007081208/tools/bin/../lib/gcc/arm-none-eabi/7.3.1/../../../../arm-none-eabi/lib/thumb/v7-m\libc_nano.a
LOAD c:/st/stm32cubeide_1.4.0/stm32cubeide/plugins/com.st.stm32cube.ide.mcu.externaltools.gnu-tools-for-stm32.7-2018-q2-update.win32_1.4.0.202007081208/tools/bin/../lib/gcc/arm-none-eabi/7.3.1/../../../../arm-none-eabi/lib/thumb/v7-m\libm.a
END GROUP
START GROUP
LOAD c:/st/stm32cubeide_1.4.0/stm32cubeide/plugins/com.st.stm32cube.ide.mcu.externaltools.gnu-tools-for-stm32.7-2018-q2-update.win32_1.4.0.202007081208/tools/bin/../lib/gcc/arm-none-eabi/7.3.1/thumb/v7-m\libgcc.a
LOAD c:/st/stm32cubeide_1.4.0/stm32cubeide/plugins/com.st.stm32cube.ide.mcu.externaltools.gnu-tools-for-stm32.7-2018-q2-update.win32_1.4.0.202007081208/tools/bin/../lib/gcc/arm-none-eabi/7.3.1/../../../../arm-none-eabi/lib/thumb/v7-m\libg_nano.a
LOAD c:/st/stm32cubeide_1.4.0/stm32cubeide/plugins/com.st.stm32cube.ide.mcu.externaltools.gnu-tools-for-stm32.7-2018-q2-update.win32_1.4.0.202007081208/tools/bin/../lib/gcc/arm-none-eabi/7.3.1/../../../../arm-none-eabi/lib/thumb/v7-m\libc_nano.a
END GROUP
START GROUP
LOAD c:/st/stm32cubeide_1.4.0/stm32cubeide/plugins/com.st.stm32cube.ide.mcu.externaltools.gnu-tools-for-stm32.7-2018-q2-update.win32_1.4.0.202007081208/tools/bin/../lib/gcc/arm-none-eabi/7.3.1/thumb/v7-m\libgcc.a
LOAD c:/st/stm32cubeide_1.4.0/stm32cubeide/plugins/com.st.stm32cube.ide.mcu.externaltools.gnu-tools-for-stm32.7-2018-q2-update.win32_1.4.0.202007081208/tools/bin/../lib/gcc/arm-none-eabi/7.3.1/../../../../arm-none-eabi/lib/thumb/v7-m\libc_nano.a
LOAD c:/st/stm32cubeide_1.4.0/stm32cubeide/plugins/com.st.stm32cube.ide.mcu.externaltools.gnu-tools-for-stm32.7-2018-q2-update.win32_1.4.0.202007081208/tools/bin/../lib/gcc/arm-none-eabi/7.3.1/../../../../arm-none-eabi/lib/thumb/v7-m\libnosys.a
END GROUP
START GROUP
LOAD c:/st/stm32cubeide_1.4.0/stm32cubeide/plugins/com.st.stm32cube.ide.mcu.externaltools.gnu-tools-for-stm32.7-2018-q2-update.win32_1.4.0.202007081208/tools/bin/../lib/gcc/arm-none-eabi/7.3.1/thumb/v7-m\libgcc.a
LOAD c:/st/stm32cubeide_1.4.0/stm32cubeide/plugins/com.st.stm32cube.ide.mcu.externaltools.gnu-tools-for-stm32.7-2018-q2-update.win32_1.4.0.202007081208/tools/bin/../lib/gcc/arm-none-eabi/7.3.1/../../../../arm-none-eabi/lib/thumb/v7-m\libc_nano.a
LOAD c:/st/stm32cubeide_1.4.0/stm32cubeide/plugins/com.st.stm32cube.ide.mcu.externaltools.gnu-tools-for-stm32.7-2018-q2-update.win32_1.4.0.202007081208/tools/bin/../lib/gcc/arm-none-eabi/7.3.1/../../../../arm-none-eabi/lib/thumb/v7-m\libnosys.a
END GROUP
LOAD c:/st/stm32cubeide_1.4.0/stm32cubeide/plugins/com.st.stm32cube.ide.mcu.externaltools.gnu-tools-for-stm32.7-2018-q2-update.win32_1.4.0.202007081208/tools/bin/../lib/gcc/arm-none-eabi/7.3.1/thumb/v7-m/crtend.o
LOAD c:/st/stm32cubeide_1.4.0/stm32cubeide/plugins/com.st.stm32cube.ide.mcu.externaltools.gnu-tools-for-stm32.7-2018-q2-update.win32_1.4.0.202007081208/tools/bin/../lib/gcc/arm-none-eabi/7.3.1/thumb/v7-m/crtn.o
                0x0000000020002800                _estack = (ORIGIN (RAM) + LENGTH (RAM))
                0x0000000000000200                _Min_Heap_Size = 0x200
                0x0000000000000400                _Min_Stack_Size = 0x400

.isr_vector     0x0000000008000000      0x130
                0x0000000008000000                . = ALIGN (0x4)
 *(.isr_vector)
 .isr_vector    0x0000000008000000      0x130 Startup/startup_stm32f103c6tx.o
                0x0000000008000000                g_pfnVectors
                0x0000000008000130                . = ALIGN (0x4)

.text           0x0000000008000130      0xbfc
                0x0000000008000130                . = ALIGN (0x4)
 *(.text)
 .text          0x0000000008000130       0x40 c:/st/stm32cubeide_1.4.0/stm32cubeide/plugins/com.st.stm32cube.ide.mcu.externaltools.gnu-tools-for-stm32.7-2018-q2-update.win32_1.4.0.202007081208/tools/bin/../lib/gcc/arm-none-eabi/7.3.1/thumb/v7-m/crtbegin.o
 *(.text*)
 .text.Clock_INIT
                0x0000000008000170       0x70 Src/main.o
                0x0000000008000170                Clock_INIT
 .text.EXTI_9   0x00000000080001e0       0x14 Src/main.o
                0x00000000080001e0                EXTI_9
 .text.main     0x00000000080001f4       0x4c Src/main.o
                0x00000000080001f4                main
 .text.Reset_Handler
                0x0000000008000240       0x50 Startup/startup_stm32f103c6tx.o
                0x0000000008000240                Reset_Handler
 .text.Default_Handler
                0x0000000008000290        0x2 Startup/startup_stm32f103c6tx.o
                0x0000000008000290                TIM8_TRG_COM_IRQHandler
                0x0000000008000290                TIM8_CC_IRQHandler
                0x0000000008000290                DebugMon_Handler
                0x0000000008000290                TIM1_CC_IRQHandler
                0x0000000008000290                HardFault_Handler
                0x0000000008000290                TIM6_IRQHandler
                0x0000000008000290                SysTick_Handler
                0x0000000008000290                PVD_IRQHandler
                0x0000000008000290                SDIO_IRQHandler
                0x0000000008000290                PendSV_Handler
                0x0000000008000290                NMI_Handler
                0x0000000008000290                USB_HP_CAN_TX_IRQHandler
                0x0000000008000290                I2C2_EV_IRQHandler
                0x0000000008000290                UsageFault_Handler
                0x0000000008000290                ADC1_2_IRQHandler
                0x0000000008000290                CAN_SCE_IRQHandler
                0x0000000008000290                TAMPER_IRQHandler
                0x0000000008000290                TIM8_UP_IRQHandler
                0x0000000008000290                DMA2_Channel2_IRQHandler
                0x0000000008000290                DMA1_Channel4_IRQHandler
                0x0000000008000290                RTC_IRQHandler
                0x0000000008000290                DMA1_Channel7_IRQHandler
                0x0000000008000290                UART5_IRQHandler
                0x0000000008000290                ADC3_IRQHandler
                0x0000000008000290                TIM4_IRQHandler
                0x0000000008000290                CAN_RX1_IRQHandler
                0x0000000008000290                DMA2_Channel1_IRQHandler
                0x0000000008000290                DMA1_Channel6_IRQHandler
                0x0000000008000290                UART4_IRQHandler
                0x0000000008000290                TIM3_IRQHandler
                0x0000000008000290                RCC_IRQHandler
                0x0000000008000290                TIM1_TRG_COM_IRQHandler
                0x0000000008000290                DMA1_Channel1_IRQHandler
                0x0000000008000290                Default_Handler
                0x0000000008000290                TIM7_IRQHandler
                0x0000000008000290                TIM5_IRQHandler
                0x0000000008000290                USB_LP_CAN_RX0_IRQHandler
                0x0000000008000290                MemManage_Handler
                0x0000000008000290                SVC_Handler
                0x0000000008000290                DMA1_Channel5_IRQHandler
                0x0000000008000290                DMA1_Channel3_IRQHandler
                0x0000000008000290                FSMC_IRQHandler
                0x0000000008000290                TIM1_UP_IRQHandler
                0x0000000008000290                WWDG_IRQHandler
                0x0000000008000290                TIM2_IRQHandler
                0x0000000008000290                TIM1_BRK_IRQHandler
                0x0000000008000290                RTCAlarm_IRQHandler
                0x0000000008000290                DMA2_Channel4_5_IRQHandler
                0x0000000008000290                I2C2_ER_IRQHandler
                0x0000000008000290                DMA1_Channel2_IRQHandler
                0x0000000008000290                TIM8_BRK_IRQHandler
                0x0000000008000290                FLASH_IRQHandler
                0x0000000008000290                BusFault_Handler
                0x0000000008000290                SPI3_IRQHandler
                0x0000000008000290                I2C1_ER_IRQHandler
                0x0000000008000290                DMA2_Channel3_IRQHandler
 *fill*         0x0000000008000292        0x2 
 .text.Enable_NVIC
                0x0000000008000294       0xcc stm32_f103c6_Drivers/stm32_f103c6_EXTI.o
                0x0000000008000294                Enable_NVIC
 .text.Disable_NVIC
                0x0000000008000360       0xcc stm32_f103c6_Drivers/stm32_f103c6_EXTI.o
                0x0000000008000360                Disable_NVIC
 .text.Configuration_EXTI
                0x000000000800042c      0x1cc stm32_f103c6_Drivers/stm32_f103c6_EXTI.o
                0x000000000800042c                Configuration_EXTI
 .text.MCAL_EXTI_GPIO_Init
                0x00000000080005f8       0x16 stm32_f103c6_Drivers/stm32_f103c6_EXTI.o
                0x00000000080005f8                MCAL_EXTI_GPIO_Init
 *fill*         0x000000000800060e        0x2 
 .text.EXTI0_IRQHandler
                0x0000000008000610       0x24 stm32_f103c6_Drivers/stm32_f103c6_EXTI.o
                0x0000000008000610                EXTI0_IRQHandler
 .text.EXTI1_IRQHandler
                0x0000000008000634       0x24 stm32_f103c6_Drivers/stm32_f103c6_EXTI.o
                0x0000000008000634                EXTI1_IRQHandler
 .text.EXTI2_IRQHandler
                0x0000000008000658       0x24 stm32_f103c6_Drivers/stm32_f103c6_EXTI.o
                0x0000000008000658                EXTI2_IRQHandler
 .text.EXTI3_IRQHandler
                0x000000000800067c       0x24 stm32_f103c6_Drivers/stm32_f103c6_EXTI.o
                0x000000000800067c                EXTI3_IRQHandler
 .text.EXTI4_IRQHandler
                0x00000000080006a0       0x24 stm32_f103c6_Drivers/stm32_f103c6_EXTI.o
                0x00000000080006a0                EXTI4_IRQHandler
 .text.EXTI9_5_IRQHandler
                0x00000000080006c4       0xa8 stm32_f103c6_Drivers/stm32_f103c6_EXTI.o
                0x00000000080006c4                EXTI9_5_IRQHandler
 .text.EXTI15_10_IRQHandler
                0x000000000800076c       0xc4 stm32_f103c6_Drivers/stm32_f103c6_EXTI.o
                0x000000000800076c                EXTI15_10_IRQHandler
 .text.get_position
                0x0000000008000830       0xc6 stm32_f103c6_Drivers/stm32_f103c6_GPIO.o
                0x0000000008000830                get_position
 .text.MCAL_GPIO_Init
                0x00000000080008f6       0xfe stm32_f103c6_Drivers/stm32_f103c6_GPIO.o
                0x00000000080008f6                MCAL_GPIO_Init
 .text.MCAL_GPIO_TogglePin
                0x00000000080009f4       0x22 stm32_f103c6_Drivers/stm32_f103c6_GPIO.o
                0x00000000080009f4                MCAL_GPIO_TogglePin
 *fill*         0x0000000008000a16        0x2 
 .text.Slave_Status
                0x0000000008000a18       0xd8 stm32_f103c6_Drivers/stm32_f103c6_I2C.o
                0x0000000008000a18                Slave_Status
 .text.I2C1_EV_IRQHandler
                0x0000000008000af0       0xe8 stm32_f103c6_Drivers/stm32_f103c6_I2C.o
                0x0000000008000af0                I2C1_EV_IRQHandler
 .text.SPI1_IRQHandler
                0x0000000008000bd8       0x5c stm32_f103c6_Drivers/stm32_f103c6_SPI.o
                0x0000000008000bd8                SPI1_IRQHandler
 .text.SPI2_IRQHandler
                0x0000000008000c34       0x5c stm32_f103c6_Drivers/stm32_f103c6_SPI.o
                0x0000000008000c34                SPI2_IRQHandler
 .text.USART1_IRQHandler
                0x0000000008000c90       0x14 stm32_f103c6_Drivers/stm32_f103c6_USART.o
                0x0000000008000c90                USART1_IRQHandler
 .text.USART2_IRQHandler
                0x0000000008000ca4       0x14 stm32_f103c6_Drivers/stm32_f103c6_USART.o
                0x0000000008000ca4                USART2_IRQHandler
 .text.USART3_IRQHandler
                0x0000000008000cb8       0x14 stm32_f103c6_Drivers/stm32_f103c6_USART.o
                0x0000000008000cb8                USART3_IRQHandler
 .text.__libc_init_array
                0x0000000008000ccc       0x48 c:/st/stm32cubeide_1.4.0/stm32cubeide/plugins/com.st.stm32cube.ide.mcu.externaltools.gnu-tools-for-stm32.7-2018-q2-update.win32_1.4.0.202007081208/tools/bin/../lib/gcc/arm-none-eabi/7.3.1/../../../../arm-none-eabi/lib/thumb/v7-m\libc_nano.a(lib_a-init.o)
                0x0000000008000ccc                __libc_init_array
 *(.glue_7)
 .glue_7        0x0000000008000d14        0x0 linker stubs
 *(.glue_7t)
 .glue_7t       0x0000000008000d14        0x0 linker stubs
 *(.eh_frame)
 .eh_frame      0x0000000008000d14        0x0 c:/st/stm32cubeide_1.4.0/stm32cubeide/plugins/com.st.stm32cube.ide.mcu.externaltools.gnu-tools-for-stm32.7-2018-q2-update.win32_1.4.0.202007081208/tools/bin/../lib/gcc/arm-none-eabi/7.3.1/thumb/v7-m/crtbegin.o
 *(.init)
 .init          0x0000000008000d14        0x4 c:/st/stm32cubeide_1.4.0/stm32cubeide/plugins/com.st.stm32cube.ide.mcu.externaltools.gnu-tools-for-stm32.7-2018-q2-update.win32_1.4.0.202007081208/tools/bin/../lib/gcc/arm-none-eabi/7.3.1/thumb/v7-m/crti.o
                0x0000000008000d14                _init
 .init          0x0000000008000d18        0x8 c:/st/stm32cubeide_1.4.0/stm32cubeide/plugins/com.st.stm32cube.ide.mcu.externaltools.gnu-tools-for-stm32.7-2018-q2-update.win32_1.4.0.202007081208/tools/bin/../lib/gcc/arm-none-eabi/7.3.1/thumb/v7-m/crtn.o
 *(.fini)
 .fini          0x0000000008000d20        0x4 c:/st/stm32cubeide_1.4.0/stm32cubeide/plugins/com.st.stm32cube.ide.mcu.externaltools.gnu-tools-for-stm32.7-2018-q2-update.win32_1.4.0.202007081208/tools/bin/../lib/gcc/arm-none-eabi/7.3.1/thumb/v7-m/crti.o
                0x0000000008000d20                _fini
 .fini          0x0000000008000d24        0x8 c:/st/stm32cubeide_1.4.0/stm32cubeide/plugins/com.st.stm32cube.ide.mcu.externaltools.gnu-tools-for-stm32.7-2018-q2-update.win32_1.4.0.202007081208/tools/bin/../lib/gcc/arm-none-eabi/7.3.1/thumb/v7-m/crtn.o
                0x0000000008000d2c                . = ALIGN (0x4)
                0x0000000008000d2c                _etext = .

.vfp11_veneer   0x0000000008000d2c        0x0
 .vfp11_veneer  0x0000000008000d2c        0x0 linker stubs

.v4_bx          0x0000000008000d2c        0x0
 .v4_bx         0x0000000008000d2c        0x0 linker stubs

.iplt           0x0000000008000d2c        0x0
 .iplt          0x0000000008000d2c        0x0 c:/st/stm32cubeide_1.4.0/stm32cubeide/plugins/com.st.stm32cube.ide.mcu.externaltools.gnu-tools-for-stm32.7-2018-q2-update.win32_1.4.0.202007081208/tools/bin/../lib/gcc/arm-none-eabi/7.3.1/thumb/v7-m/crtbegin.o

.rodata         0x0000000008000d2c        0xc
                0x0000000008000d2c                . = ALIGN (0x4)
 *(.rodata)
 .rodata        0x0000000008000d2c        0xc Src/main.o
 *(.rodata*)
                0x0000000008000d38                . = ALIGN (0x4)

.rel.dyn        0x0000000008000d38        0x0
 .rel.iplt      0x0000000008000d38        0x0 c:/st/stm32cubeide_1.4.0/stm32cubeide/plugins/com.st.stm32cube.ide.mcu.externaltools.gnu-tools-for-stm32.7-2018-q2-update.win32_1.4.0.202007081208/tools/bin/../lib/gcc/arm-none-eabi/7.3.1/thumb/v7-m/crtbegin.o

.ARM.extab      0x0000000008000d38        0x0
                0x0000000008000d38                . = ALIGN (0x4)
 *(.ARM.extab* .gnu.linkonce.armextab.*)
                0x0000000008000d38                . = ALIGN (0x4)

.ARM            0x0000000008000d38        0x0
                0x0000000008000d38                . = ALIGN (0x4)
                0x0000000008000d38                __exidx_start = .
 *(.ARM.exidx*)
                0x0000000008000d38                __exidx_end = .
                0x0000000008000d38                . = ALIGN (0x4)

.preinit_array  0x0000000008000d38        0x0
                0x0000000008000d38                . = ALIGN (0x4)
                0x0000000008000d38                PROVIDE (__preinit_array_start = .)
 *(.preinit_array*)
                0x0000000008000d38                PROVIDE (__preinit_array_end = .)
                0x0000000008000d38                . = ALIGN (0x4)

.init_array     0x0000000008000d38        0x4
                0x0000000008000d38                . = ALIGN (0x4)
                0x0000000008000d38                PROVIDE (__init_array_start = .)
 *(SORT_BY_NAME(.init_array.*))
 *(.init_array*)
 .init_array    0x0000000008000d38        0x4 c:/st/stm32cubeide_1.4.0/stm32cubeide/plugins/com.st.stm32cube.ide.mcu.externaltools.gnu-tools-for-stm32.7-2018-q2-update.win32_1.4.0.202007081208/tools/bin/../lib/gcc/arm-none-eabi/7.3.1/thumb/v7-m/crtbegin.o
                0x0000000008000d3c                PROVIDE (__init_array_end = .)
                0x0000000008000d3c                . = ALIGN (0x4)

.fini_array     0x0000000008000d3c        0x4
                0x0000000008000d3c                . = ALIGN (0x4)
                [!provide]                        PROVIDE (__fini_array_start = .)
 *(SORT_BY_NAME(.fini_array.*))
 *(.fini_array*)
 .fini_array    0x0000000008000d3c        0x4 c:/st/stm32cubeide_1.4.0/stm32cubeide/plugins/com.st.stm32cube.ide.mcu.externaltools.gnu-tools-for-stm32.7-2018-q2-update.win32_1.4.0.202007081208/tools/bin/../lib/gcc/arm-none-eabi/7.3.1/thumb/v7-m/crtbegin.o
                [!provide]                        PROVIDE (__fini_array_end = .)
                0x0000000008000d40                . = ALIGN (0x4)
                0x0000000008000d40                _sidata = LOADADDR (.data)

.data           0x0000000020000000        0x0 load address 0x0000000008000d40
                0x0000000020000000                . = ALIGN (0x4)
                0x0000000020000000                _sdata = .
 *(.data)
 *(.data*)
                0x0000000020000000                . = ALIGN (0x4)
                0x0000000020000000                _edata = .

.igot.plt       0x0000000020000000        0x0 load address 0x0000000008000d40
 .igot.plt      0x0000000020000000        0x0 c:/st/stm32cubeide_1.4.0/stm32cubeide/plugins/com.st.stm32cube.ide.mcu.externaltools.gnu-tools-for-stm32.7-2018-q2-update.win32_1.4.0.202007081208/tools/bin/../lib/gcc/arm-none-eabi/7.3.1/thumb/v7-m/crtbegin.o
                0x0000000020000000                . = ALIGN (0x4)

.bss            0x0000000020000000       0xa4 load address 0x0000000008000d40
                0x0000000020000000                _sbss = .
                0x0000000020000000                __bss_start__ = _sbss
 *(.bss)
 .bss           0x0000000020000000       0x1c c:/st/stm32cubeide_1.4.0/stm32cubeide/plugins/com.st.stm32cube.ide.mcu.externaltools.gnu-tools-for-stm32.7-2018-q2-update.win32_1.4.0.202007081208/tools/bin/../lib/gcc/arm-none-eabi/7.3.1/thumb/v7-m/crtbegin.o
 *(.bss*)
 .bss.g_I2C_Config
                0x000000002000001c       0x38 stm32_f103c6_Drivers/stm32_f103c6_I2C.o
                0x000000002000001c                g_I2C_Config
 .bss.g_SPI_Config
                0x0000000020000054        0x8 stm32_f103c6_Drivers/stm32_f103c6_SPI.o
                0x0000000020000054                g_SPI_Config
 .bss.g_USART_Config
                0x000000002000005c        0xc stm32_f103c6_Drivers/stm32_f103c6_USART.o
                0x000000002000005c                g_USART_Config
 *(COMMON)
 COMMON         0x0000000020000068       0x3c stm32_f103c6_Drivers/stm32_f103c6_EXTI.o
                0x0000000020000068                GP_IRQ_CALL
                0x00000000200000a4                . = ALIGN (0x4)
                0x00000000200000a4                _ebss = .
                0x00000000200000a4                __bss_end__ = _ebss

._user_heap_stack
                0x00000000200000a4      0x604 load address 0x0000000008000d40
                0x00000000200000a8                . = ALIGN (0x8)
 *fill*         0x00000000200000a4        0x4 
                [!provide]                        PROVIDE (end = .)
                0x00000000200000a8                PROVIDE (_end = .)
                0x00000000200002a8                . = (. + _Min_Heap_Size)
 *fill*         0x00000000200000a8      0x200 
                0x00000000200006a8                . = (. + _Min_Stack_Size)
 *fill*         0x00000000200002a8      0x400 
                0x00000000200006a8                . = ALIGN (0x8)

/DISCARD/
 libc.a(*)
 libm.a(*)
 libgcc.a(*)

.ARM.attributes
                0x0000000000000000       0x29
 *(.ARM.attributes)
 .ARM.attributes
                0x0000000000000000       0x1d c:/st/stm32cubeide_1.4.0/stm32cubeide/plugins/com.st.stm32cube.ide.mcu.externaltools.gnu-tools-for-stm32.7-2018-q2-update.win32_1.4.0.202007081208/tools/bin/../lib/gcc/arm-none-eabi/7.3.1/thumb/v7-m/crti.o
 .ARM.attributes
                0x000000000000001d       0x2d c:/st/stm32cubeide_1.4.0/stm32cubeide/plugins/com.st.stm32cube.ide.mcu.externaltools.gnu-tools-for-stm32.7-2018-q2-update.win32_1.4.0.202007081208/tools/bin/../lib/gcc/arm-none-eabi/7.3.1/thumb/v7-m/crtbegin.o
 .ARM.attributes
                0x000000000000004a       0x33 Src/main.o
 .ARM.attributes
                0x000000000000007d       0x21 Startup/startup_stm32f103c6tx.o
 .ARM.attributes
                0x000000000000009e       0x33 stm32_f103c6_Drivers/stm32_f103c6_EXTI.o
 .ARM.attributes
                0x00000000000000d1       0x33 stm32_f103c6_Drivers/stm32_f103c6_GPIO.o
 .ARM.attributes
                0x0000000000000104       0x33 stm32_f103c6_Drivers/stm32_f103c6_I2C.o
 .ARM.attributes
                0x0000000000000137       0x33 stm32_f103c6_Drivers/stm32_f103c6_SPI.o
 .ARM.attributes
                0x000000000000016a       0x33 stm32_f103c6_Drivers/stm32_f103c6_USART.o
 .ARM.attributes
                0x000000000000019d       0x2d c:/st/stm32cubeide_1.4.0/stm32cubeide/plugins/com.st.stm32cube.ide.mcu.externaltools.gnu-tools-for-stm32.7-2018-q2-update.win32_1.4.0.202007081208/tools/bin/../lib/gcc/arm-none-eabi/7.3.1/../../../../arm-none-eabi/lib/thumb/v7-m\libc_nano.a(lib_a-init.o)
 .ARM.attributes
                0x00000000000001ca       0x1d c:/st/stm32cubeide_1.4.0/stm32cubeide/plugins/com.st.stm32cube.ide.mcu.externaltools.gnu-tools-for-stm32.7-2018-q2-update.win32_1.4.0.202007081208/tools/bin/../lib/gcc/arm-none-eabi/7.3.1/thumb/v7-m/crtn.o
OUTPUT(Drivers.elf elf32-littlearm)

.debug_info     0x0000000000000000     0x5665
 .debug_info    0x0000000000000000      0xc1d Src/main.o
 .debug_info    0x0000000000000c1d       0x22 Startup/startup_stm32f103c6tx.o
 .debug_info    0x0000000000000c3f      0xdbe stm32_f103c6_Drivers/stm32_f103c6_EXTI.o
 .debug_info    0x00000000000019fd      0xd56 stm32_f103c6_Drivers/stm32_f103c6_GPIO.o
 .debug_info    0x0000000000002753     0x116e stm32_f103c6_Drivers/stm32_f103c6_I2C.o
 .debug_info    0x00000000000038c1      0xef9 stm32_f103c6_Drivers/stm32_f103c6_SPI.o
 .debug_info    0x00000000000047ba      0xeab stm32_f103c6_Drivers/stm32_f103c6_USART.o

.debug_abbrev   0x0000000000000000      0xd82
 .debug_abbrev  0x0000000000000000      0x1b1 Src/main.o
 .debug_abbrev  0x00000000000001b1       0x12 Startup/startup_stm32f103c6tx.o
 .debug_abbrev  0x00000000000001c3      0x219 stm32_f103c6_Drivers/stm32_f103c6_EXTI.o
 .debug_abbrev  0x00000000000003dc      0x232 stm32_f103c6_Drivers/stm32_f103c6_GPIO.o
 .debug_abbrev  0x000000000000060e      0x2b4 stm32_f103c6_Drivers/stm32_f103c6_I2C.o
 .debug_abbrev  0x00000000000008c2      0x269 stm32_f103c6_Drivers/stm32_f103c6_SPI.o
 .debug_abbrev  0x0000000000000b2b      0x257 stm32_f103c6_Drivers/stm32_f103c6_USART.o

.debug_loc      0x0000000000000000     0x1140
 .debug_loc     0x0000000000000000       0xa8 Src/main.o
 .debug_loc     0x00000000000000a8      0x320 stm32_f103c6_Drivers/stm32_f103c6_EXTI.o
 .debug_loc     0x00000000000003c8      0x330 stm32_f103c6_Drivers/stm32_f103c6_GPIO.o
 .debug_loc     0x00000000000006f8      0x458 stm32_f103c6_Drivers/stm32_f103c6_I2C.o
 .debug_loc     0x0000000000000b50      0x2bc stm32_f103c6_Drivers/stm32_f103c6_SPI.o
 .debug_loc     0x0000000000000e0c      0x334 stm32_f103c6_Drivers/stm32_f103c6_USART.o

.debug_aranges  0x0000000000000000      0x280
 .debug_aranges
                0x0000000000000000       0x30 Src/main.o
 .debug_aranges
                0x0000000000000030       0x28 Startup/startup_stm32f103c6tx.o
 .debug_aranges
                0x0000000000000058       0x80 stm32_f103c6_Drivers/stm32_f103c6_EXTI.o
 .debug_aranges
                0x00000000000000d8       0x60 stm32_f103c6_Drivers/stm32_f103c6_GPIO.o
 .debug_aranges
                0x0000000000000138       0x80 stm32_f103c6_Drivers/stm32_f103c6_I2C.o
 .debug_aranges
                0x00000000000001b8       0x58 stm32_f103c6_Drivers/stm32_f103c6_SPI.o
 .debug_aranges
                0x0000000000000210       0x70 stm32_f103c6_Drivers/stm32_f103c6_USART.o

.debug_ranges   0x0000000000000000      0x218
 .debug_ranges  0x0000000000000000       0x20 Src/main.o
 .debug_ranges  0x0000000000000020       0x20 Startup/startup_stm32f103c6tx.o
 .debug_ranges  0x0000000000000040       0x70 stm32_f103c6_Drivers/stm32_f103c6_EXTI.o
 .debug_ranges  0x00000000000000b0       0x50 stm32_f103c6_Drivers/stm32_f103c6_GPIO.o
 .debug_ranges  0x0000000000000100       0x70 stm32_f103c6_Drivers/stm32_f103c6_I2C.o
 .debug_ranges  0x0000000000000170       0x48 stm32_f103c6_Drivers/stm32_f103c6_SPI.o
 .debug_ranges  0x00000000000001b8       0x60 stm32_f103c6_Drivers/stm32_f103c6_USART.o

.debug_macro    0x0000000000000000     0x121e
 .debug_macro   0x0000000000000000      0x1bf Src/main.o
 .debug_macro   0x00000000000001bf      0x220 Src/main.o
 .debug_macro   0x00000000000003df       0xf9 Src/main.o
 .debug_macro   0x00000000000004d8       0xff Src/main.o
 .debug_macro   0x00000000000005d7       0x5e Src/main.o
 .debug_macro   0x0000000000000635       0xa0 Src/main.o
 .debug_macro   0x00000000000006d5       0x40 Src/main.o
 .debug_macro   0x0000000000000715       0x10 Src/main.o
 .debug_macro   0x0000000000000725       0x5e Src/main.o
 .debug_macro   0x0000000000000783      0x154 stm32_f103c6_Drivers/stm32_f103c6_EXTI.o
 .debug_macro   0x00000000000008d7      0x21a stm32_f103c6_Drivers/stm32_f103c6_EXTI.o
 .debug_macro   0x0000000000000af1      0x145 stm32_f103c6_Drivers/stm32_f103c6_GPIO.o
 .debug_macro   0x0000000000000c36      0x157 stm32_f103c6_Drivers/stm32_f103c6_I2C.o
 .debug_macro   0x0000000000000d8d      0x14e stm32_f103c6_Drivers/stm32_f103c6_SPI.o
 .debug_macro   0x0000000000000edb       0xf9 stm32_f103c6_Drivers/stm32_f103c6_SPI.o
 .debug_macro   0x0000000000000fd4      0x157 stm32_f103c6_Drivers/stm32_f103c6_USART.o
 .debug_macro   0x000000000000112b       0xf3 stm32_f103c6_Drivers/stm32_f103c6_USART.o

.debug_line     0x0000000000000000     0x2970
 .debug_line    0x0000000000000000      0x66a Src/main.o
 .debug_line    0x000000000000066a       0x84 Startup/startup_stm32f103c6tx.o
 .debug_line    0x00000000000006ee      0x71a stm32_f103c6_Drivers/stm32_f103c6_EXTI.o
 .debug_line    0x0000000000000e08      0x665 stm32_f103c6_Drivers/stm32_f103c6_GPIO.o
 .debug_line    0x000000000000146d      0x78d stm32_f103c6_Drivers/stm32_f103c6_I2C.o
 .debug_line    0x0000000000001bfa      0x6a1 stm32_f103c6_Drivers/stm32_f103c6_SPI.o
 .debug_line    0x000000000000229b      0x6d5 stm32_f103c6_Drivers/stm32_f103c6_USART.o

.debug_str      0x0000000000000000     0xccde
 .debug_str     0x0000000000000000     0xc357 Src/main.o
                                       0xc5cf (size before relaxing)
 .debug_str     0x000000000000c357       0x31 Startup/startup_stm32f103c6tx.o
                                         0x59 (size before relaxing)
 .debug_str     0x000000000000c388      0x1ee stm32_f103c6_Drivers/stm32_f103c6_EXTI.o
                                       0xb142 (size before relaxing)
 .debug_str     0x000000000000c576      0x105 stm32_f103c6_Drivers/stm32_f103c6_GPIO.o
                                       0x9cd3 (size before relaxing)
 .debug_str     0x000000000000c67b      0x303 stm32_f103c6_Drivers/stm32_f103c6_I2C.o
                                       0xa19a (size before relaxing)
 .debug_str     0x000000000000c97e      0x1ed stm32_f103c6_Drivers/stm32_f103c6_SPI.o
                                       0xa531 (size before relaxing)
 .debug_str     0x000000000000cb6b      0x173 stm32_f103c6_Drivers/stm32_f103c6_USART.o
                                       0xa448 (size before relaxing)

.comment        0x0000000000000000       0x7b
 .comment       0x0000000000000000       0x7b Src/main.o
                                         0x7c (size before relaxing)
 .comment       0x000000000000007b       0x7c stm32_f103c6_Drivers/stm32_f103c6_EXTI.o
 .comment       0x000000000000007b       0x7c stm32_f103c6_Drivers/stm32_f103c6_GPIO.o
 .comment       0x000000000000007b       0x7c stm32_f103c6_Drivers/stm32_f103c6_I2C.o
 .comment       0x000000000000007b       0x7c stm32_f103c6_Drivers/stm32_f103c6_SPI.o
 .comment       0x000000000000007b       0x7c stm32_f103c6_Drivers/stm32_f103c6_USART.o

.debug_frame    0x0000000000000000      0x8a0
 .debug_frame   0x0000000000000000       0x6c Src/main.o
 .debug_frame   0x000000000000006c      0x1b0 stm32_f103c6_Drivers/stm32_f103c6_EXTI.o
 .debug_frame   0x000000000000021c      0x178 stm32_f103c6_Drivers/stm32_f103c6_GPIO.o
 .debug_frame   0x0000000000000394      0x204 stm32_f103c6_Drivers/stm32_f103c6_I2C.o
 .debug_frame   0x0000000000000598      0x148 stm32_f103c6_Drivers/stm32_f103c6_SPI.o
 .debug_frame   0x00000000000006e0      0x194 stm32_f103c6_Drivers/stm32_f103c6_USART.o
 .debug_frame   0x0000000000000874       0x2c c:/st/stm32cubeide_1.4.0/stm32cubeide/plugins/com.st.stm32cube.ide.mcu.externaltools.gnu-tools-for-stm32.7-2018-q2-update.win32_1.4.0.202007081208/tools/bin/../lib/gcc/arm-none-eabi/7.3.1/../../../../arm-none-eabi/lib/thumb/v7-m\libc_nano.a(lib_a-init.o)
