Archive member included to satisfy reference by file (symbol)

c:/st/stm32cubeide_1.4.0/stm32cubeide/plugins/com.st.stm32cube.ide.mcu.externaltools.gnu-tools-for-stm32.7-2018-q2-update.win32_1.4.0.202007081208/tools/bin/../lib/gcc/arm-none-eabi/7.3.1/../../../../arm-none-eabi/lib/thumb/v7-m\libc_nano.a(lib_a-errno.o)
                              Src/syscalls.o (__errno)
c:/st/stm32cubeide_1.4.0/stm32cubeide/plugins/com.st.stm32cube.ide.mcu.externaltools.gnu-tools-for-stm32.7-2018-q2-update.win32_1.4.0.202007081208/tools/bin/../lib/gcc/arm-none-eabi/7.3.1/../../../../arm-none-eabi/lib/thumb/v7-m\libc_nano.a(lib_a-exit.o)
                              c:/st/stm32cubeide_1.4.0/stm32cubeide/plugins/com.st.stm32cube.ide.mcu.externaltools.gnu-tools-for-stm32.7-2018-q2-update.win32_1.4.0.202007081208/tools/bin/../lib/gcc/arm-none-eabi/7.3.1/../../../../arm-none-eabi/lib/thumb/v7-m/crt0.o (exit)
c:/st/stm32cubeide_1.4.0/stm32cubeide/plugins/com.st.stm32cube.ide.mcu.externaltools.gnu-tools-for-stm32.7-2018-q2-update.win32_1.4.0.202007081208/tools/bin/../lib/gcc/arm-none-eabi/7.3.1/../../../../arm-none-eabi/lib/thumb/v7-m\libc_nano.a(lib_a-impure.o)
                              c:/st/stm32cubeide_1.4.0/stm32cubeide/plugins/com.st.stm32cube.ide.mcu.externaltools.gnu-tools-for-stm32.7-2018-q2-update.win32_1.4.0.202007081208/tools/bin/../lib/gcc/arm-none-eabi/7.3.1/../../../../arm-none-eabi/lib/thumb/v7-m\libc_nano.a(lib_a-exit.o) (_global_impure_ptr)
c:/st/stm32cubeide_1.4.0/stm32cubeide/plugins/com.st.stm32cube.ide.mcu.externaltools.gnu-tools-for-stm32.7-2018-q2-update.win32_1.4.0.202007081208/tools/bin/../lib/gcc/arm-none-eabi/7.3.1/../../../../arm-none-eabi/lib/thumb/v7-m\libc_nano.a(lib_a-init.o)
                              c:/st/stm32cubeide_1.4.0/stm32cubeide/plugins/com.st.stm32cube.ide.mcu.externaltools.gnu-tools-for-stm32.7-2018-q2-update.win32_1.4.0.202007081208/tools/bin/../lib/gcc/arm-none-eabi/7.3.1/../../../../arm-none-eabi/lib/thumb/v7-m/crt0.o (__libc_init_array)
c:/st/stm32cubeide_1.4.0/stm32cubeide/plugins/com.st.stm32cube.ide.mcu.externaltools.gnu-tools-for-stm32.7-2018-q2-update.win32_1.4.0.202007081208/tools/bin/../lib/gcc/arm-none-eabi/7.3.1/../../../../arm-none-eabi/lib/thumb/v7-m\libc_nano.a(lib_a-memset.o)
                              c:/st/stm32cubeide_1.4.0/stm32cubeide/plugins/com.st.stm32cube.ide.mcu.externaltools.gnu-tools-for-stm32.7-2018-q2-update.win32_1.4.0.202007081208/tools/bin/../lib/gcc/arm-none-eabi/7.3.1/../../../../arm-none-eabi/lib/thumb/v7-m/crt0.o (memset)
c:/st/stm32cubeide_1.4.0/stm32cubeide/plugins/com.st.stm32cube.ide.mcu.externaltools.gnu-tools-for-stm32.7-2018-q2-update.win32_1.4.0.202007081208/tools/bin/../lib/gcc/arm-none-eabi/7.3.1/thumb/v7-m\libgcc.a(_arm_addsubdf3.o)
                              HAL/Servo.o (__aeabi_dadd)
c:/st/stm32cubeide_1.4.0/stm32cubeide/plugins/com.st.stm32cube.ide.mcu.externaltools.gnu-tools-for-stm32.7-2018-q2-update.win32_1.4.0.202007081208/tools/bin/../lib/gcc/arm-none-eabi/7.3.1/thumb/v7-m\libgcc.a(_arm_muldivdf3.o)
                              HAL/Servo.o (__aeabi_dmul)
c:/st/stm32cubeide_1.4.0/stm32cubeide/plugins/com.st.stm32cube.ide.mcu.externaltools.gnu-tools-for-stm32.7-2018-q2-update.win32_1.4.0.202007081208/tools/bin/../lib/gcc/arm-none-eabi/7.3.1/thumb/v7-m\libgcc.a(_arm_fixunsdfsi.o)
                              HAL/Servo.o (__aeabi_d2uiz)

Allocating common symbols
Common symbol       size              file

_E_MSP              0x4               Src/main.o
_S_PSP_TA           0x4               Src/main.o
_S_PSP_TB           0x4               Src/main.o
_E_PSP_TB           0x4               Src/main.o
pincfg_Key          0x4               HAL/Keypad.o
GP_IRQ_CALL         0x3c              stm32_f103c6_Drivers/stm32_f103c6_EXTI.o
_E_PSP_TA           0x4               Src/main.o

Discarded input sections

 .text          0x0000000000000000        0x0 c:/st/stm32cubeide_1.4.0/stm32cubeide/plugins/com.st.stm32cube.ide.mcu.externaltools.gnu-tools-for-stm32.7-2018-q2-update.win32_1.4.0.202007081208/tools/bin/../lib/gcc/arm-none-eabi/7.3.1/thumb/v7-m/crti.o
 .data          0x0000000000000000        0x0 c:/st/stm32cubeide_1.4.0/stm32cubeide/plugins/com.st.stm32cube.ide.mcu.externaltools.gnu-tools-for-stm32.7-2018-q2-update.win32_1.4.0.202007081208/tools/bin/../lib/gcc/arm-none-eabi/7.3.1/thumb/v7-m/crti.o
 .bss           0x0000000000000000        0x0 c:/st/stm32cubeide_1.4.0/stm32cubeide/plugins/com.st.stm32cube.ide.mcu.externaltools.gnu-tools-for-stm32.7-2018-q2-update.win32_1.4.0.202007081208/tools/bin/../lib/gcc/arm-none-eabi/7.3.1/thumb/v7-m/crti.o
 .data          0x0000000000000000        0x4 c:/st/stm32cubeide_1.4.0/stm32cubeide/plugins/com.st.stm32cube.ide.mcu.externaltools.gnu-tools-for-stm32.7-2018-q2-update.win32_1.4.0.202007081208/tools/bin/../lib/gcc/arm-none-eabi/7.3.1/thumb/v7-m/crtbegin.o
[...]
Memory Configuration

Name             Origin             Length             Attributes
RAM              0x0000000020000000 0x0000000000002800 xrw
ROM              0x0000000008000000 0x0000000000008000 xr
*default*        0x0000000000000000 0xffffffffffffffff

Linker script and memory map

LOAD c:/st/stm32cubeide_1.4.0/stm32cubeide/plugins/com.st.stm32cube.ide.mcu.externaltools.gnu-tools-for-stm32.7-2018-q2-update.win32_1.4.0.202007081208/tools/bin/../lib/gcc/arm-none-eabi/7.3.1/thumb/v7-m/crti.o
LOAD c:/st/stm32cubeide_1.4.0/stm32cubeide/plugins/com.st.stm32cube.ide.mcu.externaltools.gnu-tools-for-stm32.7-2018-q2-update.win32_1.4.0.202007081208/tools/bin/../lib/gcc/arm-none-eabi/7.3.1/thumb/v7-m/crtbegin.o
LOAD c:/st/stm32cubeide_1.4.0/stm32cubeide/plugins/com.st.stm32cube.ide.mcu.externaltools.gnu-tools-for-stm32.7-2018-q2-update.win32_1.4.0.202007081208/tools/bin/../lib/gcc/arm-none-eabi/7.3.1/../../../../arm-none-eabi/lib/thumb/v7-m/crt0.o
LOAD HAL/EEPROM.o
LOAD HAL/Keypad.o
LOAD HAL/LCD.o
LOAD HAL/Servo.o
LOAD Src/main.o
LOAD Src/syscalls.o
LOAD Src/sysmem.o
LOAD Startup/startup_stm32f103c6tx.o
LOAD stm32_f103c6_Drivers/delay.o
LOAD stm32_f103c6_Drivers/stm32_f103c6_ADC.o
LOAD stm32_f103c6_Drivers/stm32_f103c6_EXTI.o
LOAD stm32_f103c6_Drivers/stm32_f103c6_GPIO.o
LOAD stm32_f103c6_Drivers/stm32_f103c6_I2C.o
LOAD stm32_f103c6_Drivers/stm32_f103c6_RCC.o
LOAD stm32_f103c6_Drivers/stm32_f103c6_SPI.o
LOAD stm32_f103c6_Drivers/stm32_f103c6_TIM2_3.o
LOAD stm32_f103c6_Drivers/stm32_f103c6_USART.o
START GROUP
LOAD c:/st/stm32cubeide_1.4.0/stm32cubeide/plugins/com.st.stm32cube.ide.mcu.externaltools.gnu-tools-for-stm32.7-2018-q2-update.win32_1.4.0.202007081208/tools/bin/../lib/gcc/arm-none-eabi/7.3.1/../../../../arm-none-eabi/lib/thumb/v7-m\libc_nano.a
LOAD c:/st/stm32cubeide_1.4.0/stm32cubeide/plugins/com.st.stm32cube.ide.mcu.externaltools.gnu-tools-for-stm32.7-2018-q2-update.win32_1.4.0.202007081208/tools/bin/../lib/gcc/arm-none-eabi/7.3.1/../../../../arm-none-eabi/lib/thumb/v7-m\libm.a
END GROUP
START GROUP
LOAD c:/st/stm32cubeide_1.4.0/stm32cubeide/plugins/com.st.stm32cube.ide.mcu.externaltools.gnu-tools-for-stm32.7-2018-q2-update.win32_1.4.0.202007081208/tools/bin/../lib/gcc/arm-none-eabi/7.3.1/thumb/v7-m\libgcc.a
LOAD c:/st/stm32cubeide_1.4.0/stm32cubeide/plugins/com.st.stm32cube.ide.mcu.externaltools.gnu-tools-for-stm32.7-2018-q2-update.win32_1.4.0.202007081208/tools/bin/../lib/gcc/arm-none-eabi/7.3.1/../../../../arm-none-eabi/lib/thumb/v7-m\libg_nano.a
LOAD c:/st/stm32cubeide_1.4.0/stm32cubeide/plugins/com.st.stm32cube.ide.mcu.externaltools.gnu-tools-for-stm32.7-2018-q2-update.win32_1.4.0.202007081208/tools/bin/../lib/gcc/arm-none-eabi/7.3.1/../../../../arm-none-eabi/lib/thumb/v7-m\libc_nano.a
END GROUP
START GROUP
LOAD c:/st/stm32cubeide_1.4.0/stm32cubeide/plugins/com.st.stm32cube.ide.mcu.externaltools.gnu-tools-for-stm32.7-2018-q2-update.win32_1.4.0.202007081208/tools/bin/../lib/gcc/arm-none-eabi/7.3.1/thumb/v7-m\libgcc.a
LOAD c:/st/stm32cubeide_1.4.0/stm32cubeide/plugins/com.st.stm32cube.ide.mcu.externaltools.gnu-tools-for-stm32.7-2018-q2-update.win32_1.4.0.202007081208/tools/bin/../lib/gcc/arm-none-eabi/7.3.1/../../../../arm-none-eabi/lib/thumb/v7-m\libc_nano.a
LOAD c:/st/stm32cubeide_1.4.0/stm32cubeide/plugins/com.st.stm32cube.ide.mcu.externaltools.gnu-tools-for-stm32.7-2018-q2-update.win32_1.4.0.202007081208/tools/bin/../lib/gcc/arm-none-eabi/7.3.1/../../../../arm-none-eabi/lib/thumb/v7-m\libnosys.a
END GROUP
START GROUP
LOAD c:/st/stm32cubeide_1.4.0/stm32cubeide/plugins/com.st.stm32cube.ide.mcu.externaltools.gnu-tools-for-stm32.7-2018-q2-update.win32_1.4.0.202007081208/tools/bin/../lib/gcc/arm-none-eabi/7.3.1/thumb/v7-m\libgcc.a
LOAD c:/st/stm32cubeide_1.4.0/stm32cubeide/plugins/com.st.stm32cube.ide.mcu.externaltools.gnu-tools-for-stm32.7-2018-q2-update.win32_1.4.0.202007081208/tools/bin/../lib/gcc/arm-none-eabi/7.3.1/../../../../arm-none-eabi/lib/thumb/v7-m\libc_nano.a
LOAD c:/st/stm32cubeide_1.4.0/stm32cubeide/plugins/com.st.stm32cube.ide.mcu.externaltools.gnu-tools-for-stm32.7-2018-q2-update.win32_1.4.0.202007081208/tools/bin/../lib/gcc/arm-none-eabi/7.3.1/../../../../arm-none-eabi/lib/thumb/v7-m\libnosys.a
END GROUP
LOAD c:/st/stm32cubeide_1.4.0/stm32cubeide/plugins/com.st.stm32cube.ide.mcu.externaltools.gnu-tools-for-stm32.7-2018-q2-update.win32_1.4.0.202007081208/tools/bin/../lib/gcc/arm-none-eabi/7.3.1/thumb/v7-m/crtend.o
LOAD c:/st/stm32cubeide_1.4.0/stm32cubeide/plugins/com.st.stm32cube.ide.mcu.externaltools.gnu-tools-for-stm32.7-2018-q2-update.win32_1.4.0.202007081208/tools/bin/../lib/gcc/arm-none-eabi/7.3.1/thumb/v7-m/crtn.o
                0x0000000020002800                _estack = (ORIGIN (RAM) + LENGTH (RAM))
                0x0000000000000200                _Min_Heap_Size = 0x200
                0x0000000000000400                _Min_Stack_Size = 0x400

.isr_vector     0x0000000008000000      0x130
                0x0000000008000000                . = ALIGN (0x4)
 *(.isr_vector)
 .isr_vector    0x0000000008000000      0x130 Startup/startup_stm32f103c6tx.o
                0x0000000008000000                g_pfnVectors
                0x0000000008000130                . = ALIGN (0x4)

.text           0x0000000008000130      0x71c
                0x0000000008000130                . = ALIGN (0x4)
 *(.text)
 .text          0x0000000008000130       0x40 c:/st/stm32cubeide_1.4.0/stm32cubeide/plugins/com.st.stm32cube.ide.mcu.externaltools.gnu-tools-for-stm32.7-2018-q2-update.win32_1.4.0.202007081208/tools/bin/../lib/gcc/arm-none-eabi/7.3.1/thumb/v7-m/crtbegin.o
 *(.text*)
 .text.Clock_INIT
                0x0000000008000170       0x70 Src/main.o
                0x0000000008000170                Clock_INIT
 .text.SVC_Handler
                0x00000000080001e0       0x14 Src/main.o
                0x00000000080001e0                SVC_Handler
 .text.OS_SVC_Set
                0x00000000080001f4       0x36 Src/main.o
                0x00000000080001f4                OS_SVC_Set
 .text.OS_SV    0x000000000800022a       0x68 Src/main.o
                0x000000000800022a                OS_SV
 .text.main     0x0000000008000292       0x30 Src/main.o
                0x0000000008000292                main
 *fill*         0x00000000080002c2        0x2 
 .text.Reset_Handler
                0x00000000080002c4       0x50 Startup/startup_stm32f103c6tx.o
                0x00000000080002c4                Reset_Handler
 .text.Default_Handler
                0x0000000008000314        0x2 Startup/startup_stm32f103c6tx.o
                0x0000000008000314                TIM8_TRG_COM_IRQHandler
                0x0000000008000314                TIM8_CC_IRQHandler
                0x0000000008000314                DebugMon_Handler
                0x0000000008000314                TIM1_CC_IRQHandler
                0x0000000008000314                HardFault_Handler
                0x0000000008000314                TIM6_IRQHandler
                0x0000000008000314                SysTick_Handler
                0x0000000008000314                PVD_IRQHandler
                0x0000000008000314                SDIO_IRQHandler
                0x0000000008000314                PendSV_Handler
                0x0000000008000314                NMI_Handler
                0x0000000008000314                USB_HP_CAN_TX_IRQHandler
                0x0000000008000314                I2C2_EV_IRQHandler
                0x0000000008000314                UsageFault_Handler
                0x0000000008000314                ADC1_2_IRQHandler
                0x0000000008000314                CAN_SCE_IRQHandler
                0x0000000008000314                TAMPER_IRQHandler
                0x0000000008000314                TIM8_UP_IRQHandler
                0x0000000008000314                DMA2_Channel2_IRQHandler
                0x0000000008000314                DMA1_Channel4_IRQHandler
                0x0000000008000314                RTC_IRQHandler
                0x0000000008000314                DMA1_Channel7_IRQHandler
                0x0000000008000314                UART5_IRQHandler
                0x0000000008000314                ADC3_IRQHandler
                0x0000000008000314                TIM4_IRQHandler
                0x0000000008000314                CAN_RX1_IRQHandler
                0x0000000008000314                DMA2_Channel1_IRQHandler
                0x0000000008000314                DMA1_Channel6_IRQHandler
                0x0000000008000314                UART4_IRQHandler
                0x0000000008000314                TIM3_IRQHandler
                0x0000000008000314                RCC_IRQHandler
                0x0000000008000314                TIM1_TRG_COM_IRQHandler
                0x0000000008000314                DMA1_Channel1_IRQHandler
                0x0000000008000314                Default_Handler
                0x0000000008000314                TIM7_IRQHandler
                0x0000000008000314                TIM5_IRQHandler
                0x0000000008000314                USB_LP_CAN_RX0_IRQHandler
                0x0000000008000314                MemManage_Handler
                0x0000000008000314                DMA1_Channel5_IRQHandler
                0x0000000008000314                DMA1_Channel3_IRQHandler
                0x0000000008000314                FSMC_IRQHandler
                0x0000000008000314                TIM1_UP_IRQHandler
                0x0000000008000314                WWDG_IRQHandler
                0x0000000008000314                TIM2_IRQHandler
                0x0000000008000314                TIM1_BRK_IRQHandler
                0x0000000008000314                RTCAlarm_IRQHandler
                0x0000000008000314                DMA2_Channel4_5_IRQHandler
                0x0000000008000314                I2C2_ER_IRQHandler
                0x0000000008000314                DMA1_Channel2_IRQHandler
                0x0000000008000314                TIM8_BRK_IRQHandler
                0x0000000008000314                FLASH_IRQHandler
                0x0000000008000314                BusFault_Handler
                0x0000000008000314                SPI3_IRQHandler
                0x0000000008000314                I2C1_ER_IRQHandler
                0x0000000008000314                DMA2_Channel3_IRQHandler
 *fill*         0x0000000008000316        0x2 
 .text.EXTI0_IRQHandler
                0x0000000008000318       0x24 stm32_f103c6_Drivers/stm32_f103c6_EXTI.o
                0x0000000008000318                EXTI0_IRQHandler
 .text.EXTI1_IRQHandler
                0x000000000800033c       0x24 stm32_f103c6_Drivers/stm32_f103c6_EXTI.o
                0x000000000800033c                EXTI1_IRQHandler
 .text.EXTI2_IRQHandler
                0x0000000008000360       0x24 stm32_f103c6_Drivers/stm32_f103c6_EXTI.o
                0x0000000008000360                EXTI2_IRQHandler
 .text.EXTI3_IRQHandler
                0x0000000008000384       0x24 stm32_f103c6_Drivers/stm32_f103c6_EXTI.o
                0x0000000008000384                EXTI3_IRQHandler
 .text.EXTI4_IRQHandler
                0x00000000080003a8       0x24 stm32_f103c6_Drivers/stm32_f103c6_EXTI.o
                0x00000000080003a8                EXTI4_IRQHandler
 .text.EXTI9_5_IRQHandler
                0x00000000080003cc       0xa8 stm32_f103c6_Drivers/stm32_f103c6_EXTI.o
                0x00000000080003cc                EXTI9_5_IRQHandler
 .text.EXTI15_10_IRQHandler
                0x0000000008000474       0xc4 stm32_f103c6_Drivers/stm32_f103c6_EXTI.o
                0x0000000008000474                EXTI15_10_IRQHandler
 .text.Slave_Status
                0x0000000008000538       0xd8 stm32_f103c6_Drivers/stm32_f103c6_I2C.o
                0x0000000008000538                Slave_Status
 .text.I2C1_EV_IRQHandler
                0x0000000008000610       0xe8 stm32_f103c6_Drivers/stm32_f103c6_I2C.o
                0x0000000008000610                I2C1_EV_IRQHandler
 .text.SPI1_IRQHandler
                0x00000000080006f8       0x5c stm32_f103c6_Drivers/stm32_f103c6_SPI.o
                0x00000000080006f8                SPI1_IRQHandler
 .text.SPI2_IRQHandler
                0x0000000008000754       0x5c stm32_f103c6_Drivers/stm32_f103c6_SPI.o
                0x0000000008000754                SPI2_IRQHandler
 .text.USART1_IRQHandler
                0x00000000080007b0       0x14 stm32_f103c6_Drivers/stm32_f103c6_USART.o
                0x00000000080007b0                USART1_IRQHandler
 .text.USART2_IRQHandler
                0x00000000080007c4       0x14 stm32_f103c6_Drivers/stm32_f103c6_USART.o
                0x00000000080007c4                USART2_IRQHandler
 .text.USART3_IRQHandler
                0x00000000080007d8       0x14 stm32_f103c6_Drivers/stm32_f103c6_USART.o
                0x00000000080007d8                USART3_IRQHandler
 .text.__libc_init_array
                0x00000000080007ec       0x48 c:/st/stm32cubeide_1.4.0/stm32cubeide/plugins/com.st.stm32cube.ide.mcu.externaltools.gnu-tools-for-stm32.7-2018-q2-update.win32_1.4.0.202007081208/tools/bin/../lib/gcc/arm-none-eabi/7.3.1/../../../../arm-none-eabi/lib/thumb/v7-m\libc_nano.a(lib_a-init.o)
                0x00000000080007ec                __libc_init_array
 *(.glue_7)
 .glue_7        0x0000000008000834        0x0 linker stubs
 *(.glue_7t)
 .glue_7t       0x0000000008000834        0x0 linker stubs
 *(.eh_frame)
 .eh_frame      0x0000000008000834        0x0 c:/st/stm32cubeide_1.4.0/stm32cubeide/plugins/com.st.stm32cube.ide.mcu.externaltools.gnu-tools-for-stm32.7-2018-q2-update.win32_1.4.0.202007081208/tools/bin/../lib/gcc/arm-none-eabi/7.3.1/thumb/v7-m/crtbegin.o
 *(.init)
 .init          0x0000000008000834        0x4 c:/st/stm32cubeide_1.4.0/stm32cubeide/plugins/com.st.stm32cube.ide.mcu.externaltools.gnu-tools-for-stm32.7-2018-q2-update.win32_1.4.0.202007081208/tools/bin/../lib/gcc/arm-none-eabi/7.3.1/thumb/v7-m/crti.o
                0x0000000008000834                _init
 .init          0x0000000008000838        0x8 c:/st/stm32cubeide_1.4.0/stm32cubeide/plugins/com.st.stm32cube.ide.mcu.externaltools.gnu-tools-for-stm32.7-2018-q2-update.win32_1.4.0.202007081208/tools/bin/../lib/gcc/arm-none-eabi/7.3.1/thumb/v7-m/crtn.o
 *(.fini)
 .fini          0x0000000008000840        0x4 c:/st/stm32cubeide_1.4.0/stm32cubeide/plugins/com.st.stm32cube.ide.mcu.externaltools.gnu-tools-for-stm32.7-2018-q2-update.win32_1.4.0.202007081208/tools/bin/../lib/gcc/arm-none-eabi/7.3.1/thumb/v7-m/crti.o
                0x0000000008000840                _fini
 .fini          0x0000000008000844        0x8 c:/st/stm32cubeide_1.4.0/stm32cubeide/plugins/com.st.stm32cube.ide.mcu.externaltools.gnu-tools-for-stm32.7-2018-q2-update.win32_1.4.0.202007081208/tools/bin/../lib/gcc/arm-none-eabi/7.3.1/thumb/v7-m/crtn.o
                0x000000000800084c                . = ALIGN (0x4)
                0x000000000800084c                _etext = .

.vfp11_veneer   0x000000000800084c        0x0
 .vfp11_veneer  0x000000000800084c        0x0 linker stubs

.v4_bx          0x000000000800084c        0x0
 .v4_bx         0x000000000800084c        0x0 linker stubs

.iplt           0x000000000800084c        0x0
 .iplt          0x000000000800084c        0x0 c:/st/stm32cubeide_1.4.0/stm32cubeide/plugins/com.st.stm32cube.ide.mcu.externaltools.gnu-tools-for-stm32.7-2018-q2-update.win32_1.4.0.202007081208/tools/bin/../lib/gcc/arm-none-eabi/7.3.1/thumb/v7-m/crtbegin.o

.rel.dyn        0x000000000800084c        0x0
 .rel.iplt      0x000000000800084c        0x0 c:/st/stm32cubeide_1.4.0/stm32cubeide/plugins/com.st.stm32cube.ide.mcu.externaltools.gnu-tools-for-stm32.7-2018-q2-update.win32_1.4.0.202007081208/tools/bin/../lib/gcc/arm-none-eabi/7.3.1/thumb/v7-m/crtbegin.o

.rodata         0x000000000800084c        0x0
                0x000000000800084c                . = ALIGN (0x4)
 *(.rodata)
 *(.rodata*)
                0x000000000800084c                . = ALIGN (0x4)

.ARM.extab      0x000000000800084c        0x0
                0x000000000800084c                . = ALIGN (0x4)
 *(.ARM.extab* .gnu.linkonce.armextab.*)
                0x000000000800084c                . = ALIGN (0x4)

.ARM            0x000000000800084c        0x0
                0x000000000800084c                . = ALIGN (0x4)
                0x000000000800084c                __exidx_start = .
 *(.ARM.exidx*)
                0x000000000800084c                __exidx_end = .
                0x000000000800084c                . = ALIGN (0x4)

.preinit_array  0x000000000800084c        0x0
                0x000000000800084c                . = ALIGN (0x4)
                0x000000000800084c                PROVIDE (__preinit_array_start = .)
 *(.preinit_array*)
                0x000000000800084c                PROVIDE (__preinit_array_end = .)
                0x000000000800084c                . = ALIGN (0x4)

.init_array     0x000000000800084c        0x4
                0x000000000800084c                . = ALIGN (0x4)
                0x000000000800084c                PROVIDE (__init_array_start = .)
 *(SORT_BY_NAME(.init_array.*))
 *(.init_array*)
 .init_array    0x000000000800084c        0x4 c:/st/stm32cubeide_1.4.0/stm32cubeide/plugins/com.st.stm32cube.ide.mcu.externaltools.gnu-tools-for-stm32.7-2018-q2-update.win32_1.4.0.202007081208/tools/bin/../lib/gcc/arm-none-eabi/7.3.1/thumb/v7-m/crtbegin.o
                0x0000000008000850                PROVIDE (__init_array_end = .)
                0x0000000008000850                . = ALIGN (0x4)

.fini_array     0x0000000008000850        0x4
                0x0000000008000850                . = ALIGN (0x4)
                [!provide]                        PROVIDE (__fini_array_start = .)
 *(SORT_BY_NAME(.fini_array.*))
 *(.fini_array*)
 .fini_array    0x0000000008000850        0x4 c:/st/stm32cubeide_1.4.0/stm32cubeide/plugins/com.st.stm32cube.ide.mcu.externaltools.gnu-tools-for-stm32.7-2018-q2-update.win32_1.4.0.202007081208/tools/bin/../lib/gcc/arm-none-eabi/7.3.1/thumb/v7-m/crtbegin.o
                [!provide]                        PROVIDE (__fini_array_end = .)
                0x0000000008000854                . = ALIGN (0x4)
                0x0000000008000854                _sidata = LOADADDR (.data)

.data           0x0000000020000000        0x0 load address 0x0000000008000854
                0x0000000020000000                . = ALIGN (0x4)
                0x0000000020000000                _sdata = .
 *(.data)
 *(.data*)
                0x0000000020000000                . = ALIGN (0x4)
                0x0000000020000000                _edata = .

.igot.plt       0x0000000020000000        0x0 load address 0x0000000008000854
 .igot.plt      0x0000000020000000        0x0 c:/st/stm32cubeide_1.4.0/stm32cubeide/plugins/com.st.stm32cube.ide.mcu.externaltools.gnu-tools-for-stm32.7-2018-q2-update.win32_1.4.0.202007081208/tools/bin/../lib/gcc/arm-none-eabi/7.3.1/thumb/v7-m/crtbegin.o
                0x0000000020000000                . = ALIGN (0x4)

.bss            0x0000000020000000       0xa4 load address 0x0000000008000854
                0x0000000020000000                _sbss = .
                0x0000000020000000                __bss_start__ = _sbss
 *(.bss)
 .bss           0x0000000020000000       0x1c c:/st/stm32cubeide_1.4.0/stm32cubeide/plugins/com.st.stm32cube.ide.mcu.externaltools.gnu-tools-for-stm32.7-2018-q2-update.win32_1.4.0.202007081208/tools/bin/../lib/gcc/arm-none-eabi/7.3.1/thumb/v7-m/crtbegin.o
 *(.bss*)
 .bss.g_I2C_Config
                0x000000002000001c       0x38 stm32_f103c6_Drivers/stm32_f103c6_I2C.o
                0x000000002000001c                g_I2C_Config
 .bss.g_SPI_Config
                0x0000000020000054        0x8 stm32_f103c6_Drivers/stm32_f103c6_SPI.o
                0x0000000020000054                g_SPI_Config
 .bss.g_USART_Config
                0x000000002000005c        0xc stm32_f103c6_Drivers/stm32_f103c6_USART.o
                0x000000002000005c                g_USART_Config
 *(COMMON)
 COMMON         0x0000000020000068       0x3c stm32_f103c6_Drivers/stm32_f103c6_EXTI.o
                0x0000000020000068                GP_IRQ_CALL
                0x00000000200000a4                . = ALIGN (0x4)
                0x00000000200000a4                _ebss = .
                0x00000000200000a4                __bss_end__ = _ebss

._user_heap_stack
                0x00000000200000a4      0x604 load address 0x0000000008000854
                0x00000000200000a8                . = ALIGN (0x8)
 *fill*         0x00000000200000a4        0x4 
                [!provide]                        PROVIDE (end = .)
                0x00000000200000a8                PROVIDE (_end = .)
                0x00000000200002a8                . = (. + _Min_Heap_Size)
 *fill*         0x00000000200000a8      0x200 
                0x00000000200006a8                . = (. + _Min_Stack_Size)
 *fill*         0x00000000200002a8      0x400 
                0x00000000200006a8                . = ALIGN (0x8)

/DISCARD/
 libc.a(*)
 libm.a(*)
 libgcc.a(*)

.ARM.attributes
                0x0000000000000000       0x29
 *(.ARM.attributes)
 .ARM.attributes
                0x0000000000000000       0x1d c:/st/stm32cubeide_1.4.0/stm32cubeide/plugins/com.st.stm32cube.ide.mcu.externaltools.gnu-tools-for-stm32.7-2018-q2-update.win32_1.4.0.202007081208/tools/bin/../lib/gcc/arm-none-eabi/7.3.1/thumb/v7-m/crti.o
 .ARM.attributes
                0x000000000000001d       0x2d c:/st/stm32cubeide_1.4.0/stm32cubeide/plugins/com.st.stm32cube.ide.mcu.externaltools.gnu-tools-for-stm32.7-2018-q2-update.win32_1.4.0.202007081208/tools/bin/../lib/gcc/arm-none-eabi/7.3.1/thumb/v7-m/crtbegin.o
 .ARM.attributes
                0x000000000000004a       0x33 Src/main.o
 .ARM.attributes
                0x000000000000007d       0x21 Startup/startup_stm32f103c6tx.o
 .ARM.attributes
                0x000000000000009e       0x33 stm32_f103c6_Drivers/stm32_f103c6_EXTI.o
 .ARM.attributes
                0x00000000000000d1       0x33 stm32_f103c6_Drivers/stm32_f103c6_I2C.o
 .ARM.attributes
                0x0000000000000104       0x33 stm32_f103c6_Drivers/stm32_f103c6_SPI.o
 .ARM.attributes
                0x0000000000000137       0x33 stm32_f103c6_Drivers/stm32_f103c6_USART.o
 .ARM.attributes
                0x000000000000016a       0x2d c:/st/stm32cubeide_1.4.0/stm32cubeide/plugins/com.st.stm32cube.ide.mcu.externaltools.gnu-tools-for-stm32.7-2018-q2-update.win32_1.4.0.202007081208/tools/bin/../lib/gcc/arm-none-eabi/7.3.1/../../../../arm-none-eabi/lib/thumb/v7-m\libc_nano.a(lib_a-init.o)
 .ARM.attributes
                0x0000000000000197       0x1d c:/st/stm32cubeide_1.4.0/stm32cubeide/plugins/com.st.stm32cube.ide.mcu.externaltools.gnu-tools-for-stm32.7-2018-q2-update.win32_1.4.0.202007081208/tools/bin/../lib/gcc/arm-none-eabi/7.3.1/thumb/v7-m/crtn.o
OUTPUT(Drivers.axf elf32-littlearm)

.debug_info     0x0000000000000000     0x4928
 .debug_info    0x0000000000000000      0xc36 Src/main.o
 .debug_info    0x0000000000000c36       0x22 Startup/startup_stm32f103c6tx.o
 .debug_info    0x0000000000000c58      0xdbe stm32_f103c6_Drivers/stm32_f103c6_EXTI.o
 .debug_info    0x0000000000001a16     0x116e stm32_f103c6_Drivers/stm32_f103c6_I2C.o
 .debug_info    0x0000000000002b84      0xef9 stm32_f103c6_Drivers/stm32_f103c6_SPI.o
 .debug_info    0x0000000000003a7d      0xeab stm32_f103c6_Drivers/stm32_f103c6_USART.o

.debug_abbrev   0x0000000000000000      0xbb5
 .debug_abbrev  0x0000000000000000      0x216 Src/main.o
 .debug_abbrev  0x0000000000000216       0x12 Startup/startup_stm32f103c6tx.o
 .debug_abbrev  0x0000000000000228      0x219 stm32_f103c6_Drivers/stm32_f103c6_EXTI.o
 .debug_abbrev  0x0000000000000441      0x2b4 stm32_f103c6_Drivers/stm32_f103c6_I2C.o
 .debug_abbrev  0x00000000000006f5      0x269 stm32_f103c6_Drivers/stm32_f103c6_SPI.o
 .debug_abbrev  0x000000000000095e      0x257 stm32_f103c6_Drivers/stm32_f103c6_USART.o

.debug_loc      0x0000000000000000      0xe9c
 .debug_loc     0x0000000000000000      0x134 Src/main.o
 .debug_loc     0x0000000000000134      0x320 stm32_f103c6_Drivers/stm32_f103c6_EXTI.o
 .debug_loc     0x0000000000000454      0x458 stm32_f103c6_Drivers/stm32_f103c6_I2C.o
 .debug_loc     0x00000000000008ac      0x2bc stm32_f103c6_Drivers/stm32_f103c6_SPI.o
 .debug_loc     0x0000000000000b68      0x334 stm32_f103c6_Drivers/stm32_f103c6_USART.o

.debug_aranges  0x0000000000000000      0x230
 .debug_aranges
                0x0000000000000000       0x40 Src/main.o
 .debug_aranges
                0x0000000000000040       0x28 Startup/startup_stm32f103c6tx.o
 .debug_aranges
                0x0000000000000068       0x80 stm32_f103c6_Drivers/stm32_f103c6_EXTI.o
 .debug_aranges
                0x00000000000000e8       0x80 stm32_f103c6_Drivers/stm32_f103c6_I2C.o
 .debug_aranges
                0x0000000000000168       0x58 stm32_f103c6_Drivers/stm32_f103c6_SPI.o
 .debug_aranges
                0x00000000000001c0       0x70 stm32_f103c6_Drivers/stm32_f103c6_USART.o

.debug_ranges   0x0000000000000000      0x1d8
 .debug_ranges  0x0000000000000000       0x30 Src/main.o
 .debug_ranges  0x0000000000000030       0x20 Startup/startup_stm32f103c6tx.o
 .debug_ranges  0x0000000000000050       0x70 stm32_f103c6_Drivers/stm32_f103c6_EXTI.o
 .debug_ranges  0x00000000000000c0       0x70 stm32_f103c6_Drivers/stm32_f103c6_I2C.o
 .debug_ranges  0x0000000000000130       0x48 stm32_f103c6_Drivers/stm32_f103c6_SPI.o
 .debug_ranges  0x0000000000000178       0x60 stm32_f103c6_Drivers/stm32_f103c6_USART.o

.debug_macro    0x0000000000000000     0x2405
 .debug_macro   0x0000000000000000      0x23a Src/main.o
 .debug_macro   0x000000000000023a       0x28 Src/main.o
 .debug_macro   0x0000000000000262       0x1c Src/main.o
 .debug_macro   0x000000000000027e       0x22 Src/main.o
 .debug_macro   0x00000000000002a0       0xe5 Src/main.o
 .debug_macro   0x0000000000000385      0xe3c Src/main.o
 .debug_macro   0x00000000000011c1      0x32a Src/main.o
 .debug_macro   0x00000000000014eb      0x220 Src/main.o
 .debug_macro   0x000000000000170b       0xf9 Src/main.o
 .debug_macro   0x0000000000001804       0xff Src/main.o
 .debug_macro   0x0000000000001903       0x5e Src/main.o
 .debug_macro   0x0000000000001961       0xa0 Src/main.o
 .debug_macro   0x0000000000001a01       0x40 Src/main.o
 .debug_macro   0x0000000000001a41       0x10 Src/main.o
 .debug_macro   0x0000000000001a51       0x5e Src/main.o
 .debug_macro   0x0000000000001aaf      0x154 stm32_f103c6_Drivers/stm32_f103c6_EXTI.o
 .debug_macro   0x0000000000001c03      0x21a stm32_f103c6_Drivers/stm32_f103c6_EXTI.o
 .debug_macro   0x0000000000001e1d      0x157 stm32_f103c6_Drivers/stm32_f103c6_I2C.o
 .debug_macro   0x0000000000001f74      0x14e stm32_f103c6_Drivers/stm32_f103c6_SPI.o
 .debug_macro   0x00000000000020c2       0xf9 stm32_f103c6_Drivers/stm32_f103c6_SPI.o
 .debug_macro   0x00000000000021bb      0x157 stm32_f103c6_Drivers/stm32_f103c6_USART.o
 .debug_macro   0x0000000000002312       0xf3 stm32_f103c6_Drivers/stm32_f103c6_USART.o

.debug_line     0x0000000000000000     0x23d0
 .debug_line    0x0000000000000000      0x72f Src/main.o
 .debug_line    0x000000000000072f       0x84 Startup/startup_stm32f103c6tx.o
 .debug_line    0x00000000000007b3      0x71a stm32_f103c6_Drivers/stm32_f103c6_EXTI.o
 .debug_line    0x0000000000000ecd      0x78d stm32_f103c6_Drivers/stm32_f103c6_I2C.o
 .debug_line    0x000000000000165a      0x6a1 stm32_f103c6_Drivers/stm32_f103c6_SPI.o
 .debug_line    0x0000000000001cfb      0x6d5 stm32_f103c6_Drivers/stm32_f103c6_USART.o

.debug_str      0x0000000000000000    0x126cf
 .debug_str     0x0000000000000000    0x11d65 Src/main.o
                                      0x11fdb (size before relaxing)
 .debug_str     0x0000000000011d65       0x31 Startup/startup_stm32f103c6tx.o
                                         0x59 (size before relaxing)
 .debug_str     0x0000000000011d96      0x2d6 stm32_f103c6_Drivers/stm32_f103c6_EXTI.o
                                       0xb142 (size before relaxing)
 .debug_str     0x000000000001206c      0x303 stm32_f103c6_Drivers/stm32_f103c6_I2C.o
                                       0xa19a (size before relaxing)
 .debug_str     0x000000000001236f      0x1ed stm32_f103c6_Drivers/stm32_f103c6_SPI.o
                                       0xa531 (size before relaxing)
 .debug_str     0x000000000001255c      0x173 stm32_f103c6_Drivers/stm32_f103c6_USART.o
                                       0xa448 (size before relaxing)

.comment        0x0000000000000000       0x7b
 .comment       0x0000000000000000       0x7b Src/main.o
                                         0x7c (size before relaxing)
 .comment       0x000000000000007b       0x7c stm32_f103c6_Drivers/stm32_f103c6_EXTI.o
 .comment       0x000000000000007b       0x7c stm32_f103c6_Drivers/stm32_f103c6_I2C.o
 .comment       0x000000000000007b       0x7c stm32_f103c6_Drivers/stm32_f103c6_SPI.o
 .comment       0x000000000000007b       0x7c stm32_f103c6_Drivers/stm32_f103c6_USART.o

.debug_frame    0x0000000000000000      0x76c
 .debug_frame   0x0000000000000000       0xb0 Src/main.o
 .debug_frame   0x00000000000000b0      0x1b0 stm32_f103c6_Drivers/stm32_f103c6_EXTI.o
 .debug_frame   0x0000000000000260      0x204 stm32_f103c6_Drivers/stm32_f103c6_I2C.o
 .debug_frame   0x0000000000000464      0x148 stm32_f103c6_Drivers/stm32_f103c6_SPI.o
 .debug_frame   0x00000000000005ac      0x194 stm32_f103c6_Drivers/stm32_f103c6_USART.o
 .debug_frame   0x0000000000000740       0x2c c:/st/stm32cubeide_1.4.0/stm32cubeide/plugins/com.st.stm32cube.ide.mcu.externaltools.gnu-tools-for-stm32.7-2018-q2-update.win32_1.4.0.202007081208/tools/bin/../lib/gcc/arm-none-eabi/7.3.1/../../../../arm-none-eabi/lib/thumb/v7-m\libc_nano.a(lib_a-init.o)
