
Memory Configuration

Name             Origin             Length             Attributes
flash            0x00000000         0x20000000         xr
sram             0x20000000         0x20000000         xrw
*default*        0x00000000         0xffffffff

Linker script and memory map


.text           0x00000000      0x12c
 *(.vectors*)
 .vectors       0x00000000       0x10 startup.o
                0x00000000                g_p_fn_vectors
 *(.text*)
 .text          0x00000010       0x8c main.o
                0x00000010                main
 .text          0x0000009c       0x90 startup.o
                0x0000009c                h_fault_handler
                0x0000009c                default_handler
                0x0000009c                nmi_handler
                0x000000a8                reset_handler
 *(.rodata)
                0x0000012c                _E_TEXT = .

.glue_7         0x0000012c        0x0
 .glue_7        0x0000012c        0x0 linker stubs

.glue_7t        0x0000012c        0x0
 .glue_7t       0x0000012c        0x0 linker stubs

.vfp11_veneer   0x0000012c        0x0
 .vfp11_veneer  0x0000012c        0x0 linker stubs

.v4_bx          0x0000012c        0x0
 .v4_bx         0x0000012c        0x0 linker stubs

.iplt           0x0000012c        0x0
 .iplt          0x0000012c        0x0 main.o

.rel.dyn        0x0000012c        0x0
 .rel.iplt      0x0000012c        0x0 main.o

.data           0x20000000        0x0 load address 0x0000012c
                0x20000000                _S_DATA = .
 *(.data)
 .data          0x20000000        0x0 main.o
 .data          0x20000000        0x0 startup.o
                0x20000000                _E_DATA = .
                0x20000000                . = ALIGN (0x4)

.igot.plt       0x20000000        0x0 load address 0x0000012c
 .igot.plt      0x20000000        0x0 main.o

.bss            0x20000000      0x400 load address 0x0000012c
                0x20000000                _S_BSS = .
 *(.bss*)
 .bss           0x20000000        0x0 main.o
 .bss           0x20000000      0x400 startup.o
                0x20000400                _E_BSS = .
LOAD main.o
LOAD startup.o
OUTPUT(unit_3_lab_3_cortex_m4.elf elf32-littlearm)

.debug_info     0x00000000      0x2d3
 .debug_info    0x00000000      0x10d main.o
 .debug_info    0x0000010d      0x1c6 startup.o

.debug_abbrev   0x00000000      0x166
 .debug_abbrev  0x00000000       0x7b main.o
 .debug_abbrev  0x0000007b       0xeb startup.o

.debug_loc      0x00000000       0xb4
 .debug_loc     0x00000000       0x38 main.o
 .debug_loc     0x00000038       0x7c startup.o

.debug_aranges  0x00000000       0x40
 .debug_aranges
                0x00000000       0x20 main.o
 .debug_aranges
                0x00000020       0x20 startup.o

.debug_line     0x00000000       0xf2
 .debug_line    0x00000000       0x75 main.o
 .debug_line    0x00000075       0x7d startup.o

.debug_str      0x00000000      0x1ac
 .debug_str     0x00000000      0x126 main.o
                                0x16a (size before relaxing)
 .debug_str     0x00000126       0x86 startup.o
                                0x1da (size before relaxing)

.comment        0x00000000       0x7e
 .comment       0x00000000       0x7e main.o
                                 0x7f (size before relaxing)
 .comment       0x0000007e       0x7f startup.o

.ARM.attributes
                0x00000000       0x33
 .ARM.attributes
                0x00000000       0x33 main.o
 .ARM.attributes
                0x00000033       0x33 startup.o

.debug_frame    0x00000000       0x7c
 .debug_frame   0x00000000       0x2c main.o
 .debug_frame   0x0000002c       0x50 startup.o
